Archive member included to satisfy reference by file (symbol)

C:/ST/STM32CubeIDE_1.15.1/STM32CubeIDE/plugins/com.st.stm32cube.ide.mcu.externaltools.gnu-tools-for-stm32.13.3.rel1.win32_1.0.0.202411081344/tools/bin/../lib/gcc/arm-none-eabi/13.3.1/../../../../arm-none-eabi/lib/thumb/v7e-m+dp/hard\libc_nano.a(libc_a-exit.o)
                              C:/ST/STM32CubeIDE_1.15.1/STM32CubeIDE/plugins/com.st.stm32cube.ide.mcu.externaltools.gnu-tools-for-stm32.13.3.rel1.win32_1.0.0.202411081344/tools/bin/../lib/gcc/arm-none-eabi/13.3.1/../../../../arm-none-eabi/lib/thumb/v7e-m+dp/hard/crt0.o (exit)
C:/ST/STM32CubeIDE_1.15.1/STM32CubeIDE/plugins/com.st.stm32cube.ide.mcu.externaltools.gnu-tools-for-stm32.13.3.rel1.win32_1.0.0.202411081344/tools/bin/../lib/gcc/arm-none-eabi/13.3.1/../../../../arm-none-eabi/lib/thumb/v7e-m+dp/hard\libc_nano.a(libc_a-findfp.o)
                              ./Middlewares/Third_Party/FreeRTOS/Source/tasks.o (__sf)
C:/ST/STM32CubeIDE_1.15.1/STM32CubeIDE/plugins/com.st.stm32cube.ide.mcu.externaltools.gnu-tools-for-stm32.13.3.rel1.win32_1.0.0.202411081344/tools/bin/../lib/gcc/arm-none-eabi/13.3.1/../../../../arm-none-eabi/lib/thumb/v7e-m+dp/hard\libc_nano.a(libc_a-fwalk.o)
                              C:/ST/STM32CubeIDE_1.15.1/STM32CubeIDE/plugins/com.st.stm32cube.ide.mcu.externaltools.gnu-tools-for-stm32.13.3.rel1.win32_1.0.0.202411081344/tools/bin/../lib/gcc/arm-none-eabi/13.3.1/../../../../arm-none-eabi/lib/thumb/v7e-m+dp/hard\libc_nano.a(libc_a-findfp.o) (_fwalk_sglue)
C:/ST/STM32CubeIDE_1.15.1/STM32CubeIDE/plugins/com.st.stm32cube.ide.mcu.externaltools.gnu-tools-for-stm32.13.3.rel1.win32_1.0.0.202411081344/tools/bin/../lib/gcc/arm-none-eabi/13.3.1/../../../../arm-none-eabi/lib/thumb/v7e-m+dp/hard\libc_nano.a(libc_a-stdio.o)
                              C:/ST/STM32CubeIDE_1.15.1/STM32CubeIDE/plugins/com.st.stm32cube.ide.mcu.externaltools.gnu-tools-for-stm32.13.3.rel1.win32_1.0.0.202411081344/tools/bin/../lib/gcc/arm-none-eabi/13.3.1/../../../../arm-none-eabi/lib/thumb/v7e-m+dp/hard\libc_nano.a(libc_a-findfp.o) (__sread)
C:/ST/STM32CubeIDE_1.15.1/STM32CubeIDE/plugins/com.st.stm32cube.ide.mcu.externaltools.gnu-tools-for-stm32.13.3.rel1.win32_1.0.0.202411081344/tools/bin/../lib/gcc/arm-none-eabi/13.3.1/../../../../arm-none-eabi/lib/thumb/v7e-m+dp/hard\libc_nano.a(libc_a-memset.o)
                              C:/ST/STM32CubeIDE_1.15.1/STM32CubeIDE/plugins/com.st.stm32cube.ide.mcu.externaltools.gnu-tools-for-stm32.13.3.rel1.win32_1.0.0.202411081344/tools/bin/../lib/gcc/arm-none-eabi/13.3.1/../../../../arm-none-eabi/lib/thumb/v7e-m+dp/hard/crt0.o (memset)
C:/ST/STM32CubeIDE_1.15.1/STM32CubeIDE/plugins/com.st.stm32cube.ide.mcu.externaltools.gnu-tools-for-stm32.13.3.rel1.win32_1.0.0.202411081344/tools/bin/../lib/gcc/arm-none-eabi/13.3.1/../../../../arm-none-eabi/lib/thumb/v7e-m+dp/hard\libc_nano.a(libc_a-closer.o)
                              C:/ST/STM32CubeIDE_1.15.1/STM32CubeIDE/plugins/com.st.stm32cube.ide.mcu.externaltools.gnu-tools-for-stm32.13.3.rel1.win32_1.0.0.202411081344/tools/bin/../lib/gcc/arm-none-eabi/13.3.1/../../../../arm-none-eabi/lib/thumb/v7e-m+dp/hard\libc_nano.a(libc_a-stdio.o) (_close_r)
C:/ST/STM32CubeIDE_1.15.1/STM32CubeIDE/plugins/com.st.stm32cube.ide.mcu.externaltools.gnu-tools-for-stm32.13.3.rel1.win32_1.0.0.202411081344/tools/bin/../lib/gcc/arm-none-eabi/13.3.1/../../../../arm-none-eabi/lib/thumb/v7e-m+dp/hard\libc_nano.a(libc_a-reent.o)
                              ./Middlewares/Third_Party/FreeRTOS/Source/tasks.o (_reclaim_reent)
C:/ST/STM32CubeIDE_1.15.1/STM32CubeIDE/plugins/com.st.stm32cube.ide.mcu.externaltools.gnu-tools-for-stm32.13.3.rel1.win32_1.0.0.202411081344/tools/bin/../lib/gcc/arm-none-eabi/13.3.1/../../../../arm-none-eabi/lib/thumb/v7e-m+dp/hard\libc_nano.a(libc_a-impure.o)
                              ./Middlewares/Third_Party/FreeRTOS/Source/tasks.o (_impure_ptr)
C:/ST/STM32CubeIDE_1.15.1/STM32CubeIDE/plugins/com.st.stm32cube.ide.mcu.externaltools.gnu-tools-for-stm32.13.3.rel1.win32_1.0.0.202411081344/tools/bin/../lib/gcc/arm-none-eabi/13.3.1/../../../../arm-none-eabi/lib/thumb/v7e-m+dp/hard\libc_nano.a(libc_a-lseekr.o)
                              C:/ST/STM32CubeIDE_1.15.1/STM32CubeIDE/plugins/com.st.stm32cube.ide.mcu.externaltools.gnu-tools-for-stm32.13.3.rel1.win32_1.0.0.202411081344/tools/bin/../lib/gcc/arm-none-eabi/13.3.1/../../../../arm-none-eabi/lib/thumb/v7e-m+dp/hard\libc_nano.a(libc_a-stdio.o) (_lseek_r)
C:/ST/STM32CubeIDE_1.15.1/STM32CubeIDE/plugins/com.st.stm32cube.ide.mcu.externaltools.gnu-tools-for-stm32.13.3.rel1.win32_1.0.0.202411081344/tools/bin/../lib/gcc/arm-none-eabi/13.3.1/../../../../arm-none-eabi/lib/thumb/v7e-m+dp/hard\libc_nano.a(libc_a-readr.o)
[...]
Memory Configuration

Name             Origin             Length             Attributes
ITCMRAM          0x00000000         0x00010000         xrw
DTCMRAM          0x20000000         0x00020000         xrw
FLASH            0x08000000         0x00100000         xr
RAM_D1           0x24000000         0x00050000         xrw
RAM_D2           0x30000000         0x00008000         xrw
RAM_D3           0x38000000         0x00004000         xrw
*default*        0x00000000         0xffffffff

Linker script and memory map

LOAD C:/ST/STM32CubeIDE_1.15.1/STM32CubeIDE/plugins/com.st.stm32cube.ide.mcu.externaltools.gnu-tools-for-stm32.13.3.rel1.win32_1.0.0.202411081344/tools/bin/../lib/gcc/arm-none-eabi/13.3.1/thumb/v7e-m+dp/hard/crti.o
LOAD C:/ST/STM32CubeIDE_1.15.1/STM32CubeIDE/plugins/com.st.stm32cube.ide.mcu.externaltools.gnu-tools-for-stm32.13.3.rel1.win32_1.0.0.202411081344/tools/bin/../lib/gcc/arm-none-eabi/13.3.1/thumb/v7e-m+dp/hard/crtbegin.o
LOAD C:/ST/STM32CubeIDE_1.15.1/STM32CubeIDE/plugins/com.st.stm32cube.ide.mcu.externaltools.gnu-tools-for-stm32.13.3.rel1.win32_1.0.0.202411081344/tools/bin/../lib/gcc/arm-none-eabi/13.3.1/../../../../arm-none-eabi/lib/thumb/v7e-m+dp/hard/crt0.o
LOAD ./Algo/Src/MahonyAHRS.o
LOAD ./BSP/Src/BMI088Middleware.o
LOAD ./BSP/Src/BMI088driver.o
LOAD ./BSP/Src/bsp_fdcan.o
LOAD ./BSP/Src/buzzer.o
LOAD ./BSP/Src/j60_10.o
LOAD ./BSP/Src/uart_bsp.o
LOAD ./Core/Src/dma.o
LOAD ./Core/Src/fdcan.o
LOAD ./Core/Src/freertos.o
LOAD ./Core/Src/gpio.o
LOAD ./Core/Src/main.o
LOAD ./Core/Src/spi.o
LOAD ./Core/Src/stm32h7xx_hal_msp.o
LOAD ./Core/Src/stm32h7xx_hal_timebase_tim.o
LOAD ./Core/Src/stm32h7xx_it.o
LOAD ./Core/Src/syscalls.o
LOAD ./Core/Src/sysmem.o
LOAD ./Core/Src/system_stm32h7xx.o
LOAD ./Core/Src/tim.o
LOAD ./Core/Src/usart.o
LOAD ./Core/Startup/startup_stm32h723vgtx.o
LOAD ./Drivers/STM32H7xx_HAL_Driver/Src/stm32h7xx_hal.o
LOAD ./Drivers/STM32H7xx_HAL_Driver/Src/stm32h7xx_hal_cortex.o
LOAD ./Drivers/STM32H7xx_HAL_Driver/Src/stm32h7xx_hal_dma.o
LOAD ./Drivers/STM32H7xx_HAL_Driver/Src/stm32h7xx_hal_dma_ex.o
LOAD ./Drivers/STM32H7xx_HAL_Driver/Src/stm32h7xx_hal_exti.o
LOAD ./Drivers/STM32H7xx_HAL_Driver/Src/stm32h7xx_hal_fdcan.o
LOAD ./Drivers/STM32H7xx_HAL_Driver/Src/stm32h7xx_hal_flash.o
LOAD ./Drivers/STM32H7xx_HAL_Driver/Src/stm32h7xx_hal_flash_ex.o
LOAD ./Drivers/STM32H7xx_HAL_Driver/Src/stm32h7xx_hal_gpio.o
LOAD ./Drivers/STM32H7xx_HAL_Driver/Src/stm32h7xx_hal_hsem.o
LOAD ./Drivers/STM32H7xx_HAL_Driver/Src/stm32h7xx_hal_i2c.o
LOAD ./Drivers/STM32H7xx_HAL_Driver/Src/stm32h7xx_hal_i2c_ex.o
LOAD ./Drivers/STM32H7xx_HAL_Driver/Src/stm32h7xx_hal_mdma.o
LOAD ./Drivers/STM32H7xx_HAL_Driver/Src/stm32h7xx_hal_pwr.o
LOAD ./Drivers/STM32H7xx_HAL_Driver/Src/stm32h7xx_hal_pwr_ex.o
LOAD ./Drivers/STM32H7xx_HAL_Driver/Src/stm32h7xx_hal_rcc.o
LOAD ./Drivers/STM32H7xx_HAL_Driver/Src/stm32h7xx_hal_rcc_ex.o
LOAD ./Drivers/STM32H7xx_HAL_Driver/Src/stm32h7xx_hal_spi.o
LOAD ./Drivers/STM32H7xx_HAL_Driver/Src/stm32h7xx_hal_spi_ex.o
LOAD ./Drivers/STM32H7xx_HAL_Driver/Src/stm32h7xx_hal_tim.o
LOAD ./Drivers/STM32H7xx_HAL_Driver/Src/stm32h7xx_hal_tim_ex.o
LOAD ./Drivers/STM32H7xx_HAL_Driver/Src/stm32h7xx_hal_uart.o
LOAD ./Drivers/STM32H7xx_HAL_Driver/Src/stm32h7xx_hal_uart_ex.o
LOAD ./Middlewares/Third_Party/FreeRTOS/Source/CMSIS_RTOS/cmsis_os.o
LOAD ./Middlewares/Third_Party/FreeRTOS/Source/croutine.o
LOAD ./Middlewares/Third_Party/FreeRTOS/Source/event_groups.o
LOAD ./Middlewares/Third_Party/FreeRTOS/Source/list.o
LOAD ./Middlewares/Third_Party/FreeRTOS/Source/queue.o
LOAD ./Middlewares/Third_Party/FreeRTOS/Source/stream_buffer.o
LOAD ./Middlewares/Third_Party/FreeRTOS/Source/tasks.o
LOAD ./Middlewares/Third_Party/FreeRTOS/Source/timers.o
LOAD ./Middlewares/Third_Party/FreeRTOS/Source/portable/GCC/ARM_CM4F/port.o
LOAD ./Middlewares/Third_Party/FreeRTOS/Source/portable/MemMang/heap_4.o
LOAD ./User/Src/buzzer_task.o
LOAD ./User/Src/dji_ndj_remote.o
LOAD ./User/Src/gm_6020.o
LOAD ./User/Src/imu_task.o
LOAD ./User/Src/j60_10motor_task.o
LOAD ./User/Src/pc_mcu_uart.o
START GROUP
LOAD C:/ST/STM32CubeIDE_1.15.1/STM32CubeIDE/plugins/com.st.stm32cube.ide.mcu.externaltools.gnu-tools-for-stm32.13.3.rel1.win32_1.0.0.202411081344/tools/bin/../lib/gcc/arm-none-eabi/13.3.1/../../../../arm-none-eabi/lib/thumb/v7e-m+dp/hard\libc_nano.a
LOAD C:/ST/STM32CubeIDE_1.15.1/STM32CubeIDE/plugins/com.st.stm32cube.ide.mcu.externaltools.gnu-tools-for-stm32.13.3.rel1.win32_1.0.0.202411081344/tools/bin/../lib/gcc/arm-none-eabi/13.3.1/../../../../arm-none-eabi/lib/thumb/v7e-m+dp/hard\libm.a
END GROUP
START GROUP
LOAD C:/ST/STM32CubeIDE_1.15.1/STM32CubeIDE/plugins/com.st.stm32cube.ide.mcu.externaltools.gnu-tools-for-stm32.13.3.rel1.win32_1.0.0.202411081344/tools/bin/../lib/gcc/arm-none-eabi/13.3.1/thumb/v7e-m+dp/hard\libgcc.a
LOAD C:/ST/STM32CubeIDE_1.15.1/STM32CubeIDE/plugins/com.st.stm32cube.ide.mcu.externaltools.gnu-tools-for-stm32.13.3.rel1.win32_1.0.0.202411081344/tools/bin/../lib/gcc/arm-none-eabi/13.3.1/../../../../arm-none-eabi/lib/thumb/v7e-m+dp/hard\libc_nano.a
END GROUP
START GROUP
LOAD C:/ST/STM32CubeIDE_1.15.1/STM32CubeIDE/plugins/com.st.stm32cube.ide.mcu.externaltools.gnu-tools-for-stm32.13.3.rel1.win32_1.0.0.202411081344/tools/bin/../lib/gcc/arm-none-eabi/13.3.1/thumb/v7e-m+dp/hard\libgcc.a
LOAD C:/ST/STM32CubeIDE_1.15.1/STM32CubeIDE/plugins/com.st.stm32cube.ide.mcu.externaltools.gnu-tools-for-stm32.13.3.rel1.win32_1.0.0.202411081344/tools/bin/../lib/gcc/arm-none-eabi/13.3.1/../../../../arm-none-eabi/lib/thumb/v7e-m+dp/hard\libc_nano.a
LOAD C:/ST/STM32CubeIDE_1.15.1/STM32CubeIDE/plugins/com.st.stm32cube.ide.mcu.externaltools.gnu-tools-for-stm32.13.3.rel1.win32_1.0.0.202411081344/tools/bin/../lib/gcc/arm-none-eabi/13.3.1/../../../../arm-none-eabi/lib/thumb/v7e-m+dp/hard\libnosys.a
END GROUP
START GROUP
LOAD C:/ST/STM32CubeIDE_1.15.1/STM32CubeIDE/plugins/com.st.stm32cube.ide.mcu.externaltools.gnu-tools-for-stm32.13.3.rel1.win32_1.0.0.202411081344/tools/bin/../lib/gcc/arm-none-eabi/13.3.1/thumb/v7e-m+dp/hard\libgcc.a
LOAD C:/ST/STM32CubeIDE_1.15.1/STM32CubeIDE/plugins/com.st.stm32cube.ide.mcu.externaltools.gnu-tools-for-stm32.13.3.rel1.win32_1.0.0.202411081344/tools/bin/../lib/gcc/arm-none-eabi/13.3.1/../../../../arm-none-eabi/lib/thumb/v7e-m+dp/hard\libc_nano.a
LOAD C:/ST/STM32CubeIDE_1.15.1/STM32CubeIDE/plugins/com.st.stm32cube.ide.mcu.externaltools.gnu-tools-for-stm32.13.3.rel1.win32_1.0.0.202411081344/tools/bin/../lib/gcc/arm-none-eabi/13.3.1/../../../../arm-none-eabi/lib/thumb/v7e-m+dp/hard\libnosys.a
END GROUP
LOAD C:/ST/STM32CubeIDE_1.15.1/STM32CubeIDE/plugins/com.st.stm32cube.ide.mcu.externaltools.gnu-tools-for-stm32.13.3.rel1.win32_1.0.0.202411081344/tools/bin/../lib/gcc/arm-none-eabi/13.3.1/thumb/v7e-m+dp/hard/crtend.o
LOAD C:/ST/STM32CubeIDE_1.15.1/STM32CubeIDE/plugins/com.st.stm32cube.ide.mcu.externaltools.gnu-tools-for-stm32.13.3.rel1.win32_1.0.0.202411081344/tools/bin/../lib/gcc/arm-none-eabi/13.3.1/thumb/v7e-m+dp/hard/crtn.o
                0x24050000                        _estack = (ORIGIN (RAM_D1) + LENGTH (RAM_D1))
                0x00000200                        _Min_Heap_Size = 0x200
                0x00000400                        _Min_Stack_Size = 0x400

.isr_vector     0x08000000      0x2cc
                0x08000000                        . = ALIGN (0x4)
 *(.isr_vector)
 .isr_vector    0x08000000      0x2cc ./Core/Startup/startup_stm32h723vgtx.o
                0x08000000                g_pfnVectors
                0x080002cc                        . = ALIGN (0x4)

.text           0x080002d0    0x13658
                0x080002d0                        . = ALIGN (0x4)
 *(.text)
 .text          0x080002d0       0x40 C:/ST/STM32CubeIDE_1.15.1/STM32CubeIDE/plugins/com.st.stm32cube.ide.mcu.externaltools.gnu-tools-for-stm32.13.3.rel1.win32_1.0.0.202411081344/tools/bin/../lib/gcc/arm-none-eabi/13.3.1/thumb/v7e-m+dp/hard/crtbegin.o
 .text          0x08000310      0x378 C:/ST/STM32CubeIDE_1.15.1/STM32CubeIDE/plugins/com.st.stm32cube.ide.mcu.externaltools.gnu-tools-for-stm32.13.3.rel1.win32_1.0.0.202411081344/tools/bin/../lib/gcc/arm-none-eabi/13.3.1/thumb/v7e-m+dp/hard\libgcc.a(_arm_addsubdf3.o)
                0x08000310                __aeabi_drsub
                0x08000318                __aeabi_dsub
                0x08000318                __subdf3
                0x0800031c                __aeabi_dadd
                0x0800031c                __adddf3
                0x08000594                __floatunsidf
                0x08000594                __aeabi_ui2d
                0x080005b4                __floatsidf
                0x080005b4                __aeabi_i2d
                0x080005d8                __aeabi_f2d
                0x080005d8                __extendsfdf2
                0x0800061c                __floatundidf
                0x0800061c                __aeabi_ul2d
                0x0800062c                __floatdidf
                0x0800062c                __aeabi_l2d
 .text          0x08000688       0x30 C:/ST/STM32CubeIDE_1.15.1/STM32CubeIDE/plugins/com.st.stm32cube.ide.mcu.externaltools.gnu-tools-for-stm32.13.3.rel1.win32_1.0.0.202411081344/tools/bin/../lib/gcc/arm-none-eabi/13.3.1/thumb/v7e-m+dp/hard\libgcc.a(_aeabi_uldivmod.o)
                0x08000688                __aeabi_uldivmod
 .text          0x080006b8      0x2f8 C:/ST/STM32CubeIDE_1.15.1/STM32CubeIDE/plugins/com.st.stm32cube.ide.mcu.externaltools.gnu-tools-for-stm32.13.3.rel1.win32_1.0.0.202411081344/tools/bin/../lib/gcc/arm-none-eabi/13.3.1/thumb/v7e-m+dp/hard\libgcc.a(_udivmoddi4.o)
                0x080006b8                __udivmoddi4
 .text          0x080009b0        0x4 C:/ST/STM32CubeIDE_1.15.1/STM32CubeIDE/plugins/com.st.stm32cube.ide.mcu.externaltools.gnu-tools-for-stm32.13.3.rel1.win32_1.0.0.202411081344/tools/bin/../lib/gcc/arm-none-eabi/13.3.1/thumb/v7e-m+dp/hard\libgcc.a(_dvmd_tls.o)
                0x080009b0                __aeabi_idiv0
                0x080009b0                __aeabi_ldiv0
 *(.text*)
 .text.MahonyAHRSupdateIMU
                0x080009b4      0x4ec ./Algo/Src/MahonyAHRS.o
                0x080009b4                MahonyAHRSupdateIMU
 .text.invSqrt  0x08000ea0       0x78 ./Algo/Src/MahonyAHRS.o
                0x08000ea0                invSqrt
 .text.BMI088_GPIO_init
                0x08000f18        0xe ./BSP/Src/BMI088Middleware.o
                0x08000f18                BMI088_GPIO_init
 .text.BMI088_com_init
                0x08000f26        0xe ./BSP/Src/BMI088Middleware.o
                0x08000f26                BMI088_com_init
 .text.BMI088_delay_ms
                0x08000f34       0x28 ./BSP/Src/BMI088Middleware.o
                0x08000f34                BMI088_delay_ms
 .text.BMI088_delay_us
                0x08000f5c       0x8c ./BSP/Src/BMI088Middleware.o
                0x08000f5c                BMI088_delay_us
 .text.BMI088_ACCEL_NS_L
                0x08000fe8       0x18 ./BSP/Src/BMI088Middleware.o
                0x08000fe8                BMI088_ACCEL_NS_L
 .text.BMI088_ACCEL_NS_H
                0x08001000       0x18 ./BSP/Src/BMI088Middleware.o
                0x08001000                BMI088_ACCEL_NS_H
 .text.BMI088_GYRO_NS_L
                0x08001018       0x18 ./BSP/Src/BMI088Middleware.o
                0x08001018                BMI088_GYRO_NS_L
 .text.BMI088_GYRO_NS_H
                0x08001030       0x18 ./BSP/Src/BMI088Middleware.o
                0x08001030                BMI088_GYRO_NS_H
 .text.BMI088_read_write_byte
                0x08001048       0x2c ./BSP/Src/BMI088Middleware.o
                0x08001048                BMI088_read_write_byte
 .text.BMI088_init
                0x08001074       0x38 ./BSP/Src/BMI088driver.o
                0x08001074                BMI088_init
 .text.bmi088_accel_init
                0x080010ac      0x170 ./BSP/Src/BMI088driver.o
                0x080010ac                bmi088_accel_init
 .text.bmi088_gyro_init
                0x0800121c      0x130 ./BSP/Src/BMI088driver.o
                0x0800121c                bmi088_gyro_init
 .text.BMI088_read
                0x0800134c      0x1d4 ./BSP/Src/BMI088driver.o
                0x0800134c                BMI088_read
 .text.BMI088_write_single_reg
                0x08001520       0x28 ./BSP/Src/BMI088driver.o
 .text.BMI088_read_single_reg
                0x08001548       0x30 ./BSP/Src/BMI088driver.o
 .text.BMI088_read_muli_reg
                0x08001578       0x4a ./BSP/Src/BMI088driver.o
 *fill*         0x080015c2        0x2 
 .text.bsp_can_init
                0x080015c4       0x48 ./BSP/Src/bsp_fdcan.o
                0x080015c4                bsp_can_init
 .text.can_filter_init
                0x0800160c       0x50 ./BSP/Src/bsp_fdcan.o
                0x0800160c                can_filter_init
 .text.fdcanx_send_data
                0x0800165c       0xa6 ./BSP/Src/bsp_fdcan.o
                0x0800165c                fdcanx_send_data
 .text.fdcanx_receive
                0x08001702       0xa4 ./BSP/Src/bsp_fdcan.o
                0x08001702                fdcanx_receive
 *fill*         0x080017a6        0x2 
 .text.fdcan1_rx_callback
                0x080017a8       0xbc ./BSP/Src/bsp_fdcan.o
                0x080017a8                fdcan1_rx_callback
 .text.fdcan2_rx_callback
                0x08001864       0x20 ./BSP/Src/bsp_fdcan.o
                0x08001864                fdcan2_rx_callback
 .text.fdcan3_rx_callback
                0x08001884       0x20 ./BSP/Src/bsp_fdcan.o
                0x08001884                fdcan3_rx_callback
 .text.HAL_FDCAN_RxFifo0Callback
                0x080018a4       0x44 ./BSP/Src/bsp_fdcan.o
                0x080018a4                HAL_FDCAN_RxFifo0Callback
 .text.Buzzer_Init
                0x080018e8       0x24 ./BSP/Src/buzzer.o
                0x080018e8                Buzzer_Init
 .text.Buzzer_PlayTone
                0x0800190c       0x32 ./BSP/Src/buzzer.o
                0x0800190c                Buzzer_PlayTone
 *fill*         0x0800193e        0x2 
 .text.Buzzer_PlayToneAsync
                0x08001940       0x38 ./BSP/Src/buzzer.o
                0x08001940                Buzzer_PlayToneAsync
 .text.Buzzer_Stop
                0x08001978       0x24 ./BSP/Src/buzzer.o
                0x08001978                Buzzer_Stop
 .text.Buzzer_SetVolume
                0x0800199c       0x3c ./BSP/Src/buzzer.o
                0x0800199c                Buzzer_SetVolume
 .text.Buzzer_Alert
                0x080019d8       0x12 ./BSP/Src/buzzer.o
                0x080019d8                Buzzer_Alert
 .text.Buzzer_PlayMelody
                0x080019ea       0x4c ./BSP/Src/buzzer.o
                0x080019ea                Buzzer_PlayMelody
 *fill*         0x08001a36        0x2 
 .text.Buzzer_SetFrequency
                0x08001a38       0x5c ./BSP/Src/buzzer.o
 .text.Buzzer_SetDutyCycle
                0x08001a94       0x48 ./BSP/Src/buzzer.o
 .text.Buzzer_PlayStartupMelody
                0x08001adc       0x5c ./BSP/Src/buzzer.o
                0x08001adc                Buzzer_PlayStartupMelody
 .text.Enable_J60_Motor
                0x08001b38       0x80 ./BSP/Src/j60_10.o
                0x08001b38                Enable_J60_Motor
 .text.Init_J60_Motor
                0x08001bb8      0x150 ./BSP/Src/j60_10.o
                0x08001bb8                Init_J60_Motor
 .text.Send_J60_Motor_Command
                0x08001d08      0x230 ./BSP/Src/j60_10.o
                0x08001d08                Send_J60_Motor_Command
 .text.J60_Process_Feedback
                0x08001f38      0x1d8 ./BSP/Src/j60_10.o
                0x08001f38                J60_Process_Feedback
 .text.J60_Enable_Feedback
                0x08002110       0x20 ./BSP/Src/j60_10.o
                0x08002110                J60_Enable_Feedback
 .text.J60_Cmd_Clear
                0x08002130       0x3c ./BSP/Src/j60_10.o
                0x08002130                J60_Cmd_Clear
 .text.Apply_Position_Limits
                0x0800216c       0x66 ./BSP/Src/j60_10.o
                0x0800216c                Apply_Position_Limits
 .text.J60_Safety_Check
                0x080021d2       0x40 ./BSP/Src/j60_10.o
                0x080021d2                J60_Safety_Check
 *fill*         0x08002212        0x2 
 .text.HAL_UARTEx_RxEventCallback
                0x08002214       0x44 ./BSP/Src/uart_bsp.o
                0x08002214                HAL_UARTEx_RxEventCallback
 .text.HAL_UART_ErrorCallback
                0x08002258       0x58 ./BSP/Src/uart_bsp.o
                0x08002258                HAL_UART_ErrorCallback
 .text.HAL_UART_RxCpltCallback
                0x080022b0       0x50 ./BSP/Src/uart_bsp.o
                0x080022b0                HAL_UART_RxCpltCallback
 .text.MX_DMA_Init
                0x08002300       0x40 ./Core/Src/dma.o
                0x08002300                MX_DMA_Init
 .text.MX_FDCAN1_Init
                0x08002340       0xc8 ./Core/Src/fdcan.o
                0x08002340                MX_FDCAN1_Init
 .text.MX_FDCAN2_Init
                0x08002408       0xcc ./Core/Src/fdcan.o
                0x08002408                MX_FDCAN2_Init
 .text.MX_FDCAN3_Init
                0x080024d4       0xcc ./Core/Src/fdcan.o
                0x080024d4                MX_FDCAN3_Init
 .text.HAL_FDCAN_MspInit
                0x080025a0      0x2b0 ./Core/Src/fdcan.o
                0x080025a0                HAL_FDCAN_MspInit
 .text.vApplicationGetIdleTaskMemory
                0x08002850       0x34 ./Core/Src/freertos.o
                0x08002850                vApplicationGetIdleTaskMemory
 .text.vApplicationGetTimerTaskMemory
                0x08002884       0x34 ./Core/Src/freertos.o
                0x08002884                vApplicationGetTimerTaskMemory
 .text.MX_FREERTOS_Init
                0x080028b8      0x120 ./Core/Src/freertos.o
                0x080028b8                MX_FREERTOS_Init
 .text.StartDefaultTask
                0x080029d8       0x10 ./Core/Src/freertos.o
                0x080029d8                StartDefaultTask
 .text.PC_MCU_ENTRY
                0x080029e8       0x16 ./Core/Src/freertos.o
                0x080029e8                PC_MCU_ENTRY
 .text.buzzerEntry
                0x080029fe       0x16 ./Core/Src/freertos.o
                0x080029fe                buzzerEntry
 .text.J60_10Entry
                0x08002a14       0x16 ./Core/Src/freertos.o
                0x08002a14                J60_10Entry
 *fill*         0x08002a2a        0x2 
 .text.DJI_NDJ_Entry
                0x08002a2c       0x34 ./Core/Src/freertos.o
                0x08002a2c                DJI_NDJ_Entry
 .text.MX_GPIO_Init
                0x08002a60      0x168 ./Core/Src/gpio.o
                0x08002a60                MX_GPIO_Init
 .text.main     0x08002bc8      0x10c ./Core/Src/main.o
                0x08002bc8                main
 .text.SystemClock_Config
                0x08002cd4       0xdc ./Core/Src/main.o
                0x08002cd4                SystemClock_Config
 .text.HAL_TIM_PeriodElapsedCallback
                0x08002db0       0x24 ./Core/Src/main.o
                0x08002db0                HAL_TIM_PeriodElapsedCallback
 .text.Error_Handler
                0x08002dd4        0xc ./Core/Src/main.o
                0x08002dd4                Error_Handler
 .text.MX_SPI2_Init
                0x08002de0       0xb0 ./Core/Src/spi.o
                0x08002de0                MX_SPI2_Init
 .text.HAL_SPI_MspInit
                0x08002e90      0x12c ./Core/Src/spi.o
                0x08002e90                HAL_SPI_MspInit
 .text.HAL_MspInit
                0x08002fbc       0x3c ./Core/Src/stm32h7xx_hal_msp.o
                0x08002fbc                HAL_MspInit
 .text.HAL_InitTick
                0x08002ff8       0xc4 ./Core/Src/stm32h7xx_hal_timebase_tim.o
                0x08002ff8                HAL_InitTick
 .text.NMI_Handler
                0x080030bc        0x8 ./Core/Src/stm32h7xx_it.o
                0x080030bc                NMI_Handler
 .text.HardFault_Handler
                0x080030c4        0x8 ./Core/Src/stm32h7xx_it.o
                0x080030c4                HardFault_Handler
 .text.MemManage_Handler
                0x080030cc        0x8 ./Core/Src/stm32h7xx_it.o
                0x080030cc                MemManage_Handler
 .text.BusFault_Handler
                0x080030d4        0x8 ./Core/Src/stm32h7xx_it.o
                0x080030d4                BusFault_Handler
 .text.UsageFault_Handler
                0x080030dc        0x8 ./Core/Src/stm32h7xx_it.o
                0x080030dc                UsageFault_Handler
 .text.DebugMon_Handler
                0x080030e4        0xe ./Core/Src/stm32h7xx_it.o
                0x080030e4                DebugMon_Handler
 *fill*         0x080030f2        0x2 
 .text.DMA1_Stream0_IRQHandler
                0x080030f4       0x14 ./Core/Src/stm32h7xx_it.o
                0x080030f4                DMA1_Stream0_IRQHandler
 .text.FDCAN1_IT0_IRQHandler
                0x08003108       0x14 ./Core/Src/stm32h7xx_it.o
                0x08003108                FDCAN1_IT0_IRQHandler
 .text.FDCAN2_IT0_IRQHandler
                0x0800311c       0x14 ./Core/Src/stm32h7xx_it.o
                0x0800311c                FDCAN2_IT0_IRQHandler
 .text.FDCAN1_IT1_IRQHandler
                0x08003130       0x14 ./Core/Src/stm32h7xx_it.o
                0x08003130                FDCAN1_IT1_IRQHandler
 .text.FDCAN2_IT1_IRQHandler
                0x08003144       0x14 ./Core/Src/stm32h7xx_it.o
                0x08003144                FDCAN2_IT1_IRQHandler
 .text.SPI2_IRQHandler
                0x08003158       0x14 ./Core/Src/stm32h7xx_it.o
                0x08003158                SPI2_IRQHandler
 .text.UART5_IRQHandler
                0x0800316c       0x14 ./Core/Src/stm32h7xx_it.o
                0x0800316c                UART5_IRQHandler
 .text.USART10_IRQHandler
                0x08003180       0x14 ./Core/Src/stm32h7xx_it.o
                0x08003180                USART10_IRQHandler
 .text.FDCAN3_IT0_IRQHandler
                0x08003194       0x14 ./Core/Src/stm32h7xx_it.o
                0x08003194                FDCAN3_IT0_IRQHandler
 .text.FDCAN3_IT1_IRQHandler
                0x080031a8       0x14 ./Core/Src/stm32h7xx_it.o
                0x080031a8                FDCAN3_IT1_IRQHandler
 .text.TIM23_IRQHandler
                0x080031bc       0x14 ./Core/Src/stm32h7xx_it.o
                0x080031bc                TIM23_IRQHandler
 .text.SystemInit
                0x080031d0       0xf0 ./Core/Src/system_stm32h7xx.o
                0x080031d0                SystemInit
 .text.MX_TIM12_Init
                0x080032c0       0xb8 ./Core/Src/tim.o
                0x080032c0                MX_TIM12_Init
 .text.HAL_TIM_PWM_MspInit
                0x08003378       0x44 ./Core/Src/tim.o
                0x08003378                HAL_TIM_PWM_MspInit
 .text.HAL_TIM_MspPostInit
                0x080033bc       0x78 ./Core/Src/tim.o
                0x080033bc                HAL_TIM_MspPostInit
 .text.MX_UART5_Init
                0x08003434       0xa0 ./Core/Src/usart.o
                0x08003434                MX_UART5_Init
 .text.MX_USART10_UART_Init
                0x080034d4       0x98 ./Core/Src/usart.o
                0x080034d4                MX_USART10_UART_Init
 .text.HAL_UART_MspInit
                0x0800356c      0x270 ./Core/Src/usart.o
                0x0800356c                HAL_UART_MspInit
 .text.Reset_Handler
                0x080037dc       0x50 ./Core/Startup/startup_stm32h723vgtx.o
                0x080037dc                Reset_Handler
 .text.Default_Handler
                0x0800382c        0x2 ./Core/Startup/startup_stm32h723vgtx.o
                0x0800382c                RTC_Alarm_IRQHandler
                0x0800382c                EXTI2_IRQHandler
                0x0800382c                TIM8_CC_IRQHandler
                0x0800382c                UART8_IRQHandler
                0x0800382c                SPI4_IRQHandler
                0x0800382c                TIM1_CC_IRQHandler
                0x0800382c                BDMA_Channel6_IRQHandler
                0x0800382c                DMA2_Stream5_IRQHandler
                0x0800382c                DMA1_Stream5_IRQHandler
                0x0800382c                CORDIC_IRQHandler
                0x0800382c                BDMA_Channel1_IRQHandler
                0x0800382c                TAMP_STAMP_IRQHandler
                0x0800382c                EXTI3_IRQHandler
                0x0800382c                LPTIM4_IRQHandler
                0x0800382c                TIM8_TRG_COM_TIM14_IRQHandler
                0x0800382c                LPTIM2_IRQHandler
                0x0800382c                DFSDM1_FLT1_IRQHandler
                0x0800382c                DMAMUX2_OVR_IRQHandler
                0x0800382c                TIM8_UP_TIM13_IRQHandler
                0x0800382c                I2C3_ER_IRQHandler
                0x0800382c                DFSDM1_FLT2_IRQHandler
                0x0800382c                I2C5_EV_IRQHandler
                0x0800382c                MDMA_IRQHandler
                0x0800382c                LPTIM3_IRQHandler
                0x0800382c                HSEM1_IRQHandler
                0x0800382c                EXTI0_IRQHandler
                0x0800382c                I2C2_EV_IRQHandler
                0x0800382c                DMA1_Stream2_IRQHandler
                0x0800382c                FPU_IRQHandler
                0x0800382c                OTG_HS_WKUP_IRQHandler
                0x0800382c                LTDC_ER_IRQHandler
                0x0800382c                DMA2_Stream2_IRQHandler
                0x0800382c                SPI1_IRQHandler
                0x0800382c                OCTOSPI1_IRQHandler
                0x0800382c                TIM6_DAC_IRQHandler
                0x0800382c                DMA2_Stream3_IRQHandler
                0x0800382c                OCTOSPI2_IRQHandler
                0x0800382c                DFSDM1_FLT3_IRQHandler
                0x0800382c                USART6_IRQHandler
                0x0800382c                TIM17_IRQHandler
                0x0800382c                USART3_IRQHandler
                0x0800382c                BDMA_Channel7_IRQHandler
                0x0800382c                LPTIM5_IRQHandler
                0x0800382c                ADC3_IRQHandler
                0x0800382c                DMA2_Stream0_IRQHandler
                0x0800382c                TIM4_IRQHandler
                0x0800382c                BDMA_Channel2_IRQHandler
                0x0800382c                I2C1_EV_IRQHandler
                0x0800382c                DMA1_Stream6_IRQHandler
                0x0800382c                DMAMUX1_OVR_IRQHandler
                0x0800382c                DMA1_Stream1_IRQHandler
                0x0800382c                TIM16_IRQHandler
                0x0800382c                UART4_IRQHandler
                0x0800382c                BDMA_Channel5_IRQHandler
                0x0800382c                TIM3_IRQHandler
                0x0800382c                RCC_IRQHandler
                0x0800382c                UART9_IRQHandler
                0x0800382c                TIM8_BRK_TIM12_IRQHandler
                0x0800382c                TIM1_TRG_COM_IRQHandler
                0x0800382c                Default_Handler
                0x0800382c                ECC_IRQHandler
                0x0800382c                FMAC_IRQHandler
                0x0800382c                CEC_IRQHandler
                0x0800382c                EXTI15_10_IRQHandler
                0x0800382c                BDMA_Channel0_IRQHandler
                0x0800382c                ADC_IRQHandler
                0x0800382c                I2C5_ER_IRQHandler
                0x0800382c                DMA1_Stream7_IRQHandler
                0x0800382c                SPI5_IRQHandler
                0x0800382c                TIM7_IRQHandler
                0x0800382c                SDMMC1_IRQHandler
                0x0800382c                TIM5_IRQHandler
                0x0800382c                DMA2_Stream7_IRQHandler
                0x0800382c                TIM15_IRQHandler
                0x0800382c                PVD_AVD_IRQHandler
                0x0800382c                I2C3_EV_IRQHandler
                0x0800382c                EXTI9_5_IRQHandler
                0x0800382c                RTC_WKUP_IRQHandler
                0x0800382c                LTDC_IRQHandler
                0x0800382c                ETH_WKUP_IRQHandler
                0x0800382c                SPDIF_RX_IRQHandler
                0x0800382c                OTG_HS_EP1_IN_IRQHandler
                0x0800382c                TIM24_IRQHandler
                0x0800382c                CRS_IRQHandler
                0x0800382c                EXTI4_IRQHandler
                0x0800382c                RNG_IRQHandler
                0x0800382c                ETH_IRQHandler
                0x0800382c                TIM1_UP_IRQHandler
                0x0800382c                BDMA_Channel4_IRQHandler
                0x0800382c                OTG_HS_EP1_OUT_IRQHandler
                0x0800382c                WWDG_IRQHandler
                0x0800382c                SPI6_IRQHandler
                0x0800382c                MDIOS_IRQHandler
                0x0800382c                I2C4_EV_IRQHandler
                0x0800382c                LPUART1_IRQHandler
                0x0800382c                TIM2_IRQHandler
                0x0800382c                OTG_HS_IRQHandler
                0x0800382c                DMA2D_IRQHandler
                0x0800382c                TIM1_BRK_IRQHandler
                0x0800382c                EXTI1_IRQHandler
                0x0800382c                SDMMC2_IRQHandler
                0x0800382c                BDMA_Channel3_IRQHandler
                0x0800382c                DTS_IRQHandler
                0x0800382c                UART7_IRQHandler
                0x0800382c                MDIOS_WKUP_IRQHandler
                0x0800382c                USART2_IRQHandler
                0x0800382c                DFSDM1_FLT0_IRQHandler
                0x0800382c                SAI4_IRQHandler
                0x0800382c                I2C2_ER_IRQHandler
                0x0800382c                DMA2_Stream1_IRQHandler
                0x0800382c                FLASH_IRQHandler
                0x0800382c                DMA2_Stream4_IRQHandler
                0x0800382c                USART1_IRQHandler
                0x0800382c                SPI3_IRQHandler
                0x0800382c                WAKEUP_PIN_IRQHandler
                0x0800382c                DMA1_Stream4_IRQHandler
                0x0800382c                I2C1_ER_IRQHandler
                0x0800382c                FMC_IRQHandler
                0x0800382c                FDCAN_CAL_IRQHandler
                0x0800382c                SWPMI1_IRQHandler
                0x0800382c                COMP1_IRQHandler
                0x0800382c                LPTIM1_IRQHandler
                0x0800382c                DCMI_PSSI_IRQHandler
                0x0800382c                I2C4_ER_IRQHandler
                0x0800382c                DMA2_Stream6_IRQHandler
                0x0800382c                SAI1_IRQHandler
                0x0800382c                DMA1_Stream3_IRQHandler
 *fill*         0x0800382e        0x2 
 .text.HAL_Init
                0x08003830       0x78 ./Drivers/STM32H7xx_HAL_Driver/Src/stm32h7xx_hal.o
                0x08003830                HAL_Init
 .text.HAL_IncTick
                0x080038a8       0x28 ./Drivers/STM32H7xx_HAL_Driver/Src/stm32h7xx_hal.o
                0x080038a8                HAL_IncTick
 .text.HAL_GetTick
                0x080038d0       0x18 ./Drivers/STM32H7xx_HAL_Driver/Src/stm32h7xx_hal.o
                0x080038d0                HAL_GetTick
 .text.__NVIC_SetPriorityGrouping
                0x080038e8       0x48 ./Drivers/STM32H7xx_HAL_Driver/Src/stm32h7xx_hal_cortex.o
 .text.__NVIC_GetPriorityGrouping
                0x08003930       0x1c ./Drivers/STM32H7xx_HAL_Driver/Src/stm32h7xx_hal_cortex.o
 .text.__NVIC_EnableIRQ
                0x0800394c       0x3c ./Drivers/STM32H7xx_HAL_Driver/Src/stm32h7xx_hal_cortex.o
 .text.__NVIC_SetPriority
                0x08003988       0x54 ./Drivers/STM32H7xx_HAL_Driver/Src/stm32h7xx_hal_cortex.o
 .text.NVIC_EncodePriority
                0x080039dc       0x66 ./Drivers/STM32H7xx_HAL_Driver/Src/stm32h7xx_hal_cortex.o
 .text.HAL_NVIC_SetPriorityGrouping
                0x08003a42       0x16 ./Drivers/STM32H7xx_HAL_Driver/Src/stm32h7xx_hal_cortex.o
                0x08003a42                HAL_NVIC_SetPriorityGrouping
 .text.HAL_NVIC_SetPriority
                0x08003a58       0x34 ./Drivers/STM32H7xx_HAL_Driver/Src/stm32h7xx_hal_cortex.o
                0x08003a58                HAL_NVIC_SetPriority
 .text.HAL_NVIC_EnableIRQ
                0x08003a8c       0x1c ./Drivers/STM32H7xx_HAL_Driver/Src/stm32h7xx_hal_cortex.o
                0x08003a8c                HAL_NVIC_EnableIRQ
 .text.HAL_DMA_Init
                0x08003aa8      0x6b0 ./Drivers/STM32H7xx_HAL_Driver/Src/stm32h7xx_hal_dma.o
                0x08003aa8                HAL_DMA_Init
 .text.HAL_DMA_Abort
                0x08004158      0x63c ./Drivers/STM32H7xx_HAL_Driver/Src/stm32h7xx_hal_dma.o
                0x08004158                HAL_DMA_Abort
 .text.HAL_DMA_Abort_IT
                0x08004794      0x48c ./Drivers/STM32H7xx_HAL_Driver/Src/stm32h7xx_hal_dma.o
                0x08004794                HAL_DMA_Abort_IT
 .text.HAL_DMA_IRQHandler
                0x08004c20      0xe54 ./Drivers/STM32H7xx_HAL_Driver/Src/stm32h7xx_hal_dma.o
                0x08004c20                HAL_DMA_IRQHandler
 .text.DMA_CalcBaseAndBitshift
                0x08005a74      0x164 ./Drivers/STM32H7xx_HAL_Driver/Src/stm32h7xx_hal_dma.o
 .text.DMA_CheckFifoParam
                0x08005bd8       0xf8 ./Drivers/STM32H7xx_HAL_Driver/Src/stm32h7xx_hal_dma.o
 .text.DMA_CalcDMAMUXChannelBaseAndMask
                0x08005cd0      0x134 ./Drivers/STM32H7xx_HAL_Driver/Src/stm32h7xx_hal_dma.o
 .text.DMA_CalcDMAMUXRequestGenBaseAndMask
                0x08005e04       0xe8 ./Drivers/STM32H7xx_HAL_Driver/Src/stm32h7xx_hal_dma.o
 .text.HAL_FDCAN_Init
                0x08005eec      0x3bc ./Drivers/STM32H7xx_HAL_Driver/Src/stm32h7xx_hal_fdcan.o
                0x08005eec                HAL_FDCAN_Init
 .text.HAL_FDCAN_ConfigFilter
                0x080062a8       0xec ./Drivers/STM32H7xx_HAL_Driver/Src/stm32h7xx_hal_fdcan.o
                0x080062a8                HAL_FDCAN_ConfigFilter
 .text.HAL_FDCAN_ConfigGlobalFilter
                0x08006394       0x5a ./Drivers/STM32H7xx_HAL_Driver/Src/stm32h7xx_hal_fdcan.o
                0x08006394                HAL_FDCAN_ConfigGlobalFilter
 .text.HAL_FDCAN_ConfigFifoWatermark
                0x080063ee       0x98 ./Drivers/STM32H7xx_HAL_Driver/Src/stm32h7xx_hal_fdcan.o
                0x080063ee                HAL_FDCAN_ConfigFifoWatermark
 .text.HAL_FDCAN_Start
                0x08006486       0x56 ./Drivers/STM32H7xx_HAL_Driver/Src/stm32h7xx_hal_fdcan.o
                0x08006486                HAL_FDCAN_Start
 .text.HAL_FDCAN_AddMessageToTxFifoQ
                0x080064dc       0xb6 ./Drivers/STM32H7xx_HAL_Driver/Src/stm32h7xx_hal_fdcan.o
                0x080064dc                HAL_FDCAN_AddMessageToTxFifoQ
 *fill*         0x08006592        0x2 
 .text.HAL_FDCAN_GetRxMessage
                0x08006594      0x2d8 ./Drivers/STM32H7xx_HAL_Driver/Src/stm32h7xx_hal_fdcan.o
                0x08006594                HAL_FDCAN_GetRxMessage
 .text.HAL_FDCAN_ActivateNotification
                0x0800686c       0xf4 ./Drivers/STM32H7xx_HAL_Driver/Src/stm32h7xx_hal_fdcan.o
                0x0800686c                HAL_FDCAN_ActivateNotification
 .text.HAL_FDCAN_IRQHandler
                0x08006960      0x4bc ./Drivers/STM32H7xx_HAL_Driver/Src/stm32h7xx_hal_fdcan.o
                0x08006960                HAL_FDCAN_IRQHandler
 .text.HAL_FDCAN_ClockCalibrationCallback
                0x08006e1c       0x16 ./Drivers/STM32H7xx_HAL_Driver/Src/stm32h7xx_hal_fdcan.o
                0x08006e1c                HAL_FDCAN_ClockCalibrationCallback
 .text.HAL_FDCAN_TxEventFifoCallback
                0x08006e32       0x16 ./Drivers/STM32H7xx_HAL_Driver/Src/stm32h7xx_hal_fdcan.o
                0x08006e32                HAL_FDCAN_TxEventFifoCallback
 .text.HAL_FDCAN_RxFifo1Callback
                0x08006e48       0x16 ./Drivers/STM32H7xx_HAL_Driver/Src/stm32h7xx_hal_fdcan.o
                0x08006e48                HAL_FDCAN_RxFifo1Callback
 .text.HAL_FDCAN_TxFifoEmptyCallback
                0x08006e5e       0x14 ./Drivers/STM32H7xx_HAL_Driver/Src/stm32h7xx_hal_fdcan.o
                0x08006e5e                HAL_FDCAN_TxFifoEmptyCallback
 .text.HAL_FDCAN_TxBufferCompleteCallback
                0x08006e72       0x16 ./Drivers/STM32H7xx_HAL_Driver/Src/stm32h7xx_hal_fdcan.o
                0x08006e72                HAL_FDCAN_TxBufferCompleteCallback
 .text.HAL_FDCAN_TxBufferAbortCallback
                0x08006e88       0x16 ./Drivers/STM32H7xx_HAL_Driver/Src/stm32h7xx_hal_fdcan.o
                0x08006e88                HAL_FDCAN_TxBufferAbortCallback
 .text.HAL_FDCAN_RxBufferNewMessageCallback
                0x08006e9e       0x14 ./Drivers/STM32H7xx_HAL_Driver/Src/stm32h7xx_hal_fdcan.o
                0x08006e9e                HAL_FDCAN_RxBufferNewMessageCallback
 .text.HAL_FDCAN_TimestampWraparoundCallback
                0x08006eb2       0x14 ./Drivers/STM32H7xx_HAL_Driver/Src/stm32h7xx_hal_fdcan.o
                0x08006eb2                HAL_FDCAN_TimestampWraparoundCallback
 .text.HAL_FDCAN_TimeoutOccurredCallback
                0x08006ec6       0x14 ./Drivers/STM32H7xx_HAL_Driver/Src/stm32h7xx_hal_fdcan.o
                0x08006ec6                HAL_FDCAN_TimeoutOccurredCallback
 .text.HAL_FDCAN_HighPriorityMessageCallback
                0x08006eda       0x14 ./Drivers/STM32H7xx_HAL_Driver/Src/stm32h7xx_hal_fdcan.o
                0x08006eda                HAL_FDCAN_HighPriorityMessageCallback
 .text.HAL_FDCAN_ErrorCallback
                0x08006eee       0x14 ./Drivers/STM32H7xx_HAL_Driver/Src/stm32h7xx_hal_fdcan.o
                0x08006eee                HAL_FDCAN_ErrorCallback
 .text.HAL_FDCAN_ErrorStatusCallback
                0x08006f02       0x16 ./Drivers/STM32H7xx_HAL_Driver/Src/stm32h7xx_hal_fdcan.o
                0x08006f02                HAL_FDCAN_ErrorStatusCallback
 .text.HAL_FDCAN_TT_ScheduleSyncCallback
                0x08006f18       0x16 ./Drivers/STM32H7xx_HAL_Driver/Src/stm32h7xx_hal_fdcan.o
                0x08006f18                HAL_FDCAN_TT_ScheduleSyncCallback
 .text.HAL_FDCAN_TT_TimeMarkCallback
                0x08006f2e       0x16 ./Drivers/STM32H7xx_HAL_Driver/Src/stm32h7xx_hal_fdcan.o
                0x08006f2e                HAL_FDCAN_TT_TimeMarkCallback
 .text.HAL_FDCAN_TT_StopWatchCallback
                0x08006f44       0x18 ./Drivers/STM32H7xx_HAL_Driver/Src/stm32h7xx_hal_fdcan.o
                0x08006f44                HAL_FDCAN_TT_StopWatchCallback
 .text.HAL_FDCAN_TT_GlobalTimeCallback
                0x08006f5c       0x16 ./Drivers/STM32H7xx_HAL_Driver/Src/stm32h7xx_hal_fdcan.o
                0x08006f5c                HAL_FDCAN_TT_GlobalTimeCallback
 *fill*         0x08006f72        0x2 
 .text.FDCAN_CalcultateRamBlockAddresses
                0x08006f74      0x30c ./Drivers/STM32H7xx_HAL_Driver/Src/stm32h7xx_hal_fdcan.o
 .text.FDCAN_CopyMessageToRAM
                0x08007280       0xfc ./Drivers/STM32H7xx_HAL_Driver/Src/stm32h7xx_hal_fdcan.o
 .text.HAL_GPIO_Init
                0x0800737c      0x350 ./Drivers/STM32H7xx_HAL_Driver/Src/stm32h7xx_hal_gpio.o
                0x0800737c                HAL_GPIO_Init
 .text.HAL_GPIO_WritePin
                0x080076cc       0x32 ./Drivers/STM32H7xx_HAL_Driver/Src/stm32h7xx_hal_gpio.o
                0x080076cc                HAL_GPIO_WritePin
 *fill*         0x080076fe        0x2 
 .text.HAL_PWREx_ConfigSupply
                0x08007700       0x74 ./Drivers/STM32H7xx_HAL_Driver/Src/stm32h7xx_hal_pwr_ex.o
                0x08007700                HAL_PWREx_ConfigSupply
 .text.HAL_RCC_OscConfig
                0x08007774      0x7b4 ./Drivers/STM32H7xx_HAL_Driver/Src/stm32h7xx_hal_rcc.o
                0x08007774                HAL_RCC_OscConfig
 .text.HAL_RCC_ClockConfig
                0x08007f28      0x36c ./Drivers/STM32H7xx_HAL_Driver/Src/stm32h7xx_hal_rcc.o
                0x08007f28                HAL_RCC_ClockConfig
 .text.HAL_RCC_GetSysClockFreq
                0x08008294      0x2f4 ./Drivers/STM32H7xx_HAL_Driver/Src/stm32h7xx_hal_rcc.o
                0x08008294                HAL_RCC_GetSysClockFreq
 .text.HAL_RCC_GetHCLKFreq
                0x08008588       0x60 ./Drivers/STM32H7xx_HAL_Driver/Src/stm32h7xx_hal_rcc.o
                0x08008588                HAL_RCC_GetHCLKFreq
 .text.HAL_RCC_GetPCLK1Freq
                0x080085e8       0x2c ./Drivers/STM32H7xx_HAL_Driver/Src/stm32h7xx_hal_rcc.o
                0x080085e8                HAL_RCC_GetPCLK1Freq
 .text.HAL_RCC_GetPCLK2Freq
                0x08008614       0x2c ./Drivers/STM32H7xx_HAL_Driver/Src/stm32h7xx_hal_rcc.o
                0x08008614                HAL_RCC_GetPCLK2Freq
 .text.HAL_RCC_GetClockConfig
                0x08008640       0x84 ./Drivers/STM32H7xx_HAL_Driver/Src/stm32h7xx_hal_rcc.o
                0x08008640                HAL_RCC_GetClockConfig
 .text.HAL_RCCEx_PeriphCLKConfig
                0x080086c4     0x1340 ./Drivers/STM32H7xx_HAL_Driver/Src/stm32h7xx_hal_rcc_ex.o
                0x080086c4                HAL_RCCEx_PeriphCLKConfig
 .text.HAL_RCCEx_GetD3PCLK1Freq
                0x08009a04       0x2c ./Drivers/STM32H7xx_HAL_Driver/Src/stm32h7xx_hal_rcc_ex.o
                0x08009a04                HAL_RCCEx_GetD3PCLK1Freq
 .text.HAL_RCCEx_GetPLL2ClockFreq
                0x08009a30      0x2a8 ./Drivers/STM32H7xx_HAL_Driver/Src/stm32h7xx_hal_rcc_ex.o
                0x08009a30                HAL_RCCEx_GetPLL2ClockFreq
 .text.HAL_RCCEx_GetPLL3ClockFreq
                0x08009cd8      0x2a8 ./Drivers/STM32H7xx_HAL_Driver/Src/stm32h7xx_hal_rcc_ex.o
                0x08009cd8                HAL_RCCEx_GetPLL3ClockFreq
 .text.RCCEx_PLL2_Config
                0x08009f80      0x164 ./Drivers/STM32H7xx_HAL_Driver/Src/stm32h7xx_hal_rcc_ex.o
 .text.RCCEx_PLL3_Config
                0x0800a0e4      0x164 ./Drivers/STM32H7xx_HAL_Driver/Src/stm32h7xx_hal_rcc_ex.o
 .text.HAL_SPI_Init
                0x0800a248      0x248 ./Drivers/STM32H7xx_HAL_Driver/Src/stm32h7xx_hal_spi.o
                0x0800a248                HAL_SPI_Init
 .text.HAL_SPI_TransmitReceive
                0x0800a490      0x674 ./Drivers/STM32H7xx_HAL_Driver/Src/stm32h7xx_hal_spi.o
                0x0800a490                HAL_SPI_TransmitReceive
 .text.HAL_SPI_IRQHandler
                0x0800ab04      0x39c ./Drivers/STM32H7xx_HAL_Driver/Src/stm32h7xx_hal_spi.o
                0x0800ab04                HAL_SPI_IRQHandler
 .text.HAL_SPI_TxCpltCallback
                0x0800aea0       0x14 ./Drivers/STM32H7xx_HAL_Driver/Src/stm32h7xx_hal_spi.o
                0x0800aea0                HAL_SPI_TxCpltCallback
 .text.HAL_SPI_RxCpltCallback
                0x0800aeb4       0x14 ./Drivers/STM32H7xx_HAL_Driver/Src/stm32h7xx_hal_spi.o
                0x0800aeb4                HAL_SPI_RxCpltCallback
 .text.HAL_SPI_TxRxCpltCallback
                0x0800aec8       0x14 ./Drivers/STM32H7xx_HAL_Driver/Src/stm32h7xx_hal_spi.o
                0x0800aec8                HAL_SPI_TxRxCpltCallback
 .text.HAL_SPI_ErrorCallback
                0x0800aedc       0x14 ./Drivers/STM32H7xx_HAL_Driver/Src/stm32h7xx_hal_spi.o
                0x0800aedc                HAL_SPI_ErrorCallback
 .text.HAL_SPI_SuspendCallback
                0x0800aef0       0x14 ./Drivers/STM32H7xx_HAL_Driver/Src/stm32h7xx_hal_spi.o
                0x0800aef0                HAL_SPI_SuspendCallback
 .text.SPI_DMAAbortOnError
                0x0800af04       0x34 ./Drivers/STM32H7xx_HAL_Driver/Src/stm32h7xx_hal_spi.o
 .text.SPI_CloseTransfer
                0x0800af38      0x140 ./Drivers/STM32H7xx_HAL_Driver/Src/stm32h7xx_hal_spi.o
 .text.SPI_WaitOnFlagUntilTimeout
                0x0800b078       0x5c ./Drivers/STM32H7xx_HAL_Driver/Src/stm32h7xx_hal_spi.o
 .text.SPI_GetPacketSize
                0x0800b0d4       0x36 ./Drivers/STM32H7xx_HAL_Driver/Src/stm32h7xx_hal_spi.o
 .text.HAL_TIM_Base_Init
                0x0800b10a       0xae ./Drivers/STM32H7xx_HAL_Driver/Src/stm32h7xx_hal_tim.o
                0x0800b10a                HAL_TIM_Base_Init
 .text.HAL_TIM_Base_MspInit
                0x0800b1b8       0x14 ./Drivers/STM32H7xx_HAL_Driver/Src/stm32h7xx_hal_tim.o
                0x0800b1b8                HAL_TIM_Base_MspInit
 .text.HAL_TIM_Base_Start_IT
                0x0800b1cc      0x10c ./Drivers/STM32H7xx_HAL_Driver/Src/stm32h7xx_hal_tim.o
                0x0800b1cc                HAL_TIM_Base_Start_IT
 .text.HAL_TIM_PWM_Init
                0x0800b2d8       0xae ./Drivers/STM32H7xx_HAL_Driver/Src/stm32h7xx_hal_tim.o
                0x0800b2d8                HAL_TIM_PWM_Init
 *fill*         0x0800b386        0x2 
 .text.HAL_TIM_PWM_Start
                0x0800b388      0x238 ./Drivers/STM32H7xx_HAL_Driver/Src/stm32h7xx_hal_tim.o
                0x0800b388                HAL_TIM_PWM_Start
 .text.HAL_TIM_IRQHandler
                0x0800b5c0      0x20e ./Drivers/STM32H7xx_HAL_Driver/Src/stm32h7xx_hal_tim.o
                0x0800b5c0                HAL_TIM_IRQHandler
 *fill*         0x0800b7ce        0x2 
 .text.HAL_TIM_PWM_ConfigChannel
                0x0800b7d0      0x228 ./Drivers/STM32H7xx_HAL_Driver/Src/stm32h7xx_hal_tim.o
                0x0800b7d0                HAL_TIM_PWM_ConfigChannel
 .text.HAL_TIM_OC_DelayElapsedCallback
                0x0800b9f8       0x14 ./Drivers/STM32H7xx_HAL_Driver/Src/stm32h7xx_hal_tim.o
                0x0800b9f8                HAL_TIM_OC_DelayElapsedCallback
 .text.HAL_TIM_IC_CaptureCallback
                0x0800ba0c       0x14 ./Drivers/STM32H7xx_HAL_Driver/Src/stm32h7xx_hal_tim.o
                0x0800ba0c                HAL_TIM_IC_CaptureCallback
 .text.HAL_TIM_PWM_PulseFinishedCallback
                0x0800ba20       0x14 ./Drivers/STM32H7xx_HAL_Driver/Src/stm32h7xx_hal_tim.o
                0x0800ba20                HAL_TIM_PWM_PulseFinishedCallback
 .text.HAL_TIM_TriggerCallback
                0x0800ba34       0x14 ./Drivers/STM32H7xx_HAL_Driver/Src/stm32h7xx_hal_tim.o
                0x0800ba34                HAL_TIM_TriggerCallback
 .text.TIM_Base_SetConfig
                0x0800ba48      0x164 ./Drivers/STM32H7xx_HAL_Driver/Src/stm32h7xx_hal_tim.o
                0x0800ba48                TIM_Base_SetConfig
 .text.TIM_OC1_SetConfig
                0x0800bbac      0x120 ./Drivers/STM32H7xx_HAL_Driver/Src/stm32h7xx_hal_tim.o
 .text.TIM_OC2_SetConfig
                0x0800bccc      0x114 ./Drivers/STM32H7xx_HAL_Driver/Src/stm32h7xx_hal_tim.o
                0x0800bccc                TIM_OC2_SetConfig
 .text.TIM_OC3_SetConfig
                0x0800bde0      0x110 ./Drivers/STM32H7xx_HAL_Driver/Src/stm32h7xx_hal_tim.o
 .text.TIM_OC4_SetConfig
                0x0800bef0       0xd4 ./Drivers/STM32H7xx_HAL_Driver/Src/stm32h7xx_hal_tim.o
 .text.TIM_OC5_SetConfig
                0x0800bfc4       0xc8 ./Drivers/STM32H7xx_HAL_Driver/Src/stm32h7xx_hal_tim.o
 .text.TIM_OC6_SetConfig
                0x0800c08c       0xcc ./Drivers/STM32H7xx_HAL_Driver/Src/stm32h7xx_hal_tim.o
 .text.TIM_CCxChannelCmd
                0x0800c158       0x4a ./Drivers/STM32H7xx_HAL_Driver/Src/stm32h7xx_hal_tim.o
                0x0800c158                TIM_CCxChannelCmd
 *fill*         0x0800c1a2        0x2 
 .text.HAL_TIMEx_MasterConfigSynchronization
                0x0800c1a4      0x138 ./Drivers/STM32H7xx_HAL_Driver/Src/stm32h7xx_hal_tim_ex.o
                0x0800c1a4                HAL_TIMEx_MasterConfigSynchronization
 .text.HAL_TIMEx_CommutCallback
                0x0800c2dc       0x14 ./Drivers/STM32H7xx_HAL_Driver/Src/stm32h7xx_hal_tim_ex.o
                0x0800c2dc                HAL_TIMEx_CommutCallback
 .text.HAL_TIMEx_BreakCallback
                0x0800c2f0       0x14 ./Drivers/STM32H7xx_HAL_Driver/Src/stm32h7xx_hal_tim_ex.o
                0x0800c2f0                HAL_TIMEx_BreakCallback
 .text.HAL_TIMEx_Break2Callback
                0x0800c304       0x14 ./Drivers/STM32H7xx_HAL_Driver/Src/stm32h7xx_hal_tim_ex.o
                0x0800c304                HAL_TIMEx_Break2Callback
 .text.HAL_UART_Init
                0x0800c318       0xa0 ./Drivers/STM32H7xx_HAL_Driver/Src/stm32h7xx_hal_uart.o
                0x0800c318                HAL_UART_Init
 .text.HAL_UART_Transmit_IT
                0x0800c3b8      0x128 ./Drivers/STM32H7xx_HAL_Driver/Src/stm32h7xx_hal_uart.o
                0x0800c3b8                HAL_UART_Transmit_IT
 .text.HAL_UART_Receive_IT
                0x0800c4e0       0x98 ./Drivers/STM32H7xx_HAL_Driver/Src/stm32h7xx_hal_uart.o
                0x0800c4e0                HAL_UART_Receive_IT
 .text.HAL_UART_IRQHandler
                0x0800c578      0x774 ./Drivers/STM32H7xx_HAL_Driver/Src/stm32h7xx_hal_uart.o
                0x0800c578                HAL_UART_IRQHandler
 .text.HAL_UART_TxCpltCallback
                0x0800ccec       0x14 ./Drivers/STM32H7xx_HAL_Driver/Src/stm32h7xx_hal_uart.o
                0x0800ccec                HAL_UART_TxCpltCallback
 .text.UART_SetConfig
                0x0800cd00      0xcd8 ./Drivers/STM32H7xx_HAL_Driver/Src/stm32h7xx_hal_uart.o
                0x0800cd00                UART_SetConfig
 .text.UART_AdvFeatureConfig
                0x0800d9d8      0x144 ./Drivers/STM32H7xx_HAL_Driver/Src/stm32h7xx_hal_uart.o
                0x0800d9d8                UART_AdvFeatureConfig
 .text.UART_CheckIdleState
                0x0800db1c      0x154 ./Drivers/STM32H7xx_HAL_Driver/Src/stm32h7xx_hal_uart.o
                0x0800db1c                UART_CheckIdleState
 .text.UART_WaitOnFlagUntilTimeout
                0x0800dc70       0xda ./Drivers/STM32H7xx_HAL_Driver/Src/stm32h7xx_hal_uart.o
                0x0800dc70                UART_WaitOnFlagUntilTimeout
 *fill*         0x0800dd4a        0x2 
 .text.UART_Start_Receive_IT
                0x0800dd4c      0x244 ./Drivers/STM32H7xx_HAL_Driver/Src/stm32h7xx_hal_uart.o
                0x0800dd4c                UART_Start_Receive_IT
 .text.UART_EndRxTransfer
                0x0800df90       0xcc ./Drivers/STM32H7xx_HAL_Driver/Src/stm32h7xx_hal_uart.o
 .text.UART_DMAAbortOnError
                0x0800e05c       0x2c ./Drivers/STM32H7xx_HAL_Driver/Src/stm32h7xx_hal_uart.o
 .text.UART_TxISR_8BIT
                0x0800e088       0xb8 ./Drivers/STM32H7xx_HAL_Driver/Src/stm32h7xx_hal_uart.o
 .text.UART_TxISR_16BIT
                0x0800e140       0xc2 ./Drivers/STM32H7xx_HAL_Driver/Src/stm32h7xx_hal_uart.o
 .text.UART_TxISR_8BIT_FIFOEN
                0x0800e202       0xe0 ./Drivers/STM32H7xx_HAL_Driver/Src/stm32h7xx_hal_uart.o
 .text.UART_TxISR_16BIT_FIFOEN
                0x0800e2e2       0xea ./Drivers/STM32H7xx_HAL_Driver/Src/stm32h7xx_hal_uart.o
 .text.UART_EndTransmit_IT
                0x0800e3cc       0x56 ./Drivers/STM32H7xx_HAL_Driver/Src/stm32h7xx_hal_uart.o
 *fill*         0x0800e422        0x2 
 .text.UART_RxISR_8BIT
                0x0800e424      0x1b8 ./Drivers/STM32H7xx_HAL_Driver/Src/stm32h7xx_hal_uart.o
 .text.UART_RxISR_16BIT
                0x0800e5dc      0x1b8 ./Drivers/STM32H7xx_HAL_Driver/Src/stm32h7xx_hal_uart.o
 .text.UART_RxISR_8BIT_FIFOEN
                0x0800e794      0x360 ./Drivers/STM32H7xx_HAL_Driver/Src/stm32h7xx_hal_uart.o
 .text.UART_RxISR_16BIT_FIFOEN
                0x0800eaf4      0x368 ./Drivers/STM32H7xx_HAL_Driver/Src/stm32h7xx_hal_uart.o
 .text.HAL_UARTEx_WakeupCallback
                0x0800ee5c       0x14 ./Drivers/STM32H7xx_HAL_Driver/Src/stm32h7xx_hal_uart_ex.o
                0x0800ee5c                HAL_UARTEx_WakeupCallback
 .text.HAL_UARTEx_RxFifoFullCallback
                0x0800ee70       0x14 ./Drivers/STM32H7xx_HAL_Driver/Src/stm32h7xx_hal_uart_ex.o
                0x0800ee70                HAL_UARTEx_RxFifoFullCallback
 .text.HAL_UARTEx_TxFifoEmptyCallback
                0x0800ee84       0x14 ./Drivers/STM32H7xx_HAL_Driver/Src/stm32h7xx_hal_uart_ex.o
                0x0800ee84                HAL_UARTEx_TxFifoEmptyCallback
 .text.HAL_UARTEx_DisableFifoMode
                0x0800ee98       0x72 ./Drivers/STM32H7xx_HAL_Driver/Src/stm32h7xx_hal_uart_ex.o
                0x0800ee98                HAL_UARTEx_DisableFifoMode
 .text.HAL_UARTEx_SetTxFifoThreshold
                0x0800ef0a       0x7c ./Drivers/STM32H7xx_HAL_Driver/Src/stm32h7xx_hal_uart_ex.o
                0x0800ef0a                HAL_UARTEx_SetTxFifoThreshold
 .text.HAL_UARTEx_SetRxFifoThreshold
                0x0800ef86       0x7c ./Drivers/STM32H7xx_HAL_Driver/Src/stm32h7xx_hal_uart_ex.o
                0x0800ef86                HAL_UARTEx_SetRxFifoThreshold
 *fill*         0x0800f002        0x2 
 .text.UARTEx_SetNbDataToProcess
                0x0800f004       0x9c ./Drivers/STM32H7xx_HAL_Driver/Src/stm32h7xx_hal_uart_ex.o
 .text.makeFreeRtosPriority
                0x0800f0a0       0x30 ./Middlewares/Third_Party/FreeRTOS/Source/CMSIS_RTOS/cmsis_os.o
 .text.osKernelStart
                0x0800f0d0        0xe ./Middlewares/Third_Party/FreeRTOS/Source/CMSIS_RTOS/cmsis_os.o
                0x0800f0d0                osKernelStart
 .text.osThreadCreate
                0x0800f0de       0x98 ./Middlewares/Third_Party/FreeRTOS/Source/CMSIS_RTOS/cmsis_os.o
                0x0800f0de                osThreadCreate
 .text.osDelay  0x0800f176       0x28 ./Middlewares/Third_Party/FreeRTOS/Source/CMSIS_RTOS/cmsis_os.o
                0x0800f176                osDelay
 .text.vListInitialise
                0x0800f19e       0x40 ./Middlewares/Third_Party/FreeRTOS/Source/list.o
                0x0800f19e                vListInitialise
 .text.vListInitialiseItem
                0x0800f1de       0x1a ./Middlewares/Third_Party/FreeRTOS/Source/list.o
                0x0800f1de                vListInitialiseItem
 .text.vListInsertEnd
                0x0800f1f8       0x48 ./Middlewares/Third_Party/FreeRTOS/Source/list.o
                0x0800f1f8                vListInsertEnd
 .text.vListInsert
                0x0800f240       0x72 ./Middlewares/Third_Party/FreeRTOS/Source/list.o
                0x0800f240                vListInsert
 .text.uxListRemove
                0x0800f2b2       0x54 ./Middlewares/Third_Party/FreeRTOS/Source/list.o
                0x0800f2b2                uxListRemove
 *fill*         0x0800f306        0x2 
 .text.xQueueGenericReset
                0x0800f308       0xd4 ./Middlewares/Third_Party/FreeRTOS/Source/queue.o
                0x0800f308                xQueueGenericReset
 .text.xQueueGenericCreateStatic
                0x0800f3dc       0xfa ./Middlewares/Third_Party/FreeRTOS/Source/queue.o
                0x0800f3dc                xQueueGenericCreateStatic
 .text.prvInitialiseNewQueue
                0x0800f4d6       0x46 ./Middlewares/Third_Party/FreeRTOS/Source/queue.o
 .text.xQueueGenericSend
                0x0800f51c      0x204 ./Middlewares/Third_Party/FreeRTOS/Source/queue.o
                0x0800f51c                xQueueGenericSend
 .text.xQueueGenericSendFromISR
                0x0800f720      0x13c ./Middlewares/Third_Party/FreeRTOS/Source/queue.o
                0x0800f720                xQueueGenericSendFromISR
 .text.xQueueReceive
                0x0800f85c      0x1c4 ./Middlewares/Third_Party/FreeRTOS/Source/queue.o
                0x0800f85c                xQueueReceive
 .text.prvCopyDataToQueue
                0x0800fa20       0xd4 ./Middlewares/Third_Party/FreeRTOS/Source/queue.o
 .text.prvCopyDataFromQueue
                0x0800faf4       0x4c ./Middlewares/Third_Party/FreeRTOS/Source/queue.o
 .text.prvUnlockQueue
                0x0800fb40       0xa4 ./Middlewares/Third_Party/FreeRTOS/Source/queue.o
 .text.prvIsQueueEmpty
                0x0800fbe4       0x2c ./Middlewares/Third_Party/FreeRTOS/Source/queue.o
 .text.prvIsQueueFull
                0x0800fc10       0x30 ./Middlewares/Third_Party/FreeRTOS/Source/queue.o
 .text.vQueueAddToRegistry
                0x0800fc40       0x54 ./Middlewares/Third_Party/FreeRTOS/Source/queue.o
                0x0800fc40                vQueueAddToRegistry
 .text.vQueueWaitForMessageRestricted
                0x0800fc94       0x68 ./Middlewares/Third_Party/FreeRTOS/Source/queue.o
                0x0800fc94                vQueueWaitForMessageRestricted
 .text.xTaskCreateStatic
                0x0800fcfc       0xc0 ./Middlewares/Third_Party/FreeRTOS/Source/tasks.o
                0x0800fcfc                xTaskCreateStatic
 .text.xTaskCreate
                0x0800fdbc       0x8a ./Middlewares/Third_Party/FreeRTOS/Source/tasks.o
                0x0800fdbc                xTaskCreate
 *fill*         0x0800fe46        0x2 
 .text.prvInitialiseNewTask
                0x0800fe48      0x150 ./Middlewares/Third_Party/FreeRTOS/Source/tasks.o
 .text.prvAddNewTaskToReadyList
                0x0800ff98       0xdc ./Middlewares/Third_Party/FreeRTOS/Source/tasks.o
 .text.vTaskDelay
                0x08010074       0x6c ./Middlewares/Third_Party/FreeRTOS/Source/tasks.o
                0x08010074                vTaskDelay
 .text.vTaskStartScheduler
                0x080100e0       0xe0 ./Middlewares/Third_Party/FreeRTOS/Source/tasks.o
                0x080100e0                vTaskStartScheduler
 .text.vTaskSuspendAll
                0x080101c0       0x1c ./Middlewares/Third_Party/FreeRTOS/Source/tasks.o
                0x080101c0                vTaskSuspendAll
 .text.xTaskResumeAll
                0x080101dc      0x13c ./Middlewares/Third_Party/FreeRTOS/Source/tasks.o
                0x080101dc                xTaskResumeAll
 .text.xTaskGetTickCount
                0x08010318       0x20 ./Middlewares/Third_Party/FreeRTOS/Source/tasks.o
                0x08010318                xTaskGetTickCount
 .text.xTaskIncrementTick
                0x08010338      0x174 ./Middlewares/Third_Party/FreeRTOS/Source/tasks.o
                0x08010338                xTaskIncrementTick
 .text.vTaskSwitchContext
                0x080104ac       0xc8 ./Middlewares/Third_Party/FreeRTOS/Source/tasks.o
                0x080104ac                vTaskSwitchContext
 .text.vTaskPlaceOnEventList
                0x08010574       0x4c ./Middlewares/Third_Party/FreeRTOS/Source/tasks.o
                0x08010574                vTaskPlaceOnEventList
 .text.vTaskPlaceOnEventListRestricted
                0x080105c0       0x58 ./Middlewares/Third_Party/FreeRTOS/Source/tasks.o
                0x080105c0                vTaskPlaceOnEventListRestricted
 .text.xTaskRemoveFromEventList
                0x08010618       0xc8 ./Middlewares/Third_Party/FreeRTOS/Source/tasks.o
                0x08010618                xTaskRemoveFromEventList
 .text.vTaskInternalSetTimeOutState
                0x080106e0       0x2c ./Middlewares/Third_Party/FreeRTOS/Source/tasks.o
                0x080106e0                vTaskInternalSetTimeOutState
 .text.xTaskCheckForTimeOut
                0x0801070c       0xc8 ./Middlewares/Third_Party/FreeRTOS/Source/tasks.o
                0x0801070c                xTaskCheckForTimeOut
 .text.vTaskMissedYield
                0x080107d4       0x18 ./Middlewares/Third_Party/FreeRTOS/Source/tasks.o
                0x080107d4                vTaskMissedYield
 .text.prvIdleTask
                0x080107ec       0x30 ./Middlewares/Third_Party/FreeRTOS/Source/tasks.o
 .text.prvInitialiseTaskLists
                0x0801081c       0x80 ./Middlewares/Third_Party/FreeRTOS/Source/tasks.o
 .text.prvCheckTasksWaitingTermination
                0x0801089c       0x5c ./Middlewares/Third_Party/FreeRTOS/Source/tasks.o
 .text.prvDeleteTCB
                0x080108f8       0x6a ./Middlewares/Third_Party/FreeRTOS/Source/tasks.o
 *fill*         0x08010962        0x2 
 .text.prvResetNextTaskUnblockTime
                0x08010964       0x40 ./Middlewares/Third_Party/FreeRTOS/Source/tasks.o
 .text.xTaskGetSchedulerState
                0x080109a4       0x3c ./Middlewares/Third_Party/FreeRTOS/Source/tasks.o
                0x080109a4                xTaskGetSchedulerState
 .text.xTaskPriorityDisinherit
                0x080109e0      0x110 ./Middlewares/Third_Party/FreeRTOS/Source/tasks.o
                0x080109e0                xTaskPriorityDisinherit
 .text.prvAddCurrentTaskToDelayedList
                0x08010af0       0xcc ./Middlewares/Third_Party/FreeRTOS/Source/tasks.o
 .text.xTimerCreateTimerTask
                0x08010bbc       0x94 ./Middlewares/Third_Party/FreeRTOS/Source/timers.o
                0x08010bbc                xTimerCreateTimerTask
 .text.xTimerGenericCommand
                0x08010c50       0x9c ./Middlewares/Third_Party/FreeRTOS/Source/timers.o
                0x08010c50                xTimerGenericCommand
 .text.prvProcessExpiredTimer
                0x08010cec       0x9c ./Middlewares/Third_Party/FreeRTOS/Source/timers.o
 .text.prvTimerTask
                0x08010d88       0x26 ./Middlewares/Third_Party/FreeRTOS/Source/timers.o
 *fill*         0x08010dae        0x2 
 .text.prvProcessTimerOrBlockTask
                0x08010db0       0x9c ./Middlewares/Third_Party/FreeRTOS/Source/timers.o
 .text.prvGetNextExpireTime
                0x08010e4c       0x48 ./Middlewares/Third_Party/FreeRTOS/Source/timers.o
 .text.prvSampleTimeNow
                0x08010e94       0x40 ./Middlewares/Third_Party/FreeRTOS/Source/timers.o
 .text.prvInsertTimerInActiveList
                0x08010ed4       0x84 ./Middlewares/Third_Party/FreeRTOS/Source/timers.o
 .text.prvProcessReceivedCommands
                0x08010f58      0x194 ./Middlewares/Third_Party/FreeRTOS/Source/timers.o
 .text.prvSwitchTimerLists
                0x080110ec       0xcc ./Middlewares/Third_Party/FreeRTOS/Source/timers.o
 .text.prvCheckForValidListAndQueue
                0x080111b8       0x80 ./Middlewares/Third_Party/FreeRTOS/Source/timers.o
 .text.pxPortInitialiseStack
                0x08011238       0x68 ./Middlewares/Third_Party/FreeRTOS/Source/portable/GCC/ARM_CM4F/port.o
                0x08011238                pxPortInitialiseStack
 .text.prvTaskExitError
                0x080112a0       0x5c ./Middlewares/Third_Party/FreeRTOS/Source/portable/GCC/ARM_CM4F/port.o
 *fill*         0x080112fc        0x4 
 .text.SVC_Handler
                0x08011300       0x28 ./Middlewares/Third_Party/FreeRTOS/Source/portable/GCC/ARM_CM4F/port.o
                0x08011300                SVC_Handler
 .text.prvPortStartFirstTask
                0x08011328       0x28 ./Middlewares/Third_Party/FreeRTOS/Source/portable/GCC/ARM_CM4F/port.o
 .text.xPortStartScheduler
                0x08011350      0x148 ./Middlewares/Third_Party/FreeRTOS/Source/portable/GCC/ARM_CM4F/port.o
                0x08011350                xPortStartScheduler
 .text.vPortEnterCritical
                0x08011498       0x64 ./Middlewares/Third_Party/FreeRTOS/Source/portable/GCC/ARM_CM4F/port.o
                0x08011498                vPortEnterCritical
 .text.vPortExitCritical
                0x080114fc       0x54 ./Middlewares/Third_Party/FreeRTOS/Source/portable/GCC/ARM_CM4F/port.o
                0x080114fc                vPortExitCritical
 .text.PendSV_Handler
                0x08011550       0x68 ./Middlewares/Third_Party/FreeRTOS/Source/portable/GCC/ARM_CM4F/port.o
                0x08011550                PendSV_Handler
 .text.SysTick_Handler
                0x080115b8       0x44 ./Middlewares/Third_Party/FreeRTOS/Source/portable/GCC/ARM_CM4F/port.o
                0x080115b8                SysTick_Handler
 .text.vPortSetupTimerInterrupt
                0x080115fc       0x48 ./Middlewares/Third_Party/FreeRTOS/Source/portable/GCC/ARM_CM4F/port.o
                0x080115fc                vPortSetupTimerInterrupt
 .text.vPortEnableVFP
                0x08011644       0x14 ./Middlewares/Third_Party/FreeRTOS/Source/portable/GCC/ARM_CM4F/port.o
 .text.vPortValidateInterruptPriority
                0x08011658       0x84 ./Middlewares/Third_Party/FreeRTOS/Source/portable/GCC/ARM_CM4F/port.o
                0x08011658                vPortValidateInterruptPriority
 .text.pvPortMalloc
                0x080116dc      0x19c ./Middlewares/Third_Party/FreeRTOS/Source/portable/MemMang/heap_4.o
                0x080116dc                pvPortMalloc
 .text.vPortFree
                0x08011878       0xc8 ./Middlewares/Third_Party/FreeRTOS/Source/portable/MemMang/heap_4.o
                0x08011878                vPortFree
 .text.prvHeapInit
                0x08011940       0xc4 ./Middlewares/Third_Party/FreeRTOS/Source/portable/MemMang/heap_4.o
 .text.prvInsertBlockIntoFreeList
                0x08011a04       0xb4 ./Middlewares/Third_Party/FreeRTOS/Source/portable/MemMang/heap_4.o
 .text.BuzzerTask_HeartbeatBeep
                0x08011ab8       0x18 ./User/Src/buzzer_task.o
                0x08011ab8                BuzzerTask_HeartbeatBeep
 .text.J60_Motor_Offline_Beep
                0x08011ad0       0x3c ./User/Src/buzzer_task.o
                0x08011ad0                J60_Motor_Offline_Beep
 .text.BuzzerTask_UART_Disconnected_Beep
                0x08011b0c       0x42 ./User/Src/buzzer_task.o
                0x08011b0c                BuzzerTask_UART_Disconnected_Beep
 *fill*         0x08011b4e        0x2 
 .text.BUZZER_TASK
                0x08011b50       0x6c ./User/Src/buzzer_task.o
                0x08011b50                BUZZER_TASK
 .text.DJI_NDJ_REMOTE_PROCESS
                0x08011bbc      0x2c8 ./User/Src/dji_ndj_remote.o
                0x08011bbc                DJI_NDJ_REMOTE_PROCESS
 .text.DJI_NDJ_REMOTE_CHECK_ONLINE
                0x08011e84       0x38 ./User/Src/dji_ndj_remote.o
                0x08011e84                DJI_NDJ_REMOTE_CHECK_ONLINE
 .text.DJI_NDJ_REMOTE_RESET
                0x08011ebc       0xa2 ./User/Src/dji_ndj_remote.o
                0x08011ebc                DJI_NDJ_REMOTE_RESET
 .text.AHRS_init
                0x08011f5e       0x3a ./User/Src/imu_task.o
                0x08011f5e                AHRS_init
 .text.AHRS_update
                0x08011f98       0x5e ./User/Src/imu_task.o
                0x08011f98                AHRS_update
 .text.GetAngle
                0x08011ff6      0x14a ./User/Src/imu_task.o
                0x08011ff6                GetAngle
 .text.TransformAccelToWorldFrame
                0x08012140      0x248 ./User/Src/imu_task.o
                0x08012140                TransformAccelToWorldFrame
 .text.CalculateVelocity
                0x08012388      0x160 ./User/Src/imu_task.o
                0x08012388                CalculateVelocity
 .text.CalculateProjectedGravity
                0x080124e8      0x12c ./User/Src/imu_task.o
                0x080124e8                CalculateProjectedGravity
 .text.ImuTask_Entry
                0x08012614      0x194 ./User/Src/imu_task.o
                0x08012614                ImuTask_Entry
 .text.j60_10_TASK
                0x080127a8      0x268 ./User/Src/j60_10motor_task.o
                0x080127a8                j60_10_TASK
 .text.J60_10_MOTOR_ONLINE_CHECK
                0x08012a10       0x60 ./User/Src/j60_10motor_task.o
                0x08012a10                J60_10_MOTOR_ONLINE_CHECK
 .text.MCU_TO_PC_DATA_ASSIGN
                0x08012a70      0x168 ./User/Src/pc_mcu_uart.o
                0x08012a70                MCU_TO_PC_DATA_ASSIGN
 .text.crc16_ccitt
                0x08012bd8       0x80 ./User/Src/pc_mcu_uart.o
                0x08012bd8                crc16_ccitt
 .text.UART_Error_Recovery
                0x08012c58       0x5c ./User/Src/pc_mcu_uart.o
                0x08012c58                UART_Error_Recovery
 .text.Check_Receive_Timeout
                0x08012cb4       0x34 ./User/Src/pc_mcu_uart.o
                0x08012cb4                Check_Receive_Timeout
 .text.PC_MCU_UART_Process_Received_Data
                0x08012ce8       0xc0 ./User/Src/pc_mcu_uart.o
                0x08012ce8                PC_MCU_UART_Process_Received_Data
 .text.PC_MCU_UART_TASK
                0x08012da8       0x90 ./User/Src/pc_mcu_uart.o
                0x08012da8                PC_MCU_UART_TASK
 .text.PC_MCU_UART_Is_Connected
                0x08012e38       0x38 ./User/Src/pc_mcu_uart.o
                0x08012e38                PC_MCU_UART_Is_Connected
 .text.PC_MCU_UART_Get_Time_Since_Last_Receive
                0x08012e70       0x30 ./User/Src/pc_mcu_uart.o
                0x08012e70                PC_MCU_UART_Get_Time_Since_Last_Receive
 .text.memset   0x08012ea0       0x10 C:/ST/STM32CubeIDE_1.15.1/STM32CubeIDE/plugins/com.st.stm32cube.ide.mcu.externaltools.gnu-tools-for-stm32.13.3.rel1.win32_1.0.0.202411081344/tools/bin/../lib/gcc/arm-none-eabi/13.3.1/../../../../arm-none-eabi/lib/thumb/v7e-m+dp/hard\libc_nano.a(libc_a-memset.o)
                0x08012ea0                memset
 .text._reclaim_reent
                0x08012eb0       0xbc C:/ST/STM32CubeIDE_1.15.1/STM32CubeIDE/plugins/com.st.stm32cube.ide.mcu.externaltools.gnu-tools-for-stm32.13.3.rel1.win32_1.0.0.202411081344/tools/bin/../lib/gcc/arm-none-eabi/13.3.1/../../../../arm-none-eabi/lib/thumb/v7e-m+dp/hard\libc_nano.a(libc_a-reent.o)
                0x08012eb0                _reclaim_reent
 .text.__errno  0x08012f6c        0xc C:/ST/STM32CubeIDE_1.15.1/STM32CubeIDE/plugins/com.st.stm32cube.ide.mcu.externaltools.gnu-tools-for-stm32.13.3.rel1.win32_1.0.0.202411081344/tools/bin/../lib/gcc/arm-none-eabi/13.3.1/../../../../arm-none-eabi/lib/thumb/v7e-m+dp/hard\libc_nano.a(libc_a-errno.o)
                0x08012f6c                __errno
 .text.__libc_init_array
                0x08012f78       0x48 C:/ST/STM32CubeIDE_1.15.1/STM32CubeIDE/plugins/com.st.stm32cube.ide.mcu.externaltools.gnu-tools-for-stm32.13.3.rel1.win32_1.0.0.202411081344/tools/bin/../lib/gcc/arm-none-eabi/13.3.1/../../../../arm-none-eabi/lib/thumb/v7e-m+dp/hard\libc_nano.a(libc_a-init.o)
                0x08012f78                __libc_init_array
 .text.__retarget_lock_acquire_recursive
                0x08012fc0        0x2 C:/ST/STM32CubeIDE_1.15.1/STM32CubeIDE/plugins/com.st.stm32cube.ide.mcu.externaltools.gnu-tools-for-stm32.13.3.rel1.win32_1.0.0.202411081344/tools/bin/../lib/gcc/arm-none-eabi/13.3.1/../../../../arm-none-eabi/lib/thumb/v7e-m+dp/hard\libc_nano.a(libc_a-lock.o)
                0x08012fc0                __retarget_lock_acquire_recursive
 .text.__retarget_lock_release_recursive
                0x08012fc2        0x2 C:/ST/STM32CubeIDE_1.15.1/STM32CubeIDE/plugins/com.st.stm32cube.ide.mcu.externaltools.gnu-tools-for-stm32.13.3.rel1.win32_1.0.0.202411081344/tools/bin/../lib/gcc/arm-none-eabi/13.3.1/../../../../arm-none-eabi/lib/thumb/v7e-m+dp/hard\libc_nano.a(libc_a-lock.o)
                0x08012fc2                __retarget_lock_release_recursive
 .text.memcpy   0x08012fc4       0x1c C:/ST/STM32CubeIDE_1.15.1/STM32CubeIDE/plugins/com.st.stm32cube.ide.mcu.externaltools.gnu-tools-for-stm32.13.3.rel1.win32_1.0.0.202411081344/tools/bin/../lib/gcc/arm-none-eabi/13.3.1/../../../../arm-none-eabi/lib/thumb/v7e-m+dp/hard\libc_nano.a(libc_a-memcpy-stub.o)
                0x08012fc4                memcpy
 .text._free_r  0x08012fe0       0x94 C:/ST/STM32CubeIDE_1.15.1/STM32CubeIDE/plugins/com.st.stm32cube.ide.mcu.externaltools.gnu-tools-for-stm32.13.3.rel1.win32_1.0.0.202411081344/tools/bin/../lib/gcc/arm-none-eabi/13.3.1/../../../../arm-none-eabi/lib/thumb/v7e-m+dp/hard\libc_nano.a(libc_a-freer.o)
                0x08012fe0                _free_r
 .text.__malloc_lock
                0x08013074        0xc C:/ST/STM32CubeIDE_1.15.1/STM32CubeIDE/plugins/com.st.stm32cube.ide.mcu.externaltools.gnu-tools-for-stm32.13.3.rel1.win32_1.0.0.202411081344/tools/bin/../lib/gcc/arm-none-eabi/13.3.1/../../../../arm-none-eabi/lib/thumb/v7e-m+dp/hard\libc_nano.a(libc_a-mlock.o)
                0x08013074                __malloc_lock
 .text.__malloc_unlock
                0x08013080        0xc C:/ST/STM32CubeIDE_1.15.1/STM32CubeIDE/plugins/com.st.stm32cube.ide.mcu.externaltools.gnu-tools-for-stm32.13.3.rel1.win32_1.0.0.202411081344/tools/bin/../lib/gcc/arm-none-eabi/13.3.1/../../../../arm-none-eabi/lib/thumb/v7e-m+dp/hard\libc_nano.a(libc_a-mlock.o)
                0x08013080                __malloc_unlock
 .text.asinf    0x0801308c       0x58 C:/ST/STM32CubeIDE_1.15.1/STM32CubeIDE/plugins/com.st.stm32cube.ide.mcu.externaltools.gnu-tools-for-stm32.13.3.rel1.win32_1.0.0.202411081344/tools/bin/../lib/gcc/arm-none-eabi/13.3.1/../../../../arm-none-eabi/lib/thumb/v7e-m+dp/hard\libm.a(libm_a-wf_asin.o)
                0x0801308c                asinf
 .text.atan2f   0x080130e4        0x4 C:/ST/STM32CubeIDE_1.15.1/STM32CubeIDE/plugins/com.st.stm32cube.ide.mcu.externaltools.gnu-tools-for-stm32.13.3.rel1.win32_1.0.0.202411081344/tools/bin/../lib/gcc/arm-none-eabi/13.3.1/../../../../arm-none-eabi/lib/thumb/v7e-m+dp/hard\libm.a(libm_a-wf_atan2.o)
                0x080130e4                atan2f
 .text.fabsf    0x080130e8        0xe C:/ST/STM32CubeIDE_1.15.1/STM32CubeIDE/plugins/com.st.stm32cube.ide.mcu.externaltools.gnu-tools-for-stm32.13.3.rel1.win32_1.0.0.202411081344/tools/bin/../lib/gcc/arm-none-eabi/13.3.1/../../../../arm-none-eabi/lib/thumb/v7e-m+dp/hard\libm.a(libm_a-sf_fabs.o)
                0x080130e8                fabsf
 *fill*         0x080130f6        0x2 
 .text.nanf     0x080130f8        0xc C:/ST/STM32CubeIDE_1.15.1/STM32CubeIDE/plugins/com.st.stm32cube.ide.mcu.externaltools.gnu-tools-for-stm32.13.3.rel1.win32_1.0.0.202411081344/tools/bin/../lib/gcc/arm-none-eabi/13.3.1/../../../../arm-none-eabi/lib/thumb/v7e-m+dp/hard\libm.a(libm_a-sf_nan.o)
                0x080130f8                nanf
 .text.sinf_poly
                0x08013104       0x54 C:/ST/STM32CubeIDE_1.15.1/STM32CubeIDE/plugins/com.st.stm32cube.ide.mcu.externaltools.gnu-tools-for-stm32.13.3.rel1.win32_1.0.0.202411081344/tools/bin/../lib/gcc/arm-none-eabi/13.3.1/../../../../arm-none-eabi/lib/thumb/v7e-m+dp/hard\libm.a(libm_a-sinf.o)
 .text.sinf     0x08013158      0x130 C:/ST/STM32CubeIDE_1.15.1/STM32CubeIDE/plugins/com.st.stm32cube.ide.mcu.externaltools.gnu-tools-for-stm32.13.3.rel1.win32_1.0.0.202411081344/tools/bin/../lib/gcc/arm-none-eabi/13.3.1/../../../../arm-none-eabi/lib/thumb/v7e-m+dp/hard\libm.a(libm_a-sinf.o)
                0x08013158                sinf
 .text.sinf_poly
                0x08013288       0x54 C:/ST/STM32CubeIDE_1.15.1/STM32CubeIDE/plugins/com.st.stm32cube.ide.mcu.externaltools.gnu-tools-for-stm32.13.3.rel1.win32_1.0.0.202411081344/tools/bin/../lib/gcc/arm-none-eabi/13.3.1/../../../../arm-none-eabi/lib/thumb/v7e-m+dp/hard\libm.a(libm_a-cosf.o)
 *fill*         0x080132dc        0x4 
 .text.cosf     0x080132e0      0x140 C:/ST/STM32CubeIDE_1.15.1/STM32CubeIDE/plugins/com.st.stm32cube.ide.mcu.externaltools.gnu-tools-for-stm32.13.3.rel1.win32_1.0.0.202411081344/tools/bin/../lib/gcc/arm-none-eabi/13.3.1/../../../../arm-none-eabi/lib/thumb/v7e-m+dp/hard\libm.a(libm_a-cosf.o)
                0x080132e0                cosf
 .text.with_errnof
                0x08013420       0x1c C:/ST/STM32CubeIDE_1.15.1/STM32CubeIDE/plugins/com.st.stm32cube.ide.mcu.externaltools.gnu-tools-for-stm32.13.3.rel1.win32_1.0.0.202411081344/tools/bin/../lib/gcc/arm-none-eabi/13.3.1/../../../../arm-none-eabi/lib/thumb/v7e-m+dp/hard\libm.a(libm_a-math_errf.o)
 .text.__math_invalidf
                0x0801343c       0x1e C:/ST/STM32CubeIDE_1.15.1/STM32CubeIDE/plugins/com.st.stm32cube.ide.mcu.externaltools.gnu-tools-for-stm32.13.3.rel1.win32_1.0.0.202411081344/tools/bin/../lib/gcc/arm-none-eabi/13.3.1/../../../../arm-none-eabi/lib/thumb/v7e-m+dp/hard\libm.a(libm_a-math_errf.o)
                0x0801343c                __math_invalidf
 *fill*         0x0801345a        0x2 
 .text.__ieee754_asinf
                0x0801345c      0x1c8 C:/ST/STM32CubeIDE_1.15.1/STM32CubeIDE/plugins/com.st.stm32cube.ide.mcu.externaltools.gnu-tools-for-stm32.13.3.rel1.win32_1.0.0.202411081344/tools/bin/../lib/gcc/arm-none-eabi/13.3.1/../../../../arm-none-eabi/lib/thumb/v7e-m+dp/hard\libm.a(libm_a-ef_asin.o)
                0x0801345c                __ieee754_asinf
 .text.__ieee754_atan2f
                0x08013624      0x13c C:/ST/STM32CubeIDE_1.15.1/STM32CubeIDE/plugins/com.st.stm32cube.ide.mcu.externaltools.gnu-tools-for-stm32.13.3.rel1.win32_1.0.0.202411081344/tools/bin/../lib/gcc/arm-none-eabi/13.3.1/../../../../arm-none-eabi/lib/thumb/v7e-m+dp/hard\libm.a(libm_a-ef_atan2.o)
                0x08013624                __ieee754_atan2f
 .text.atanf    0x08013760      0x1a8 C:/ST/STM32CubeIDE_1.15.1/STM32CubeIDE/plugins/com.st.stm32cube.ide.mcu.externaltools.gnu-tools-for-stm32.13.3.rel1.win32_1.0.0.202411081344/tools/bin/../lib/gcc/arm-none-eabi/13.3.1/../../../../arm-none-eabi/lib/thumb/v7e-m+dp/hard\libm.a(libm_a-sf_atan.o)
                0x08013760                atanf
 .text.__ieee754_sqrtf
                0x08013908        0x6 C:/ST/STM32CubeIDE_1.15.1/STM32CubeIDE/plugins/com.st.stm32cube.ide.mcu.externaltools.gnu-tools-for-stm32.13.3.rel1.win32_1.0.0.202411081344/tools/bin/../lib/gcc/arm-none-eabi/13.3.1/../../../../arm-none-eabi/lib/thumb/v7e-m+dp/hard\libm.a(libm_a-ef_sqrt.o)
                0x08013908                __ieee754_sqrtf
 *(.glue_7)
 .glue_7        0x0801390e        0x0 linker stubs
 *(.glue_7t)
 .glue_7t       0x0801390e        0x0 linker stubs
 *(.eh_frame)
 *fill*         0x0801390e        0x2 
 .eh_frame      0x08013910        0x0 C:/ST/STM32CubeIDE_1.15.1/STM32CubeIDE/plugins/com.st.stm32cube.ide.mcu.externaltools.gnu-tools-for-stm32.13.3.rel1.win32_1.0.0.202411081344/tools/bin/../lib/gcc/arm-none-eabi/13.3.1/thumb/v7e-m+dp/hard/crtbegin.o
 *(.init)
 .init          0x08013910        0x4 C:/ST/STM32CubeIDE_1.15.1/STM32CubeIDE/plugins/com.st.stm32cube.ide.mcu.externaltools.gnu-tools-for-stm32.13.3.rel1.win32_1.0.0.202411081344/tools/bin/../lib/gcc/arm-none-eabi/13.3.1/thumb/v7e-m+dp/hard/crti.o
                0x08013910                _init
 .init          0x08013914        0x8 C:/ST/STM32CubeIDE_1.15.1/STM32CubeIDE/plugins/com.st.stm32cube.ide.mcu.externaltools.gnu-tools-for-stm32.13.3.rel1.win32_1.0.0.202411081344/tools/bin/../lib/gcc/arm-none-eabi/13.3.1/thumb/v7e-m+dp/hard/crtn.o
 *(.fini)
 .fini          0x0801391c        0x4 C:/ST/STM32CubeIDE_1.15.1/STM32CubeIDE/plugins/com.st.stm32cube.ide.mcu.externaltools.gnu-tools-for-stm32.13.3.rel1.win32_1.0.0.202411081344/tools/bin/../lib/gcc/arm-none-eabi/13.3.1/thumb/v7e-m+dp/hard/crti.o
                0x0801391c                _fini
 .fini          0x08013920        0x8 C:/ST/STM32CubeIDE_1.15.1/STM32CubeIDE/plugins/com.st.stm32cube.ide.mcu.externaltools.gnu-tools-for-stm32.13.3.rel1.win32_1.0.0.202411081344/tools/bin/../lib/gcc/arm-none-eabi/13.3.1/thumb/v7e-m+dp/hard/crtn.o
                0x08013928                        . = ALIGN (0x4)
                0x08013928                        _etext = .

.vfp11_veneer   0x08013928        0x0
 .vfp11_veneer  0x08013928        0x0 linker stubs

.v4_bx          0x08013928        0x0
 .v4_bx         0x08013928        0x0 linker stubs

.iplt           0x08013928        0x0
 .iplt          0x08013928        0x0 C:/ST/STM32CubeIDE_1.15.1/STM32CubeIDE/plugins/com.st.stm32cube.ide.mcu.externaltools.gnu-tools-for-stm32.13.3.rel1.win32_1.0.0.202411081344/tools/bin/../lib/gcc/arm-none-eabi/13.3.1/thumb/v7e-m+dp/hard/crtbegin.o

.rodata         0x08013928      0x370
                0x08013928                        . = ALIGN (0x4)
 *(.rodata)
 .rodata        0x08013928       0x38 ./BSP/Src/buzzer.o
 .rodata        0x08013960       0xf0 ./Core/Src/freertos.o
 .rodata        0x08013a50       0x4c ./Drivers/STM32H7xx_HAL_Driver/Src/stm32h7xx_hal_fdcan.o
 .rodata        0x08013a9c        0x5 ./Middlewares/Third_Party/FreeRTOS/Source/tasks.o
 *fill*         0x08013aa1        0x3 
 .rodata        0x08013aa4        0xd ./Middlewares/Third_Party/FreeRTOS/Source/timers.o
 *fill*         0x08013ab1        0x3 
 .rodata        0x08013ab4       0x18 ./User/Src/buzzer_task.o
 *(.rodata*)
 .rodata.D1CorePrescTable
                0x08013acc       0x10 ./Core/Src/system_stm32h7xx.o
                0x08013acc                D1CorePrescTable
 .rodata.flagBitshiftOffset.0
                0x08013adc        0x8 ./Drivers/STM32H7xx_HAL_Driver/Src/stm32h7xx_hal_dma.o
 .rodata.DLCtoBytes
                0x08013ae4       0x10 ./Drivers/STM32H7xx_HAL_Driver/Src/stm32h7xx_hal_fdcan.o
 .rodata.UARTPrescTable
                0x08013af4       0x18 ./Drivers/STM32H7xx_HAL_Driver/Src/stm32h7xx_hal_uart.o
                0x08013af4                UARTPrescTable
 .rodata.numerator.1
                0x08013b0c        0x8 ./Drivers/STM32H7xx_HAL_Driver/Src/stm32h7xx_hal_uart_ex.o
 .rodata.denominator.0
                0x08013b14        0x8 ./Drivers/STM32H7xx_HAL_Driver/Src/stm32h7xx_hal_uart_ex.o
 .rodata.asinf.str1.1
                0x08013b1c        0x1 C:/ST/STM32CubeIDE_1.15.1/STM32CubeIDE/plugins/com.st.stm32cube.ide.mcu.externaltools.gnu-tools-for-stm32.13.3.rel1.win32_1.0.0.202411081344/tools/bin/../lib/gcc/arm-none-eabi/13.3.1/../../../../arm-none-eabi/lib/thumb/v7e-m+dp/hard\libm.a(libm_a-wf_asin.o)
 *fill*         0x08013b1d        0x3 
 .rodata.__inv_pio4
                0x08013b20       0x60 C:/ST/STM32CubeIDE_1.15.1/STM32CubeIDE/plugins/com.st.stm32cube.ide.mcu.externaltools.gnu-tools-for-stm32.13.3.rel1.win32_1.0.0.202411081344/tools/bin/../lib/gcc/arm-none-eabi/13.3.1/../../../../arm-none-eabi/lib/thumb/v7e-m+dp/hard\libm.a(libm_a-sincosf_data.o)
                0x08013b20                __inv_pio4
 .rodata.__sincosf_table
                0x08013b80       0xe0 C:/ST/STM32CubeIDE_1.15.1/STM32CubeIDE/plugins/com.st.stm32cube.ide.mcu.externaltools.gnu-tools-for-stm32.13.3.rel1.win32_1.0.0.202411081344/tools/bin/../lib/gcc/arm-none-eabi/13.3.1/../../../../arm-none-eabi/lib/thumb/v7e-m+dp/hard\libm.a(libm_a-sincosf_data.o)
                0x08013b80                __sincosf_table
 .rodata.CSWTCH.9
                0x08013c60        0xc C:/ST/STM32CubeIDE_1.15.1/STM32CubeIDE/plugins/com.st.stm32cube.ide.mcu.externaltools.gnu-tools-for-stm32.13.3.rel1.win32_1.0.0.202411081344/tools/bin/../lib/gcc/arm-none-eabi/13.3.1/../../../../arm-none-eabi/lib/thumb/v7e-m+dp/hard\libm.a(libm_a-ef_atan2.o)
 .rodata.CSWTCH.8
                0x08013c6c        0xc C:/ST/STM32CubeIDE_1.15.1/STM32CubeIDE/plugins/com.st.stm32cube.ide.mcu.externaltools.gnu-tools-for-stm32.13.3.rel1.win32_1.0.0.202411081344/tools/bin/../lib/gcc/arm-none-eabi/13.3.1/../../../../arm-none-eabi/lib/thumb/v7e-m+dp/hard\libm.a(libm_a-ef_atan2.o)
 .rodata.atanlo
                0x08013c78       0x10 C:/ST/STM32CubeIDE_1.15.1/STM32CubeIDE/plugins/com.st.stm32cube.ide.mcu.externaltools.gnu-tools-for-stm32.13.3.rel1.win32_1.0.0.202411081344/tools/bin/../lib/gcc/arm-none-eabi/13.3.1/../../../../arm-none-eabi/lib/thumb/v7e-m+dp/hard\libm.a(libm_a-sf_atan.o)
 .rodata.atanhi
                0x08013c88       0x10 C:/ST/STM32CubeIDE_1.15.1/STM32CubeIDE/plugins/com.st.stm32cube.ide.mcu.externaltools.gnu-tools-for-stm32.13.3.rel1.win32_1.0.0.202411081344/tools/bin/../lib/gcc/arm-none-eabi/13.3.1/../../../../arm-none-eabi/lib/thumb/v7e-m+dp/hard\libm.a(libm_a-sf_atan.o)
                0x08013c98                        . = ALIGN (0x4)

.ARM.extab
 *(.ARM.extab* .gnu.linkonce.armextab.*)

.ARM            0x08013c98        0x8
                0x08013c98                        __exidx_start = .
 *(.ARM.exidx*)
 .ARM.exidx     0x08013c98        0x8 C:/ST/STM32CubeIDE_1.15.1/STM32CubeIDE/plugins/com.st.stm32cube.ide.mcu.externaltools.gnu-tools-for-stm32.13.3.rel1.win32_1.0.0.202411081344/tools/bin/../lib/gcc/arm-none-eabi/13.3.1/thumb/v7e-m+dp/hard\libgcc.a(_udivmoddi4.o)
                0x08013ca0                        __exidx_end = .

.preinit_array  0x08013ca0        0x0
                0x08013ca0                        PROVIDE (__preinit_array_start = .)
 *(.preinit_array*)
                0x08013ca0                        PROVIDE (__preinit_array_end = .)

.init_array     0x08013ca0        0x4
                0x08013ca0                        PROVIDE (__init_array_start = .)
 *(SORT_BY_NAME(.init_array.*))
 *(.init_array*)
 .init_array    0x08013ca0        0x4 C:/ST/STM32CubeIDE_1.15.1/STM32CubeIDE/plugins/com.st.stm32cube.ide.mcu.externaltools.gnu-tools-for-stm32.13.3.rel1.win32_1.0.0.202411081344/tools/bin/../lib/gcc/arm-none-eabi/13.3.1/thumb/v7e-m+dp/hard/crtbegin.o
                0x08013ca4                        PROVIDE (__init_array_end = .)

.fini_array     0x08013ca4        0x4
                [!provide]                        PROVIDE (__fini_array_start = .)
 *(SORT_BY_NAME(.fini_array.*))
 *(.fini_array*)
 .fini_array    0x08013ca4        0x4 C:/ST/STM32CubeIDE_1.15.1/STM32CubeIDE/plugins/com.st.stm32cube.ide.mcu.externaltools.gnu-tools-for-stm32.13.3.rel1.win32_1.0.0.202411081344/tools/bin/../lib/gcc/arm-none-eabi/13.3.1/thumb/v7e-m+dp/hard/crtbegin.o
                [!provide]                        PROVIDE (__fini_array_end = .)
                0x08013ca8                        _sidata = LOADADDR (.data)

.rel.dyn        0x08013ca8        0x0
 .rel.iplt      0x08013ca8        0x0 C:/ST/STM32CubeIDE_1.15.1/STM32CubeIDE/plugins/com.st.stm32cube.ide.mcu.externaltools.gnu-tools-for-stm32.13.3.rel1.win32_1.0.0.202411081344/tools/bin/../lib/gcc/arm-none-eabi/13.3.1/thumb/v7e-m+dp/hard/crtbegin.o

.data           0x24000000       0xbc load address 0x08013ca8
                0x24000000                        . = ALIGN (0x4)
                0x24000000                        _sdata = .
 *(.data)
 *(.data*)
 .data.twoKp    0x24000000        0x4 ./Algo/Src/MahonyAHRS.o
                0x24000000                twoKp
 .data.BMI088_ACCEL_SEN
                0x24000004        0x4 ./BSP/Src/BMI088driver.o
                0x24000004                BMI088_ACCEL_SEN
 .data.BMI088_GYRO_SEN
                0x24000008        0x4 ./BSP/Src/BMI088driver.o
                0x24000008                BMI088_GYRO_SEN
 .data.write_BMI088_accel_reg_data_error
                0x2400000c       0x12 ./BSP/Src/BMI088driver.o
 *fill*         0x2400001e        0x2 
 .data.write_BMI088_gyro_reg_data_error
                0x24000020       0x12 ./BSP/Src/BMI088driver.o
 .data.buzzer_volume
                0x24000032        0x1 ./BSP/Src/buzzer.o
 *fill*         0x24000033        0x1 
 .data.timer_clock_freq
                0x24000034        0x4 ./BSP/Src/buzzer.o
 .data.prescaler
                0x24000038        0x4 ./BSP/Src/buzzer.o
 .data.SystemCoreClock
                0x2400003c        0x4 ./Core/Src/system_stm32h7xx.o
                0x2400003c                SystemCoreClock
 .data.SystemD2Clock
                0x24000040        0x4 ./Core/Src/system_stm32h7xx.o
                0x24000040                SystemD2Clock
 .data.uwTickPrio
                0x24000044        0x4 ./Drivers/STM32H7xx_HAL_Driver/Src/stm32h7xx_hal.o
                0x24000044                uwTickPrio
 .data.uwTickFreq
                0x24000048        0x1 ./Drivers/STM32H7xx_HAL_Driver/Src/stm32h7xx_hal.o
                0x24000048                uwTickFreq
 *fill*         0x24000049        0x3 
 .data.uxCriticalNesting
                0x2400004c        0x4 ./Middlewares/Third_Party/FreeRTOS/Source/portable/GCC/ARM_CM4F/port.o
 .data.pc_mcu_rx_data
                0x24000050       0x1c ./User/Src/pc_mcu_uart.o
                0x24000050                pc_mcu_rx_data
 .data._impure_ptr
                0x2400006c        0x4 C:/ST/STM32CubeIDE_1.15.1/STM32CubeIDE/plugins/com.st.stm32cube.ide.mcu.externaltools.gnu-tools-for-stm32.13.3.rel1.win32_1.0.0.202411081344/tools/bin/../lib/gcc/arm-none-eabi/13.3.1/../../../../arm-none-eabi/lib/thumb/v7e-m+dp/hard\libc_nano.a(libc_a-impure.o)
                0x2400006c                _impure_ptr
 .data._impure_data
                0x24000070       0x4c C:/ST/STM32CubeIDE_1.15.1/STM32CubeIDE/plugins/com.st.stm32cube.ide.mcu.externaltools.gnu-tools-for-stm32.13.3.rel1.win32_1.0.0.202411081344/tools/bin/../lib/gcc/arm-none-eabi/13.3.1/../../../../arm-none-eabi/lib/thumb/v7e-m+dp/hard\libc_nano.a(libc_a-impure.o)
                0x24000070                _impure_data
 *(.RamFunc)
 *(.RamFunc*)
                0x240000bc                        . = ALIGN (0x4)
                0x240000bc                        _edata = .

.igot.plt       0x240000bc        0x0 load address 0x08013d64
 .igot.plt      0x240000bc        0x0 C:/ST/STM32CubeIDE_1.15.1/STM32CubeIDE/plugins/com.st.stm32cube.ide.mcu.externaltools.gnu-tools-for-stm32.13.3.rel1.win32_1.0.0.202411081344/tools/bin/../lib/gcc/arm-none-eabi/13.3.1/thumb/v7e-m+dp/hard/crtbegin.o
                0x240000bc                        . = ALIGN (0x4)

.bss            0x240000bc     0x5e9c load address 0x08013d64
                0x240000bc                        _sbss = .
                0x240000bc                        __bss_start__ = _sbss
 *(.bss)
 .bss           0x240000bc       0x1c C:/ST/STM32CubeIDE_1.15.1/STM32CubeIDE/plugins/com.st.stm32cube.ide.mcu.externaltools.gnu-tools-for-stm32.13.3.rel1.win32_1.0.0.202411081344/tools/bin/../lib/gcc/arm-none-eabi/13.3.1/thumb/v7e-m+dp/hard/crtbegin.o
 *(.bss*)
 .bss.twoKi     0x240000d8        0x4 ./Algo/Src/MahonyAHRS.o
                0x240000d8                twoKi
 .bss.integralFBx
                0x240000dc        0x4 ./Algo/Src/MahonyAHRS.o
                0x240000dc                integralFBx
 .bss.integralFBy
                0x240000e0        0x4 ./Algo/Src/MahonyAHRS.o
                0x240000e0                integralFBy
 .bss.integralFBz
                0x240000e4        0x4 ./Algo/Src/MahonyAHRS.o
                0x240000e4                integralFBz
 .bss.rx_data1  0x240000e8        0x8 ./BSP/Src/bsp_fdcan.o
                0x240000e8                rx_data1
 .bss.rec_id1   0x240000f0        0x2 ./BSP/Src/bsp_fdcan.o
                0x240000f0                rec_id1
 *fill*         0x240000f2        0x2 
 .bss.rx_data2  0x240000f4        0x8 ./BSP/Src/bsp_fdcan.o
                0x240000f4                rx_data2
 .bss.rec_id2   0x240000fc        0x2 ./BSP/Src/bsp_fdcan.o
                0x240000fc                rec_id2
 *fill*         0x240000fe        0x2 
 .bss.rx_data3  0x24000100        0x8 ./BSP/Src/bsp_fdcan.o
                0x24000100                rx_data3
 .bss.rec_id3   0x24000108        0x2 ./BSP/Src/bsp_fdcan.o
                0x24000108                rec_id3
 .bss.buzzer_state
                0x2400010a        0x1 ./BSP/Src/buzzer.o
 *fill*         0x2400010b        0x1 
 .bss.uart5_rx_buff
                0x2400010c       0x12 ./BSP/Src/uart_bsp.o
                0x2400010c                uart5_rx_buff
 *fill*         0x2400011e        0x2 
 .bss.hfdcan1   0x24000120       0xa0 ./Core/Src/fdcan.o
                0x24000120                hfdcan1
 .bss.hfdcan2   0x240001c0       0xa0 ./Core/Src/fdcan.o
                0x240001c0                hfdcan2
 .bss.hfdcan3   0x24000260       0xa0 ./Core/Src/fdcan.o
                0x24000260                hfdcan3
 .bss.HAL_RCC_FDCAN_CLK_ENABLED
                0x24000300        0x4 ./Core/Src/fdcan.o
 .bss.defaultTaskHandle
                0x24000304        0x4 ./Core/Src/freertos.o
                0x24000304                defaultTaskHandle
 .bss.PC_MCU_TASKHandle
                0x24000308        0x4 ./Core/Src/freertos.o
                0x24000308                PC_MCU_TASKHandle
 .bss.PC_MCU_TASKBuffer
                0x2400030c      0x200 ./Core/Src/freertos.o
                0x2400030c                PC_MCU_TASKBuffer
 .bss.PC_MCU_TASKControlBlock
                0x2400050c       0xa8 ./Core/Src/freertos.o
                0x2400050c                PC_MCU_TASKControlBlock
 .bss.imuTaskHandle
                0x240005b4        0x4 ./Core/Src/freertos.o
                0x240005b4                imuTaskHandle
 .bss.imuTaskBuffer
                0x240005b8      0x200 ./Core/Src/freertos.o
                0x240005b8                imuTaskBuffer
 .bss.imuTaskControlBlock
                0x240007b8       0xa8 ./Core/Src/freertos.o
                0x240007b8                imuTaskControlBlock
 .bss.buzzerTaskHandle
                0x24000860        0x4 ./Core/Src/freertos.o
                0x24000860                buzzerTaskHandle
 .bss.buzzerTaskBuffer
                0x24000864      0x200 ./Core/Src/freertos.o
                0x24000864                buzzerTaskBuffer
 .bss.buzzerTaskControlBlock
                0x24000a64       0xa8 ./Core/Src/freertos.o
                0x24000a64                buzzerTaskControlBlock
 .bss.J60_10TaskHandle
                0x24000b0c        0x4 ./Core/Src/freertos.o
                0x24000b0c                J60_10TaskHandle
 .bss.J60_10TaskBuffer
                0x24000b10      0x200 ./Core/Src/freertos.o
                0x24000b10                J60_10TaskBuffer
 .bss.J60_10TaskControlBlock
                0x24000d10       0xa8 ./Core/Src/freertos.o
                0x24000d10                J60_10TaskControlBlock
 .bss.DJI_NDJ_TASKHandle
                0x24000db8        0x4 ./Core/Src/freertos.o
                0x24000db8                DJI_NDJ_TASKHandle
 .bss.DJI_NDJ_TASKBuffer
                0x24000dbc      0x200 ./Core/Src/freertos.o
                0x24000dbc                DJI_NDJ_TASKBuffer
 .bss.DJI_NDJ_TASKControlBlock
                0x24000fbc       0xa8 ./Core/Src/freertos.o
                0x24000fbc                DJI_NDJ_TASKControlBlock
 .bss.xIdleTaskTCBBuffer
                0x24001064       0xa8 ./Core/Src/freertos.o
 .bss.xIdleStack
                0x2400110c      0x200 ./Core/Src/freertos.o
 .bss.xTimerTaskTCBBuffer
                0x2400130c       0xa8 ./Core/Src/freertos.o
 .bss.xTimerStack
                0x240013b4      0x400 ./Core/Src/freertos.o
 .bss.hspi2     0x240017b4       0x88 ./Core/Src/spi.o
                0x240017b4                hspi2
 .bss.htim23    0x2400183c       0x4c ./Core/Src/stm32h7xx_hal_timebase_tim.o
                0x2400183c                htim23
 .bss.htim12    0x24001888       0x4c ./Core/Src/tim.o
                0x24001888                htim12
 .bss.huart5    0x240018d4       0x94 ./Core/Src/usart.o
                0x240018d4                huart5
 .bss.huart10   0x24001968       0x94 ./Core/Src/usart.o
                0x24001968                huart10
 .bss.hdma_uart5_rx
                0x240019fc       0x78 ./Core/Src/usart.o
                0x240019fc                hdma_uart5_rx