Archive member included to satisfy reference by file (symbol)

C:/ST/STM32CubeIDE_1.15.1/STM32CubeIDE/plugins/com.st.stm32cube.ide.mcu.externaltools.gnu-tools-for-stm32.13.3.rel1.win32_1.0.0.202411081344/tools/bin/../lib/gcc/arm-none-eabi/13.3.1/../../../../arm-none-eabi/lib/thumb/v7e-m+dp/hard\libc_nano.a(libc_a-exit.o)
                              C:/ST/STM32CubeIDE_1.15.1/STM32CubeIDE/plugins/com.st.stm32cube.ide.mcu.externaltools.gnu-tools-for-stm32.13.3.rel1.win32_1.0.0.202411081344/tools/bin/../lib/gcc/arm-none-eabi/13.3.1/../../../../arm-none-eabi/lib/thumb/v7e-m+dp/hard/crt0.o (exit)
C:/ST/STM32CubeIDE_1.15.1/STM32CubeIDE/plugins/com.st.stm32cube.ide.mcu.externaltools.gnu-tools-for-stm32.13.3.rel1.win32_1.0.0.202411081344/tools/bin/../lib/gcc/arm-none-eabi/13.3.1/../../../../arm-none-eabi/lib/thumb/v7e-m+dp/hard\libc_nano.a(libc_a-findfp.o)
                              ./Middlewares/Third_Party/FreeRTOS/Source/tasks.o (__sf)
C:/ST/STM32CubeIDE_1.15.1/STM32CubeIDE/plugins/com.st.stm32cube.ide.mcu.externaltools.gnu-tools-for-stm32.13.3.rel1.win32_1.0.0.202411081344/tools/bin/../lib/gcc/arm-none-eabi/13.3.1/../../../../arm-none-eabi/lib/thumb/v7e-m+dp/hard\libc_nano.a(libc_a-fwalk.o)
                              C:/ST/STM32CubeIDE_1.15.1/STM32CubeIDE/plugins/com.st.stm32cube.ide.mcu.externaltools.gnu-tools-for-stm32.13.3.rel1.win32_1.0.0.202411081344/tools/bin/../lib/gcc/arm-none-eabi/13.3.1/../../../../arm-none-eabi/lib/thumb/v7e-m+dp/hard\libc_nano.a(libc_a-findfp.o) (_fwalk_sglue)
C:/ST/STM32CubeIDE_1.15.1/STM32CubeIDE/plugins/com.st.stm32cube.ide.mcu.externaltools.gnu-tools-for-stm32.13.3.rel1.win32_1.0.0.202411081344/tools/bin/../lib/gcc/arm-none-eabi/13.3.1/../../../../arm-none-eabi/lib/thumb/v7e-m+dp/hard\libc_nano.a(libc_a-stdio.o)
                              C:/ST/STM32CubeIDE_1.15.1/STM32CubeIDE/plugins/com.st.stm32cube.ide.mcu.externaltools.gnu-tools-for-stm32.13.3.rel1.win32_1.0.0.202411081344/tools/bin/../lib/gcc/arm-none-eabi/13.3.1/../../../../arm-none-eabi/lib/thumb/v7e-m+dp/hard\libc_nano.a(libc_a-findfp.o) (__sread)
C:/ST/STM32CubeIDE_1.15.1/STM32CubeIDE/plugins/com.st.stm32cube.ide.mcu.externaltools.gnu-tools-for-stm32.13.3.rel1.win32_1.0.0.202411081344/tools/bin/../lib/gcc/arm-none-eabi/13.3.1/../../../../arm-none-eabi/lib/thumb/v7e-m+dp/hard\libc_nano.a(libc_a-memset.o)
                              C:/ST/STM32CubeIDE_1.15.1/STM32CubeIDE/plugins/com.st.stm32cube.ide.mcu.externaltools.gnu-tools-for-stm32.13.3.rel1.win32_1.0.0.202411081344/tools/bin/../lib/gcc/arm-none-eabi/13.3.1/../../../../arm-none-eabi/lib/thumb/v7e-m+dp/hard/crt0.o (memset)
C:/ST/STM32CubeIDE_1.15.1/STM32CubeIDE/plugins/com.st.stm32cube.ide.mcu.externaltools.gnu-tools-for-stm32.13.3.rel1.win32_1.0.0.202411081344/tools/bin/../lib/gcc/arm-none-eabi/13.3.1/../../../../arm-none-eabi/lib/thumb/v7e-m+dp/hard\libc_nano.a(libc_a-closer.o)
                              C:/ST/STM32CubeIDE_1.15.1/STM32CubeIDE/plugins/com.st.stm32cube.ide.mcu.externaltools.gnu-tools-for-stm32.13.3.rel1.win32_1.0.0.202411081344/tools/bin/../lib/gcc/arm-none-eabi/13.3.1/../../../../arm-none-eabi/lib/thumb/v7e-m+dp/hard\libc_nano.a(libc_a-stdio.o) (_close_r)
C:/ST/STM32CubeIDE_1.15.1/STM32CubeIDE/plugins/com.st.stm32cube.ide.mcu.externaltools.gnu-tools-for-stm32.13.3.rel1.win32_1.0.0.202411081344/tools/bin/../lib/gcc/arm-none-eabi/13.3.1/../../../../arm-none-eabi/lib/thumb/v7e-m+dp/hard\libc_nano.a(libc_a-reent.o)
                              ./Middlewares/Third_Party/FreeRTOS/Source/tasks.o (_reclaim_reent)
C:/ST/STM32CubeIDE_1.15.1/STM32CubeIDE/plugins/com.st.stm32cube.ide.mcu.externaltools.gnu-tools-for-stm32.13.3.rel1.win32_1.0.0.202411081344/tools/bin/../lib/gcc/arm-none-eabi/13.3.1/../../../../arm-none-eabi/lib/thumb/v7e-m+dp/hard\libc_nano.a(libc_a-impure.o)
                              ./Middlewares/Third_Party/FreeRTOS/Source/tasks.o (_impure_ptr)
C:/ST/STM32CubeIDE_1.15.1/STM32CubeIDE/plugins/com.st.stm32cube.ide.mcu.externaltools.gnu-tools-for-stm32.13.3.rel1.win32_1.0.0.202411081344/tools/bin/../lib/gcc/arm-none-eabi/13.3.1/../../../../arm-none-eabi/lib/thumb/v7e-m+dp/hard\libc_nano.a(libc_a-lseekr.o)
                              C:/ST/STM32CubeIDE_1.15.1/STM32CubeIDE/plugins/com.st.stm32cube.ide.mcu.externaltools.gnu-tools-for-stm32.13.3.rel1.win32_1.0.0.202411081344/tools/bin/../lib/gcc/arm-none-eabi/13.3.1/../../../../arm-none-eabi/lib/thumb/v7e-m+dp/hard\libc_nano.a(libc_a-stdio.o) (_lseek_r)
C:/ST/STM32CubeIDE_1.15.1/STM32CubeIDE/plugins/com.st.stm32cube.ide.mcu.externaltools.gnu-tools-for-stm32.13.3.rel1.win32_1.0.0.202411081344/tools/bin/../lib/gcc/arm-none-eabi/13.3.1/../../../../arm-none-eabi/lib/thumb/v7e-m+dp/hard\libc_nano.a(libc_a-readr.o)
[...]
Memory Configuration

Name             Origin             Length             Attributes
ITCMRAM          0x00000000         0x00010000         xrw
DTCMRAM          0x20000000         0x00020000         xrw
FLASH            0x08000000         0x00100000         xr
RAM_D1           0x24000000         0x00050000         xrw
RAM_D2           0x30000000         0x00008000         xrw
RAM_D3           0x38000000         0x00004000         xrw
*default*        0x00000000         0xffffffff

Linker script and memory map

LOAD C:/ST/STM32CubeIDE_1.15.1/STM32CubeIDE/plugins/com.st.stm32cube.ide.mcu.externaltools.gnu-tools-for-stm32.13.3.rel1.win32_1.0.0.202411081344/tools/bin/../lib/gcc/arm-none-eabi/13.3.1/thumb/v7e-m+dp/hard/crti.o
LOAD C:/ST/STM32CubeIDE_1.15.1/STM32CubeIDE/plugins/com.st.stm32cube.ide.mcu.externaltools.gnu-tools-for-stm32.13.3.rel1.win32_1.0.0.202411081344/tools/bin/../lib/gcc/arm-none-eabi/13.3.1/thumb/v7e-m+dp/hard/crtbegin.o
LOAD C:/ST/STM32CubeIDE_1.15.1/STM32CubeIDE/plugins/com.st.stm32cube.ide.mcu.externaltools.gnu-tools-for-stm32.13.3.rel1.win32_1.0.0.202411081344/tools/bin/../lib/gcc/arm-none-eabi/13.3.1/../../../../arm-none-eabi/lib/thumb/v7e-m+dp/hard/crt0.o
LOAD ./Algo/Src/MahonyAHRS.o
LOAD ./BSP/Src/BMI088Middleware.o
LOAD ./BSP/Src/BMI088driver.o
LOAD ./BSP/Src/bsp_fdcan.o
LOAD ./BSP/Src/buzzer.o
LOAD ./BSP/Src/j60_10.o
LOAD ./BSP/Src/uart_bsp.o
LOAD ./Core/Src/fdcan.o
LOAD ./Core/Src/freertos.o
LOAD ./Core/Src/gpio.o
LOAD ./Core/Src/main.o
LOAD ./Core/Src/spi.o
LOAD ./Core/Src/stm32h7xx_hal_msp.o
LOAD ./Core/Src/stm32h7xx_hal_timebase_tim.o
LOAD ./Core/Src/stm32h7xx_it.o
LOAD ./Core/Src/syscalls.o
LOAD ./Core/Src/sysmem.o
LOAD ./Core/Src/system_stm32h7xx.o
LOAD ./Core/Src/tim.o
LOAD ./Core/Src/usart.o
LOAD ./Core/Startup/startup_stm32h723vgtx.o
LOAD ./Drivers/STM32H7xx_HAL_Driver/Src/stm32h7xx_hal.o
LOAD ./Drivers/STM32H7xx_HAL_Driver/Src/stm32h7xx_hal_cortex.o
LOAD ./Drivers/STM32H7xx_HAL_Driver/Src/stm32h7xx_hal_dma.o
LOAD ./Drivers/STM32H7xx_HAL_Driver/Src/stm32h7xx_hal_dma_ex.o
LOAD ./Drivers/STM32H7xx_HAL_Driver/Src/stm32h7xx_hal_exti.o
LOAD ./Drivers/STM32H7xx_HAL_Driver/Src/stm32h7xx_hal_fdcan.o
LOAD ./Drivers/STM32H7xx_HAL_Driver/Src/stm32h7xx_hal_flash.o
LOAD ./Drivers/STM32H7xx_HAL_Driver/Src/stm32h7xx_hal_flash_ex.o
LOAD ./Drivers/STM32H7xx_HAL_Driver/Src/stm32h7xx_hal_gpio.o
LOAD ./Drivers/STM32H7xx_HAL_Driver/Src/stm32h7xx_hal_hsem.o
LOAD ./Drivers/STM32H7xx_HAL_Driver/Src/stm32h7xx_hal_i2c.o
LOAD ./Drivers/STM32H7xx_HAL_Driver/Src/stm32h7xx_hal_i2c_ex.o
LOAD ./Drivers/STM32H7xx_HAL_Driver/Src/stm32h7xx_hal_mdma.o
LOAD ./Drivers/STM32H7xx_HAL_Driver/Src/stm32h7xx_hal_pwr.o
LOAD ./Drivers/STM32H7xx_HAL_Driver/Src/stm32h7xx_hal_pwr_ex.o
LOAD ./Drivers/STM32H7xx_HAL_Driver/Src/stm32h7xx_hal_rcc.o
LOAD ./Drivers/STM32H7xx_HAL_Driver/Src/stm32h7xx_hal_rcc_ex.o
LOAD ./Drivers/STM32H7xx_HAL_Driver/Src/stm32h7xx_hal_spi.o
LOAD ./Drivers/STM32H7xx_HAL_Driver/Src/stm32h7xx_hal_spi_ex.o
LOAD ./Drivers/STM32H7xx_HAL_Driver/Src/stm32h7xx_hal_tim.o
LOAD ./Drivers/STM32H7xx_HAL_Driver/Src/stm32h7xx_hal_tim_ex.o
LOAD ./Drivers/STM32H7xx_HAL_Driver/Src/stm32h7xx_hal_uart.o
LOAD ./Drivers/STM32H7xx_HAL_Driver/Src/stm32h7xx_hal_uart_ex.o
LOAD ./Middlewares/Third_Party/FreeRTOS/Source/CMSIS_RTOS/cmsis_os.o
LOAD ./Middlewares/Third_Party/FreeRTOS/Source/croutine.o
LOAD ./Middlewares/Third_Party/FreeRTOS/Source/event_groups.o
LOAD ./Middlewares/Third_Party/FreeRTOS/Source/list.o
LOAD ./Middlewares/Third_Party/FreeRTOS/Source/queue.o
LOAD ./Middlewares/Third_Party/FreeRTOS/Source/stream_buffer.o
LOAD ./Middlewares/Third_Party/FreeRTOS/Source/tasks.o
LOAD ./Middlewares/Third_Party/FreeRTOS/Source/timers.o
LOAD ./Middlewares/Third_Party/FreeRTOS/Source/portable/GCC/ARM_CM4F/port.o
LOAD ./Middlewares/Third_Party/FreeRTOS/Source/portable/MemMang/heap_4.o
LOAD ./User/Src/buzzer_task.o
LOAD ./User/Src/dji_ndj_remote.o
LOAD ./User/Src/gm_6020.o
LOAD ./User/Src/imu_task.o
LOAD ./User/Src/j60_10motor_task.o
LOAD ./User/Src/pc_mcu_uart.o
START GROUP
LOAD C:/ST/STM32CubeIDE_1.15.1/STM32CubeIDE/plugins/com.st.stm32cube.ide.mcu.externaltools.gnu-tools-for-stm32.13.3.rel1.win32_1.0.0.202411081344/tools/bin/../lib/gcc/arm-none-eabi/13.3.1/../../../../arm-none-eabi/lib/thumb/v7e-m+dp/hard\libc_nano.a
LOAD C:/ST/STM32CubeIDE_1.15.1/STM32CubeIDE/plugins/com.st.stm32cube.ide.mcu.externaltools.gnu-tools-for-stm32.13.3.rel1.win32_1.0.0.202411081344/tools/bin/../lib/gcc/arm-none-eabi/13.3.1/../../../../arm-none-eabi/lib/thumb/v7e-m+dp/hard\libm.a
END GROUP
START GROUP
LOAD C:/ST/STM32CubeIDE_1.15.1/STM32CubeIDE/plugins/com.st.stm32cube.ide.mcu.externaltools.gnu-tools-for-stm32.13.3.rel1.win32_1.0.0.202411081344/tools/bin/../lib/gcc/arm-none-eabi/13.3.1/thumb/v7e-m+dp/hard\libgcc.a
LOAD C:/ST/STM32CubeIDE_1.15.1/STM32CubeIDE/plugins/com.st.stm32cube.ide.mcu.externaltools.gnu-tools-for-stm32.13.3.rel1.win32_1.0.0.202411081344/tools/bin/../lib/gcc/arm-none-eabi/13.3.1/../../../../arm-none-eabi/lib/thumb/v7e-m+dp/hard\libc_nano.a
END GROUP
START GROUP
LOAD C:/ST/STM32CubeIDE_1.15.1/STM32CubeIDE/plugins/com.st.stm32cube.ide.mcu.externaltools.gnu-tools-for-stm32.13.3.rel1.win32_1.0.0.202411081344/tools/bin/../lib/gcc/arm-none-eabi/13.3.1/thumb/v7e-m+dp/hard\libgcc.a
LOAD C:/ST/STM32CubeIDE_1.15.1/STM32CubeIDE/plugins/com.st.stm32cube.ide.mcu.externaltools.gnu-tools-for-stm32.13.3.rel1.win32_1.0.0.202411081344/tools/bin/../lib/gcc/arm-none-eabi/13.3.1/../../../../arm-none-eabi/lib/thumb/v7e-m+dp/hard\libc_nano.a
LOAD C:/ST/STM32CubeIDE_1.15.1/STM32CubeIDE/plugins/com.st.stm32cube.ide.mcu.externaltools.gnu-tools-for-stm32.13.3.rel1.win32_1.0.0.202411081344/tools/bin/../lib/gcc/arm-none-eabi/13.3.1/../../../../arm-none-eabi/lib/thumb/v7e-m+dp/hard\libnosys.a
END GROUP
START GROUP
LOAD C:/ST/STM32CubeIDE_1.15.1/STM32CubeIDE/plugins/com.st.stm32cube.ide.mcu.externaltools.gnu-tools-for-stm32.13.3.rel1.win32_1.0.0.202411081344/tools/bin/../lib/gcc/arm-none-eabi/13.3.1/thumb/v7e-m+dp/hard\libgcc.a
LOAD C:/ST/STM32CubeIDE_1.15.1/STM32CubeIDE/plugins/com.st.stm32cube.ide.mcu.externaltools.gnu-tools-for-stm32.13.3.rel1.win32_1.0.0.202411081344/tools/bin/../lib/gcc/arm-none-eabi/13.3.1/../../../../arm-none-eabi/lib/thumb/v7e-m+dp/hard\libc_nano.a
LOAD C:/ST/STM32CubeIDE_1.15.1/STM32CubeIDE/plugins/com.st.stm32cube.ide.mcu.externaltools.gnu-tools-for-stm32.13.3.rel1.win32_1.0.0.202411081344/tools/bin/../lib/gcc/arm-none-eabi/13.3.1/../../../../arm-none-eabi/lib/thumb/v7e-m+dp/hard\libnosys.a
END GROUP
LOAD C:/ST/STM32CubeIDE_1.15.1/STM32CubeIDE/plugins/com.st.stm32cube.ide.mcu.externaltools.gnu-tools-for-stm32.13.3.rel1.win32_1.0.0.202411081344/tools/bin/../lib/gcc/arm-none-eabi/13.3.1/thumb/v7e-m+dp/hard/crtend.o
LOAD C:/ST/STM32CubeIDE_1.15.1/STM32CubeIDE/plugins/com.st.stm32cube.ide.mcu.externaltools.gnu-tools-for-stm32.13.3.rel1.win32_1.0.0.202411081344/tools/bin/../lib/gcc/arm-none-eabi/13.3.1/thumb/v7e-m+dp/hard/crtn.o
                0x24050000                        _estack = (ORIGIN (RAM_D1) + LENGTH (RAM_D1))
                0x00000200                        _Min_Heap_Size = 0x200
                0x00000400                        _Min_Stack_Size = 0x400

.isr_vector     0x08000000      0x2cc
                0x08000000                        . = ALIGN (0x4)
 *(.isr_vector)
 .isr_vector    0x08000000      0x2cc ./Core/Startup/startup_stm32h723vgtx.o
                0x08000000                g_pfnVectors
                0x080002cc                        . = ALIGN (0x4)

.text           0x080002d0    0x11990
                0x080002d0                        . = ALIGN (0x4)
 *(.text)
 .text          0x080002d0       0x40 C:/ST/STM32CubeIDE_1.15.1/STM32CubeIDE/plugins/com.st.stm32cube.ide.mcu.externaltools.gnu-tools-for-stm32.13.3.rel1.win32_1.0.0.202411081344/tools/bin/../lib/gcc/arm-none-eabi/13.3.1/thumb/v7e-m+dp/hard/crtbegin.o
 .text          0x08000310      0x378 C:/ST/STM32CubeIDE_1.15.1/STM32CubeIDE/plugins/com.st.stm32cube.ide.mcu.externaltools.gnu-tools-for-stm32.13.3.rel1.win32_1.0.0.202411081344/tools/bin/../lib/gcc/arm-none-eabi/13.3.1/thumb/v7e-m+dp/hard\libgcc.a(_arm_addsubdf3.o)
                0x08000310                __aeabi_drsub
                0x08000318                __aeabi_dsub
                0x08000318                __subdf3
                0x0800031c                __aeabi_dadd
                0x0800031c                __adddf3
                0x08000594                __floatunsidf
                0x08000594                __aeabi_ui2d
                0x080005b4                __floatsidf
                0x080005b4                __aeabi_i2d
                0x080005d8                __aeabi_f2d
                0x080005d8                __extendsfdf2
                0x0800061c                __floatundidf
                0x0800061c                __aeabi_ul2d
                0x0800062c                __floatdidf
                0x0800062c                __aeabi_l2d
 .text          0x08000688       0x30 C:/ST/STM32CubeIDE_1.15.1/STM32CubeIDE/plugins/com.st.stm32cube.ide.mcu.externaltools.gnu-tools-for-stm32.13.3.rel1.win32_1.0.0.202411081344/tools/bin/../lib/gcc/arm-none-eabi/13.3.1/thumb/v7e-m+dp/hard\libgcc.a(_aeabi_uldivmod.o)
                0x08000688                __aeabi_uldivmod
 .text          0x080006b8      0x2f8 C:/ST/STM32CubeIDE_1.15.1/STM32CubeIDE/plugins/com.st.stm32cube.ide.mcu.externaltools.gnu-tools-for-stm32.13.3.rel1.win32_1.0.0.202411081344/tools/bin/../lib/gcc/arm-none-eabi/13.3.1/thumb/v7e-m+dp/hard\libgcc.a(_udivmoddi4.o)
                0x080006b8                __udivmoddi4
 .text          0x080009b0        0x4 C:/ST/STM32CubeIDE_1.15.1/STM32CubeIDE/plugins/com.st.stm32cube.ide.mcu.externaltools.gnu-tools-for-stm32.13.3.rel1.win32_1.0.0.202411081344/tools/bin/../lib/gcc/arm-none-eabi/13.3.1/thumb/v7e-m+dp/hard\libgcc.a(_dvmd_tls.o)
                0x080009b0                __aeabi_idiv0
                0x080009b0                __aeabi_ldiv0
 *(.text*)
 .text.MahonyAHRSupdateIMU
                0x080009b4      0x4ec ./Algo/Src/MahonyAHRS.o
                0x080009b4                MahonyAHRSupdateIMU
 .text.invSqrt  0x08000ea0       0x78 ./Algo/Src/MahonyAHRS.o
                0x08000ea0                invSqrt
 .text.BMI088_GPIO_init
                0x08000f18        0xe ./BSP/Src/BMI088Middleware.o
                0x08000f18                BMI088_GPIO_init
 .text.BMI088_com_init
                0x08000f26        0xe ./BSP/Src/BMI088Middleware.o
                0x08000f26                BMI088_com_init
 .text.BMI088_delay_ms
                0x08000f34       0x28 ./BSP/Src/BMI088Middleware.o
                0x08000f34                BMI088_delay_ms
 .text.BMI088_delay_us
                0x08000f5c       0x8c ./BSP/Src/BMI088Middleware.o
                0x08000f5c                BMI088_delay_us
 .text.BMI088_ACCEL_NS_L
                0x08000fe8       0x18 ./BSP/Src/BMI088Middleware.o
                0x08000fe8                BMI088_ACCEL_NS_L
 .text.BMI088_ACCEL_NS_H
                0x08001000       0x18 ./BSP/Src/BMI088Middleware.o
                0x08001000                BMI088_ACCEL_NS_H
 .text.BMI088_GYRO_NS_L
                0x08001018       0x18 ./BSP/Src/BMI088Middleware.o
                0x08001018                BMI088_GYRO_NS_L
 .text.BMI088_GYRO_NS_H
                0x08001030       0x18 ./BSP/Src/BMI088Middleware.o
                0x08001030                BMI088_GYRO_NS_H
 .text.BMI088_read_write_byte
                0x08001048       0x2c ./BSP/Src/BMI088Middleware.o
                0x08001048                BMI088_read_write_byte
 .text.BMI088_init
                0x08001074       0x38 ./BSP/Src/BMI088driver.o
                0x08001074                BMI088_init
 .text.bmi088_accel_init
                0x080010ac      0x170 ./BSP/Src/BMI088driver.o
                0x080010ac                bmi088_accel_init
 .text.bmi088_gyro_init
                0x0800121c      0x130 ./BSP/Src/BMI088driver.o
                0x0800121c                bmi088_gyro_init
 .text.BMI088_read
                0x0800134c      0x1d4 ./BSP/Src/BMI088driver.o
                0x0800134c                BMI088_read
 .text.BMI088_write_single_reg
                0x08001520       0x28 ./BSP/Src/BMI088driver.o
 .text.BMI088_read_single_reg
                0x08001548       0x30 ./BSP/Src/BMI088driver.o
 .text.BMI088_read_muli_reg
                0x08001578       0x4a ./BSP/Src/BMI088driver.o
 *fill*         0x080015c2        0x2 
 .text.bsp_can_init
                0x080015c4       0x48 ./BSP/Src/bsp_fdcan.o
                0x080015c4                bsp_can_init
 .text.can_filter_init
                0x0800160c       0x50 ./BSP/Src/bsp_fdcan.o
                0x0800160c                can_filter_init
 .text.fdcanx_send_data
                0x0800165c       0xa6 ./BSP/Src/bsp_fdcan.o
                0x0800165c                fdcanx_send_data
 .text.fdcanx_receive
                0x08001702       0xa4 ./BSP/Src/bsp_fdcan.o
                0x08001702                fdcanx_receive
 *fill*         0x080017a6        0x2 
 .text.fdcan1_rx_callback
                0x080017a8       0xbc ./BSP/Src/bsp_fdcan.o
                0x080017a8                fdcan1_rx_callback
 .text.fdcan2_rx_callback
                0x08001864       0x20 ./BSP/Src/bsp_fdcan.o
                0x08001864                fdcan2_rx_callback
 .text.fdcan3_rx_callback
                0x08001884       0x20 ./BSP/Src/bsp_fdcan.o
                0x08001884                fdcan3_rx_callback
 .text.HAL_FDCAN_RxFifo0Callback
                0x080018a4       0x44 ./BSP/Src/bsp_fdcan.o
                0x080018a4                HAL_FDCAN_RxFifo0Callback
 .text.Buzzer_Init
                0x080018e8       0x24 ./BSP/Src/buzzer.o
                0x080018e8                Buzzer_Init
 .text.Buzzer_PlayTone
                0x0800190c       0x32 ./BSP/Src/buzzer.o
                0x0800190c                Buzzer_PlayTone
 *fill*         0x0800193e        0x2 
 .text.Buzzer_PlayToneAsync
                0x08001940       0x38 ./BSP/Src/buzzer.o
                0x08001940                Buzzer_PlayToneAsync
 .text.Buzzer_Stop
                0x08001978       0x24 ./BSP/Src/buzzer.o
                0x08001978                Buzzer_Stop
 .text.Buzzer_SetVolume
                0x0800199c       0x3c ./BSP/Src/buzzer.o
                0x0800199c                Buzzer_SetVolume
 .text.Buzzer_Alert
                0x080019d8       0x12 ./BSP/Src/buzzer.o
                0x080019d8                Buzzer_Alert
 .text.Buzzer_PlayMelody
                0x080019ea       0x4c ./BSP/Src/buzzer.o
                0x080019ea                Buzzer_PlayMelody
 *fill*         0x08001a36        0x2 
 .text.Buzzer_SetFrequency
                0x08001a38       0x5c ./BSP/Src/buzzer.o
 .text.Buzzer_SetDutyCycle
                0x08001a94       0x48 ./BSP/Src/buzzer.o
 .text.Buzzer_PlayStartupMelody
                0x08001adc       0x5c ./BSP/Src/buzzer.o
                0x08001adc                Buzzer_PlayStartupMelody
 .text.Enable_J60_Motor
                0x08001b38       0x80 ./BSP/Src/j60_10.o
                0x08001b38                Enable_J60_Motor
 .text.Init_J60_Motor
                0x08001bb8      0x104 ./BSP/Src/j60_10.o
                0x08001bb8                Init_J60_Motor
 .text.Send_J60_Motor_Command
                0x08001cbc      0x1d0 ./BSP/Src/j60_10.o
                0x08001cbc                Send_J60_Motor_Command
 .text.J60_Process_Feedback
                0x08001e8c      0x194 ./BSP/Src/j60_10.o
                0x08001e8c                J60_Process_Feedback
 .text.J60_Enable_Feedback
                0x08002020       0x20 ./BSP/Src/j60_10.o
                0x08002020                J60_Enable_Feedback
 .text.J60_Cmd_Clear
                0x08002040       0x3c ./BSP/Src/j60_10.o
                0x08002040                J60_Cmd_Clear
 .text.J60_Safety_Check
                0x0800207c       0x40 ./BSP/Src/j60_10.o
                0x0800207c                J60_Safety_Check
 .text.HAL_UARTEx_RxEventCallback
                0x080020bc       0x44 ./BSP/Src/uart_bsp.o
                0x080020bc                HAL_UARTEx_RxEventCallback
 .text.HAL_UART_ErrorCallback
                0x08002100       0x58 ./BSP/Src/uart_bsp.o
                0x08002100                HAL_UART_ErrorCallback
 .text.HAL_UART_RxCpltCallback
                0x08002158       0x50 ./BSP/Src/uart_bsp.o
                0x08002158                HAL_UART_RxCpltCallback
 .text.MX_FDCAN1_Init
                0x080021a8       0xc8 ./Core/Src/fdcan.o
                0x080021a8                MX_FDCAN1_Init
 .text.MX_FDCAN2_Init
                0x08002270       0xcc ./Core/Src/fdcan.o
                0x08002270                MX_FDCAN2_Init
 .text.MX_FDCAN3_Init
                0x0800233c       0xcc ./Core/Src/fdcan.o
                0x0800233c                MX_FDCAN3_Init
 .text.HAL_FDCAN_MspInit
                0x08002408      0x2b0 ./Core/Src/fdcan.o
                0x08002408                HAL_FDCAN_MspInit
 .text.vApplicationGetIdleTaskMemory
                0x080026b8       0x34 ./Core/Src/freertos.o
                0x080026b8                vApplicationGetIdleTaskMemory
 .text.vApplicationGetTimerTaskMemory
                0x080026ec       0x34 ./Core/Src/freertos.o
                0x080026ec                vApplicationGetTimerTaskMemory
 .text.MX_FREERTOS_Init
                0x08002720       0xf0 ./Core/Src/freertos.o
                0x08002720                MX_FREERTOS_Init
 .text.StartDefaultTask
                0x08002810       0x10 ./Core/Src/freertos.o
                0x08002810                StartDefaultTask
 .text.PC_MCU_ENTRY
                0x08002820       0x16 ./Core/Src/freertos.o
                0x08002820                PC_MCU_ENTRY
 .text.buzzerEntry
                0x08002836       0x16 ./Core/Src/freertos.o
                0x08002836                buzzerEntry
 .text.J60_10Entry
                0x0800284c       0x16 ./Core/Src/freertos.o
                0x0800284c                J60_10Entry
 *fill*         0x08002862        0x2 
 .text.MX_GPIO_Init
                0x08002864      0x168 ./Core/Src/gpio.o
                0x08002864                MX_GPIO_Init
 .text.main     0x080029cc      0x108 ./Core/Src/main.o
                0x080029cc                main
 .text.SystemClock_Config
                0x08002ad4       0xdc ./Core/Src/main.o
                0x08002ad4                SystemClock_Config
 .text.HAL_TIM_PeriodElapsedCallback
                0x08002bb0       0x24 ./Core/Src/main.o
                0x08002bb0                HAL_TIM_PeriodElapsedCallback
 .text.Error_Handler
                0x08002bd4        0xc ./Core/Src/main.o
                0x08002bd4                Error_Handler
 .text.MX_SPI2_Init
                0x08002be0       0xb0 ./Core/Src/spi.o
                0x08002be0                MX_SPI2_Init
 .text.HAL_SPI_MspInit
                0x08002c90      0x12c ./Core/Src/spi.o
                0x08002c90                HAL_SPI_MspInit
 .text.HAL_MspInit
                0x08002dbc       0x3c ./Core/Src/stm32h7xx_hal_msp.o
                0x08002dbc                HAL_MspInit
 .text.HAL_InitTick
                0x08002df8       0xc4 ./Core/Src/stm32h7xx_hal_timebase_tim.o
                0x08002df8                HAL_InitTick
 .text.NMI_Handler
                0x08002ebc        0x8 ./Core/Src/stm32h7xx_it.o
                0x08002ebc                NMI_Handler
 .text.HardFault_Handler
                0x08002ec4        0x8 ./Core/Src/stm32h7xx_it.o
                0x08002ec4                HardFault_Handler
 .text.MemManage_Handler
                0x08002ecc        0x8 ./Core/Src/stm32h7xx_it.o
                0x08002ecc                MemManage_Handler
 .text.BusFault_Handler
                0x08002ed4        0x8 ./Core/Src/stm32h7xx_it.o
                0x08002ed4                BusFault_Handler
 .text.UsageFault_Handler
                0x08002edc        0x8 ./Core/Src/stm32h7xx_it.o
                0x08002edc                UsageFault_Handler
 .text.DebugMon_Handler
                0x08002ee4        0xe ./Core/Src/stm32h7xx_it.o
                0x08002ee4                DebugMon_Handler
 *fill*         0x08002ef2        0x2 
 .text.FDCAN1_IT0_IRQHandler
                0x08002ef4       0x14 ./Core/Src/stm32h7xx_it.o
                0x08002ef4                FDCAN1_IT0_IRQHandler
 .text.FDCAN2_IT0_IRQHandler
                0x08002f08       0x14 ./Core/Src/stm32h7xx_it.o
                0x08002f08                FDCAN2_IT0_IRQHandler
 .text.FDCAN1_IT1_IRQHandler
                0x08002f1c       0x14 ./Core/Src/stm32h7xx_it.o
                0x08002f1c                FDCAN1_IT1_IRQHandler
 .text.FDCAN2_IT1_IRQHandler
                0x08002f30       0x14 ./Core/Src/stm32h7xx_it.o
                0x08002f30                FDCAN2_IT1_IRQHandler
 .text.SPI2_IRQHandler
                0x08002f44       0x14 ./Core/Src/stm32h7xx_it.o
                0x08002f44                SPI2_IRQHandler
 .text.USART10_IRQHandler
                0x08002f58       0x14 ./Core/Src/stm32h7xx_it.o
                0x08002f58                USART10_IRQHandler
 .text.FDCAN3_IT0_IRQHandler
                0x08002f6c       0x14 ./Core/Src/stm32h7xx_it.o
                0x08002f6c                FDCAN3_IT0_IRQHandler
 .text.FDCAN3_IT1_IRQHandler
                0x08002f80       0x14 ./Core/Src/stm32h7xx_it.o
                0x08002f80                FDCAN3_IT1_IRQHandler
 .text.TIM23_IRQHandler
                0x08002f94       0x14 ./Core/Src/stm32h7xx_it.o
                0x08002f94                TIM23_IRQHandler
 .text.SystemInit
                0x08002fa8       0xf0 ./Core/Src/system_stm32h7xx.o
                0x08002fa8                SystemInit
 .text.MX_TIM12_Init
                0x08003098       0xb8 ./Core/Src/tim.o
                0x08003098                MX_TIM12_Init
 .text.HAL_TIM_PWM_MspInit
                0x08003150       0x44 ./Core/Src/tim.o
                0x08003150                HAL_TIM_PWM_MspInit
 .text.HAL_TIM_MspPostInit
                0x08003194       0x78 ./Core/Src/tim.o
                0x08003194                HAL_TIM_MspPostInit
 .text.MX_UART5_Init
                0x0800320c       0xa0 ./Core/Src/usart.o
                0x0800320c                MX_UART5_Init
 .text.MX_USART10_UART_Init
                0x080032ac       0x98 ./Core/Src/usart.o
                0x080032ac                MX_USART10_UART_Init
 .text.HAL_UART_MspInit
                0x08003344      0x1fc ./Core/Src/usart.o
                0x08003344                HAL_UART_MspInit
 .text.Reset_Handler
                0x08003540       0x50 ./Core/Startup/startup_stm32h723vgtx.o
                0x08003540                Reset_Handler
 .text.Default_Handler
                0x08003590        0x2 ./Core/Startup/startup_stm32h723vgtx.o
                0x08003590                RTC_Alarm_IRQHandler
                0x08003590                EXTI2_IRQHandler
                0x08003590                TIM8_CC_IRQHandler
                0x08003590                UART8_IRQHandler
                0x08003590                SPI4_IRQHandler
                0x08003590                TIM1_CC_IRQHandler
                0x08003590                BDMA_Channel6_IRQHandler
                0x08003590                DMA2_Stream5_IRQHandler
                0x08003590                DMA1_Stream5_IRQHandler
                0x08003590                CORDIC_IRQHandler
                0x08003590                BDMA_Channel1_IRQHandler
                0x08003590                TAMP_STAMP_IRQHandler
                0x08003590                EXTI3_IRQHandler
                0x08003590                LPTIM4_IRQHandler
                0x08003590                TIM8_TRG_COM_TIM14_IRQHandler
                0x08003590                LPTIM2_IRQHandler
                0x08003590                DFSDM1_FLT1_IRQHandler
                0x08003590                DMAMUX2_OVR_IRQHandler
                0x08003590                TIM8_UP_TIM13_IRQHandler
                0x08003590                I2C3_ER_IRQHandler
                0x08003590                DFSDM1_FLT2_IRQHandler
                0x08003590                I2C5_EV_IRQHandler
                0x08003590                MDMA_IRQHandler
                0x08003590                LPTIM3_IRQHandler
                0x08003590                HSEM1_IRQHandler
                0x08003590                EXTI0_IRQHandler
                0x08003590                I2C2_EV_IRQHandler
                0x08003590                DMA1_Stream2_IRQHandler
                0x08003590                FPU_IRQHandler
                0x08003590                OTG_HS_WKUP_IRQHandler
                0x08003590                LTDC_ER_IRQHandler
                0x08003590                DMA2_Stream2_IRQHandler
                0x08003590                SPI1_IRQHandler
                0x08003590                OCTOSPI1_IRQHandler
                0x08003590                TIM6_DAC_IRQHandler
                0x08003590                DMA2_Stream3_IRQHandler
                0x08003590                OCTOSPI2_IRQHandler
                0x08003590                DFSDM1_FLT3_IRQHandler
                0x08003590                USART6_IRQHandler
                0x08003590                TIM17_IRQHandler
                0x08003590                USART3_IRQHandler
                0x08003590                BDMA_Channel7_IRQHandler
                0x08003590                LPTIM5_IRQHandler
                0x08003590                UART5_IRQHandler
                0x08003590                ADC3_IRQHandler
                0x08003590                DMA2_Stream0_IRQHandler
                0x08003590                TIM4_IRQHandler
                0x08003590                BDMA_Channel2_IRQHandler
                0x08003590                I2C1_EV_IRQHandler
                0x08003590                DMA1_Stream6_IRQHandler
                0x08003590                DMAMUX1_OVR_IRQHandler
                0x08003590                DMA1_Stream1_IRQHandler
                0x08003590                TIM16_IRQHandler
                0x08003590                UART4_IRQHandler
                0x08003590                BDMA_Channel5_IRQHandler
                0x08003590                TIM3_IRQHandler
                0x08003590                RCC_IRQHandler
                0x08003590                UART9_IRQHandler
                0x08003590                TIM8_BRK_TIM12_IRQHandler
                0x08003590                TIM1_TRG_COM_IRQHandler
                0x08003590                Default_Handler
                0x08003590                ECC_IRQHandler
                0x08003590                FMAC_IRQHandler
                0x08003590                CEC_IRQHandler
                0x08003590                EXTI15_10_IRQHandler
                0x08003590                BDMA_Channel0_IRQHandler
                0x08003590                ADC_IRQHandler
                0x08003590                I2C5_ER_IRQHandler
                0x08003590                DMA1_Stream7_IRQHandler
                0x08003590                SPI5_IRQHandler
                0x08003590                TIM7_IRQHandler
                0x08003590                SDMMC1_IRQHandler
                0x08003590                TIM5_IRQHandler
                0x08003590                DMA2_Stream7_IRQHandler
                0x08003590                TIM15_IRQHandler
                0x08003590                PVD_AVD_IRQHandler
                0x08003590                I2C3_EV_IRQHandler
                0x08003590                EXTI9_5_IRQHandler
                0x08003590                RTC_WKUP_IRQHandler
                0x08003590                LTDC_IRQHandler
                0x08003590                ETH_WKUP_IRQHandler
                0x08003590                SPDIF_RX_IRQHandler
                0x08003590                OTG_HS_EP1_IN_IRQHandler
                0x08003590                DMA1_Stream0_IRQHandler
                0x08003590                TIM24_IRQHandler
                0x08003590                CRS_IRQHandler
                0x08003590                EXTI4_IRQHandler
                0x08003590                RNG_IRQHandler
                0x08003590                ETH_IRQHandler
                0x08003590                TIM1_UP_IRQHandler
                0x08003590                BDMA_Channel4_IRQHandler
                0x08003590                OTG_HS_EP1_OUT_IRQHandler
                0x08003590                WWDG_IRQHandler
                0x08003590                SPI6_IRQHandler
                0x08003590                MDIOS_IRQHandler
                0x08003590                I2C4_EV_IRQHandler
                0x08003590                LPUART1_IRQHandler
                0x08003590                TIM2_IRQHandler
                0x08003590                OTG_HS_IRQHandler
                0x08003590                DMA2D_IRQHandler
                0x08003590                TIM1_BRK_IRQHandler
                0x08003590                EXTI1_IRQHandler
                0x08003590                SDMMC2_IRQHandler
                0x08003590                BDMA_Channel3_IRQHandler
                0x08003590                DTS_IRQHandler
                0x08003590                UART7_IRQHandler
                0x08003590                MDIOS_WKUP_IRQHandler
                0x08003590                USART2_IRQHandler
                0x08003590                DFSDM1_FLT0_IRQHandler
                0x08003590                SAI4_IRQHandler
                0x08003590                I2C2_ER_IRQHandler
                0x08003590                DMA2_Stream1_IRQHandler
                0x08003590                FLASH_IRQHandler
                0x08003590                DMA2_Stream4_IRQHandler
                0x08003590                USART1_IRQHandler
                0x08003590                SPI3_IRQHandler
                0x08003590                WAKEUP_PIN_IRQHandler
                0x08003590                DMA1_Stream4_IRQHandler
                0x08003590                I2C1_ER_IRQHandler
                0x08003590                FMC_IRQHandler
                0x08003590                FDCAN_CAL_IRQHandler
                0x08003590                SWPMI1_IRQHandler
                0x08003590                COMP1_IRQHandler
                0x08003590                LPTIM1_IRQHandler
                0x08003590                DCMI_PSSI_IRQHandler
                0x08003590                I2C4_ER_IRQHandler
                0x08003590                DMA2_Stream6_IRQHandler
                0x08003590                SAI1_IRQHandler
                0x08003590                DMA1_Stream3_IRQHandler
 *fill*         0x08003592        0x2 
 .text.HAL_Init
                0x08003594       0x78 ./Drivers/STM32H7xx_HAL_Driver/Src/stm32h7xx_hal.o
                0x08003594                HAL_Init
 .text.HAL_IncTick
                0x0800360c       0x28 ./Drivers/STM32H7xx_HAL_Driver/Src/stm32h7xx_hal.o
                0x0800360c                HAL_IncTick
 .text.HAL_GetTick
                0x08003634       0x18 ./Drivers/STM32H7xx_HAL_Driver/Src/stm32h7xx_hal.o
                0x08003634                HAL_GetTick
 .text.__NVIC_SetPriorityGrouping
                0x0800364c       0x48 ./Drivers/STM32H7xx_HAL_Driver/Src/stm32h7xx_hal_cortex.o
 .text.__NVIC_GetPriorityGrouping
                0x08003694       0x1c ./Drivers/STM32H7xx_HAL_Driver/Src/stm32h7xx_hal_cortex.o
 .text.__NVIC_EnableIRQ
                0x080036b0       0x3c ./Drivers/STM32H7xx_HAL_Driver/Src/stm32h7xx_hal_cortex.o
 .text.__NVIC_SetPriority
                0x080036ec       0x54 ./Drivers/STM32H7xx_HAL_Driver/Src/stm32h7xx_hal_cortex.o
 .text.NVIC_EncodePriority
                0x08003740       0x66 ./Drivers/STM32H7xx_HAL_Driver/Src/stm32h7xx_hal_cortex.o
 .text.HAL_NVIC_SetPriorityGrouping
                0x080037a6       0x16 ./Drivers/STM32H7xx_HAL_Driver/Src/stm32h7xx_hal_cortex.o
                0x080037a6                HAL_NVIC_SetPriorityGrouping
 .text.HAL_NVIC_SetPriority
                0x080037bc       0x34 ./Drivers/STM32H7xx_HAL_Driver/Src/stm32h7xx_hal_cortex.o
                0x080037bc                HAL_NVIC_SetPriority
 .text.HAL_NVIC_EnableIRQ
                0x080037f0       0x1c ./Drivers/STM32H7xx_HAL_Driver/Src/stm32h7xx_hal_cortex.o
                0x080037f0                HAL_NVIC_EnableIRQ
 .text.HAL_DMA_Abort
                0x0800380c      0x63c ./Drivers/STM32H7xx_HAL_Driver/Src/stm32h7xx_hal_dma.o
                0x0800380c                HAL_DMA_Abort
 .text.HAL_DMA_Abort_IT
                0x08003e48      0x48c ./Drivers/STM32H7xx_HAL_Driver/Src/stm32h7xx_hal_dma.o
                0x08003e48                HAL_DMA_Abort_IT
 .text.HAL_DMA_GetError
                0x080042d4       0x18 ./Drivers/STM32H7xx_HAL_Driver/Src/stm32h7xx_hal_dma.o
                0x080042d4                HAL_DMA_GetError
 .text.HAL_FDCAN_Init
                0x080042ec      0x3bc ./Drivers/STM32H7xx_HAL_Driver/Src/stm32h7xx_hal_fdcan.o
                0x080042ec                HAL_FDCAN_Init
 .text.HAL_FDCAN_ConfigFilter
                0x080046a8       0xec ./Drivers/STM32H7xx_HAL_Driver/Src/stm32h7xx_hal_fdcan.o
                0x080046a8                HAL_FDCAN_ConfigFilter
 .text.HAL_FDCAN_ConfigGlobalFilter
                0x08004794       0x5a ./Drivers/STM32H7xx_HAL_Driver/Src/stm32h7xx_hal_fdcan.o
                0x08004794                HAL_FDCAN_ConfigGlobalFilter
 .text.HAL_FDCAN_ConfigFifoWatermark
                0x080047ee       0x98 ./Drivers/STM32H7xx_HAL_Driver/Src/stm32h7xx_hal_fdcan.o
                0x080047ee                HAL_FDCAN_ConfigFifoWatermark
 .text.HAL_FDCAN_Start
                0x08004886       0x56 ./Drivers/STM32H7xx_HAL_Driver/Src/stm32h7xx_hal_fdcan.o
                0x08004886                HAL_FDCAN_Start
 .text.HAL_FDCAN_AddMessageToTxFifoQ
                0x080048dc       0xb6 ./Drivers/STM32H7xx_HAL_Driver/Src/stm32h7xx_hal_fdcan.o
                0x080048dc                HAL_FDCAN_AddMessageToTxFifoQ
 *fill*         0x08004992        0x2 
 .text.HAL_FDCAN_GetRxMessage
                0x08004994      0x2d8 ./Drivers/STM32H7xx_HAL_Driver/Src/stm32h7xx_hal_fdcan.o
                0x08004994                HAL_FDCAN_GetRxMessage
 .text.HAL_FDCAN_ActivateNotification
                0x08004c6c       0xf4 ./Drivers/STM32H7xx_HAL_Driver/Src/stm32h7xx_hal_fdcan.o
                0x08004c6c                HAL_FDCAN_ActivateNotification
 .text.HAL_FDCAN_IRQHandler
                0x08004d60      0x4bc ./Drivers/STM32H7xx_HAL_Driver/Src/stm32h7xx_hal_fdcan.o
                0x08004d60                HAL_FDCAN_IRQHandler
 .text.HAL_FDCAN_ClockCalibrationCallback
                0x0800521c       0x16 ./Drivers/STM32H7xx_HAL_Driver/Src/stm32h7xx_hal_fdcan.o
                0x0800521c                HAL_FDCAN_ClockCalibrationCallback
 .text.HAL_FDCAN_TxEventFifoCallback
                0x08005232       0x16 ./Drivers/STM32H7xx_HAL_Driver/Src/stm32h7xx_hal_fdcan.o
                0x08005232                HAL_FDCAN_TxEventFifoCallback
 .text.HAL_FDCAN_RxFifo1Callback
                0x08005248       0x16 ./Drivers/STM32H7xx_HAL_Driver/Src/stm32h7xx_hal_fdcan.o
                0x08005248                HAL_FDCAN_RxFifo1Callback
 .text.HAL_FDCAN_TxFifoEmptyCallback
                0x0800525e       0x14 ./Drivers/STM32H7xx_HAL_Driver/Src/stm32h7xx_hal_fdcan.o
                0x0800525e                HAL_FDCAN_TxFifoEmptyCallback
 .text.HAL_FDCAN_TxBufferCompleteCallback
                0x08005272       0x16 ./Drivers/STM32H7xx_HAL_Driver/Src/stm32h7xx_hal_fdcan.o
                0x08005272                HAL_FDCAN_TxBufferCompleteCallback
 .text.HAL_FDCAN_TxBufferAbortCallback
                0x08005288       0x16 ./Drivers/STM32H7xx_HAL_Driver/Src/stm32h7xx_hal_fdcan.o
                0x08005288                HAL_FDCAN_TxBufferAbortCallback
 .text.HAL_FDCAN_RxBufferNewMessageCallback
                0x0800529e       0x14 ./Drivers/STM32H7xx_HAL_Driver/Src/stm32h7xx_hal_fdcan.o
                0x0800529e                HAL_FDCAN_RxBufferNewMessageCallback
 .text.HAL_FDCAN_TimestampWraparoundCallback
                0x080052b2       0x14 ./Drivers/STM32H7xx_HAL_Driver/Src/stm32h7xx_hal_fdcan.o
                0x080052b2                HAL_FDCAN_TimestampWraparoundCallback
 .text.HAL_FDCAN_TimeoutOccurredCallback
                0x080052c6       0x14 ./Drivers/STM32H7xx_HAL_Driver/Src/stm32h7xx_hal_fdcan.o
                0x080052c6                HAL_FDCAN_TimeoutOccurredCallback
 .text.HAL_FDCAN_HighPriorityMessageCallback
                0x080052da       0x14 ./Drivers/STM32H7xx_HAL_Driver/Src/stm32h7xx_hal_fdcan.o
                0x080052da                HAL_FDCAN_HighPriorityMessageCallback
 .text.HAL_FDCAN_ErrorCallback
                0x080052ee       0x14 ./Drivers/STM32H7xx_HAL_Driver/Src/stm32h7xx_hal_fdcan.o
                0x080052ee                HAL_FDCAN_ErrorCallback
 .text.HAL_FDCAN_ErrorStatusCallback
                0x08005302       0x16 ./Drivers/STM32H7xx_HAL_Driver/Src/stm32h7xx_hal_fdcan.o
                0x08005302                HAL_FDCAN_ErrorStatusCallback
 .text.HAL_FDCAN_TT_ScheduleSyncCallback
                0x08005318       0x16 ./Drivers/STM32H7xx_HAL_Driver/Src/stm32h7xx_hal_fdcan.o
                0x08005318                HAL_FDCAN_TT_ScheduleSyncCallback
 .text.HAL_FDCAN_TT_TimeMarkCallback
                0x0800532e       0x16 ./Drivers/STM32H7xx_HAL_Driver/Src/stm32h7xx_hal_fdcan.o
                0x0800532e                HAL_FDCAN_TT_TimeMarkCallback
 .text.HAL_FDCAN_TT_StopWatchCallback
                0x08005344       0x18 ./Drivers/STM32H7xx_HAL_Driver/Src/stm32h7xx_hal_fdcan.o
                0x08005344                HAL_FDCAN_TT_StopWatchCallback
 .text.HAL_FDCAN_TT_GlobalTimeCallback
                0x0800535c       0x16 ./Drivers/STM32H7xx_HAL_Driver/Src/stm32h7xx_hal_fdcan.o
                0x0800535c                HAL_FDCAN_TT_GlobalTimeCallback
 *fill*         0x08005372        0x2 
 .text.FDCAN_CalcultateRamBlockAddresses
                0x08005374      0x30c ./Drivers/STM32H7xx_HAL_Driver/Src/stm32h7xx_hal_fdcan.o
 .text.FDCAN_CopyMessageToRAM
                0x08005680       0xfc ./Drivers/STM32H7xx_HAL_Driver/Src/stm32h7xx_hal_fdcan.o
 .text.HAL_GPIO_Init
                0x0800577c      0x350 ./Drivers/STM32H7xx_HAL_Driver/Src/stm32h7xx_hal_gpio.o
                0x0800577c                HAL_GPIO_Init
 .text.HAL_GPIO_WritePin
                0x08005acc       0x32 ./Drivers/STM32H7xx_HAL_Driver/Src/stm32h7xx_hal_gpio.o
                0x08005acc                HAL_GPIO_WritePin
 *fill*         0x08005afe        0x2 
 .text.HAL_PWREx_ConfigSupply
                0x08005b00       0x74 ./Drivers/STM32H7xx_HAL_Driver/Src/stm32h7xx_hal_pwr_ex.o
                0x08005b00                HAL_PWREx_ConfigSupply
 .text.HAL_RCC_OscConfig
                0x08005b74      0x7b4 ./Drivers/STM32H7xx_HAL_Driver/Src/stm32h7xx_hal_rcc.o
                0x08005b74                HAL_RCC_OscConfig
 .text.HAL_RCC_ClockConfig
                0x08006328      0x36c ./Drivers/STM32H7xx_HAL_Driver/Src/stm32h7xx_hal_rcc.o
                0x08006328                HAL_RCC_ClockConfig
 .text.HAL_RCC_GetSysClockFreq
                0x08006694      0x2f4 ./Drivers/STM32H7xx_HAL_Driver/Src/stm32h7xx_hal_rcc.o
                0x08006694                HAL_RCC_GetSysClockFreq
 .text.HAL_RCC_GetHCLKFreq
                0x08006988       0x60 ./Drivers/STM32H7xx_HAL_Driver/Src/stm32h7xx_hal_rcc.o
                0x08006988                HAL_RCC_GetHCLKFreq
 .text.HAL_RCC_GetPCLK1Freq
                0x080069e8       0x2c ./Drivers/STM32H7xx_HAL_Driver/Src/stm32h7xx_hal_rcc.o
                0x080069e8                HAL_RCC_GetPCLK1Freq
 .text.HAL_RCC_GetPCLK2Freq
                0x08006a14       0x2c ./Drivers/STM32H7xx_HAL_Driver/Src/stm32h7xx_hal_rcc.o
                0x08006a14                HAL_RCC_GetPCLK2Freq
 .text.HAL_RCC_GetClockConfig
                0x08006a40       0x84 ./Drivers/STM32H7xx_HAL_Driver/Src/stm32h7xx_hal_rcc.o
                0x08006a40                HAL_RCC_GetClockConfig
 .text.HAL_RCCEx_PeriphCLKConfig
                0x08006ac4     0x1340 ./Drivers/STM32H7xx_HAL_Driver/Src/stm32h7xx_hal_rcc_ex.o
                0x08006ac4                HAL_RCCEx_PeriphCLKConfig
 .text.HAL_RCCEx_GetD3PCLK1Freq
                0x08007e04       0x2c ./Drivers/STM32H7xx_HAL_Driver/Src/stm32h7xx_hal_rcc_ex.o
                0x08007e04                HAL_RCCEx_GetD3PCLK1Freq
 .text.HAL_RCCEx_GetPLL2ClockFreq
                0x08007e30      0x2a8 ./Drivers/STM32H7xx_HAL_Driver/Src/stm32h7xx_hal_rcc_ex.o
                0x08007e30                HAL_RCCEx_GetPLL2ClockFreq
 .text.HAL_RCCEx_GetPLL3ClockFreq
                0x080080d8      0x2a8 ./Drivers/STM32H7xx_HAL_Driver/Src/stm32h7xx_hal_rcc_ex.o
                0x080080d8                HAL_RCCEx_GetPLL3ClockFreq
 .text.RCCEx_PLL2_Config
                0x08008380      0x164 ./Drivers/STM32H7xx_HAL_Driver/Src/stm32h7xx_hal_rcc_ex.o
 .text.RCCEx_PLL3_Config
                0x080084e4      0x164 ./Drivers/STM32H7xx_HAL_Driver/Src/stm32h7xx_hal_rcc_ex.o
 .text.HAL_SPI_Init
                0x08008648      0x248 ./Drivers/STM32H7xx_HAL_Driver/Src/stm32h7xx_hal_spi.o
                0x08008648                HAL_SPI_Init
 .text.HAL_SPI_TransmitReceive
                0x08008890      0x674 ./Drivers/STM32H7xx_HAL_Driver/Src/stm32h7xx_hal_spi.o
                0x08008890                HAL_SPI_TransmitReceive
 .text.HAL_SPI_IRQHandler
                0x08008f04      0x39c ./Drivers/STM32H7xx_HAL_Driver/Src/stm32h7xx_hal_spi.o
                0x08008f04                HAL_SPI_IRQHandler
 .text.HAL_SPI_TxCpltCallback
                0x080092a0       0x14 ./Drivers/STM32H7xx_HAL_Driver/Src/stm32h7xx_hal_spi.o
                0x080092a0                HAL_SPI_TxCpltCallback
 .text.HAL_SPI_RxCpltCallback
                0x080092b4       0x14 ./Drivers/STM32H7xx_HAL_Driver/Src/stm32h7xx_hal_spi.o
                0x080092b4                HAL_SPI_RxCpltCallback
 .text.HAL_SPI_TxRxCpltCallback
                0x080092c8       0x14 ./Drivers/STM32H7xx_HAL_Driver/Src/stm32h7xx_hal_spi.o
                0x080092c8                HAL_SPI_TxRxCpltCallback
 .text.HAL_SPI_ErrorCallback
                0x080092dc       0x14 ./Drivers/STM32H7xx_HAL_Driver/Src/stm32h7xx_hal_spi.o
                0x080092dc                HAL_SPI_ErrorCallback
 .text.HAL_SPI_SuspendCallback
                0x080092f0       0x14 ./Drivers/STM32H7xx_HAL_Driver/Src/stm32h7xx_hal_spi.o
                0x080092f0                HAL_SPI_SuspendCallback
 .text.SPI_DMAAbortOnError
                0x08009304       0x34 ./Drivers/STM32H7xx_HAL_Driver/Src/stm32h7xx_hal_spi.o
 .text.SPI_CloseTransfer
                0x08009338      0x140 ./Drivers/STM32H7xx_HAL_Driver/Src/stm32h7xx_hal_spi.o
 .text.SPI_WaitOnFlagUntilTimeout
                0x08009478       0x5c ./Drivers/STM32H7xx_HAL_Driver/Src/stm32h7xx_hal_spi.o
 .text.SPI_GetPacketSize
                0x080094d4       0x36 ./Drivers/STM32H7xx_HAL_Driver/Src/stm32h7xx_hal_spi.o
 .text.HAL_TIM_Base_Init
                0x0800950a       0xae ./Drivers/STM32H7xx_HAL_Driver/Src/stm32h7xx_hal_tim.o
                0x0800950a                HAL_TIM_Base_Init
 .text.HAL_TIM_Base_MspInit
                0x080095b8       0x14 ./Drivers/STM32H7xx_HAL_Driver/Src/stm32h7xx_hal_tim.o
                0x080095b8                HAL_TIM_Base_MspInit
 .text.HAL_TIM_Base_Start_IT
                0x080095cc      0x10c ./Drivers/STM32H7xx_HAL_Driver/Src/stm32h7xx_hal_tim.o
                0x080095cc                HAL_TIM_Base_Start_IT
 .text.HAL_TIM_PWM_Init
                0x080096d8       0xae ./Drivers/STM32H7xx_HAL_Driver/Src/stm32h7xx_hal_tim.o
                0x080096d8                HAL_TIM_PWM_Init
 *fill*         0x08009786        0x2 
 .text.HAL_TIM_PWM_Start
                0x08009788      0x238 ./Drivers/STM32H7xx_HAL_Driver/Src/stm32h7xx_hal_tim.o
                0x08009788                HAL_TIM_PWM_Start
 .text.HAL_TIM_IRQHandler
                0x080099c0      0x20e ./Drivers/STM32H7xx_HAL_Driver/Src/stm32h7xx_hal_tim.o
                0x080099c0                HAL_TIM_IRQHandler
 *fill*         0x08009bce        0x2 
 .text.HAL_TIM_PWM_ConfigChannel
                0x08009bd0      0x228 ./Drivers/STM32H7xx_HAL_Driver/Src/stm32h7xx_hal_tim.o
                0x08009bd0                HAL_TIM_PWM_ConfigChannel
 .text.HAL_TIM_OC_DelayElapsedCallback
                0x08009df8       0x14 ./Drivers/STM32H7xx_HAL_Driver/Src/stm32h7xx_hal_tim.o
                0x08009df8                HAL_TIM_OC_DelayElapsedCallback
 .text.HAL_TIM_IC_CaptureCallback
                0x08009e0c       0x14 ./Drivers/STM32H7xx_HAL_Driver/Src/stm32h7xx_hal_tim.o
                0x08009e0c                HAL_TIM_IC_CaptureCallback
 .text.HAL_TIM_PWM_PulseFinishedCallback
                0x08009e20       0x14 ./Drivers/STM32H7xx_HAL_Driver/Src/stm32h7xx_hal_tim.o
                0x08009e20                HAL_TIM_PWM_PulseFinishedCallback
 .text.HAL_TIM_TriggerCallback
                0x08009e34       0x14 ./Drivers/STM32H7xx_HAL_Driver/Src/stm32h7xx_hal_tim.o
                0x08009e34                HAL_TIM_TriggerCallback
 .text.TIM_Base_SetConfig
                0x08009e48      0x164 ./Drivers/STM32H7xx_HAL_Driver/Src/stm32h7xx_hal_tim.o
                0x08009e48                TIM_Base_SetConfig
 .text.TIM_OC1_SetConfig
                0x08009fac      0x120 ./Drivers/STM32H7xx_HAL_Driver/Src/stm32h7xx_hal_tim.o
 .text.TIM_OC2_SetConfig
                0x0800a0cc      0x114 ./Drivers/STM32H7xx_HAL_Driver/Src/stm32h7xx_hal_tim.o
                0x0800a0cc                TIM_OC2_SetConfig
 .text.TIM_OC3_SetConfig
                0x0800a1e0      0x110 ./Drivers/STM32H7xx_HAL_Driver/Src/stm32h7xx_hal_tim.o
 .text.TIM_OC4_SetConfig
                0x0800a2f0       0xd4 ./Drivers/STM32H7xx_HAL_Driver/Src/stm32h7xx_hal_tim.o
 .text.TIM_OC5_SetConfig
                0x0800a3c4       0xc8 ./Drivers/STM32H7xx_HAL_Driver/Src/stm32h7xx_hal_tim.o
 .text.TIM_OC6_SetConfig
                0x0800a48c       0xcc ./Drivers/STM32H7xx_HAL_Driver/Src/stm32h7xx_hal_tim.o
 .text.TIM_CCxChannelCmd
                0x0800a558       0x4a ./Drivers/STM32H7xx_HAL_Driver/Src/stm32h7xx_hal_tim.o
                0x0800a558                TIM_CCxChannelCmd
 *fill*         0x0800a5a2        0x2 
 .text.HAL_TIMEx_MasterConfigSynchronization
                0x0800a5a4      0x138 ./Drivers/STM32H7xx_HAL_Driver/Src/stm32h7xx_hal_tim_ex.o
                0x0800a5a4                HAL_TIMEx_MasterConfigSynchronization
 .text.HAL_TIMEx_CommutCallback
                0x0800a6dc       0x14 ./Drivers/STM32H7xx_HAL_Driver/Src/stm32h7xx_hal_tim_ex.o
                0x0800a6dc                HAL_TIMEx_CommutCallback
 .text.HAL_TIMEx_BreakCallback
                0x0800a6f0       0x14 ./Drivers/STM32H7xx_HAL_Driver/Src/stm32h7xx_hal_tim_ex.o
                0x0800a6f0                HAL_TIMEx_BreakCallback
 .text.HAL_TIMEx_Break2Callback
                0x0800a704       0x14 ./Drivers/STM32H7xx_HAL_Driver/Src/stm32h7xx_hal_tim_ex.o
                0x0800a704                HAL_TIMEx_Break2Callback
 .text.HAL_UART_Init
                0x0800a718       0xa0 ./Drivers/STM32H7xx_HAL_Driver/Src/stm32h7xx_hal_uart.o
                0x0800a718                HAL_UART_Init
 .text.HAL_UART_Transmit_IT
                0x0800a7b8      0x128 ./Drivers/STM32H7xx_HAL_Driver/Src/stm32h7xx_hal_uart.o
                0x0800a7b8                HAL_UART_Transmit_IT
 .text.HAL_UART_Receive_IT
                0x0800a8e0       0x98 ./Drivers/STM32H7xx_HAL_Driver/Src/stm32h7xx_hal_uart.o
                0x0800a8e0                HAL_UART_Receive_IT
 .text.HAL_UART_Abort
                0x0800a978      0x21c ./Drivers/STM32H7xx_HAL_Driver/Src/stm32h7xx_hal_uart.o
                0x0800a978                HAL_UART_Abort
 .text.HAL_UART_IRQHandler
                0x0800ab94      0x774 ./Drivers/STM32H7xx_HAL_Driver/Src/stm32h7xx_hal_uart.o
                0x0800ab94                HAL_UART_IRQHandler
 .text.HAL_UART_TxCpltCallback
                0x0800b308       0x14 ./Drivers/STM32H7xx_HAL_Driver/Src/stm32h7xx_hal_uart.o
                0x0800b308                HAL_UART_TxCpltCallback
 .text.UART_SetConfig
                0x0800b31c      0xcd8 ./Drivers/STM32H7xx_HAL_Driver/Src/stm32h7xx_hal_uart.o
                0x0800b31c                UART_SetConfig
 .text.UART_AdvFeatureConfig
                0x0800bff4      0x144 ./Drivers/STM32H7xx_HAL_Driver/Src/stm32h7xx_hal_uart.o
                0x0800bff4                UART_AdvFeatureConfig
 .text.UART_CheckIdleState
                0x0800c138      0x154 ./Drivers/STM32H7xx_HAL_Driver/Src/stm32h7xx_hal_uart.o
                0x0800c138                UART_CheckIdleState
 .text.UART_WaitOnFlagUntilTimeout
                0x0800c28c       0xda ./Drivers/STM32H7xx_HAL_Driver/Src/stm32h7xx_hal_uart.o
                0x0800c28c                UART_WaitOnFlagUntilTimeout
 *fill*         0x0800c366        0x2 
 .text.UART_Start_Receive_IT
                0x0800c368      0x244 ./Drivers/STM32H7xx_HAL_Driver/Src/stm32h7xx_hal_uart.o
                0x0800c368                UART_Start_Receive_IT
 .text.UART_EndRxTransfer
                0x0800c5ac       0xcc ./Drivers/STM32H7xx_HAL_Driver/Src/stm32h7xx_hal_uart.o
 .text.UART_DMAAbortOnError
                0x0800c678       0x2c ./Drivers/STM32H7xx_HAL_Driver/Src/stm32h7xx_hal_uart.o
 .text.UART_TxISR_8BIT
                0x0800c6a4       0xb8 ./Drivers/STM32H7xx_HAL_Driver/Src/stm32h7xx_hal_uart.o
 .text.UART_TxISR_16BIT
                0x0800c75c       0xc2 ./Drivers/STM32H7xx_HAL_Driver/Src/stm32h7xx_hal_uart.o
 .text.UART_TxISR_8BIT_FIFOEN
                0x0800c81e       0xe0 ./Drivers/STM32H7xx_HAL_Driver/Src/stm32h7xx_hal_uart.o
 .text.UART_TxISR_16BIT_FIFOEN
                0x0800c8fe       0xea ./Drivers/STM32H7xx_HAL_Driver/Src/stm32h7xx_hal_uart.o
 .text.UART_EndTransmit_IT
                0x0800c9e8       0x56 ./Drivers/STM32H7xx_HAL_Driver/Src/stm32h7xx_hal_uart.o
 *fill*         0x0800ca3e        0x2 
 .text.UART_RxISR_8BIT
                0x0800ca40      0x1b8 ./Drivers/STM32H7xx_HAL_Driver/Src/stm32h7xx_hal_uart.o
 .text.UART_RxISR_16BIT
                0x0800cbf8      0x1b8 ./Drivers/STM32H7xx_HAL_Driver/Src/stm32h7xx_hal_uart.o
 .text.UART_RxISR_8BIT_FIFOEN
                0x0800cdb0      0x360 ./Drivers/STM32H7xx_HAL_Driver/Src/stm32h7xx_hal_uart.o
 .text.UART_RxISR_16BIT_FIFOEN
                0x0800d110      0x368 ./Drivers/STM32H7xx_HAL_Driver/Src/stm32h7xx_hal_uart.o
 .text.HAL_UARTEx_WakeupCallback
                0x0800d478       0x14 ./Drivers/STM32H7xx_HAL_Driver/Src/stm32h7xx_hal_uart_ex.o
                0x0800d478                HAL_UARTEx_WakeupCallback
 .text.HAL_UARTEx_RxFifoFullCallback
                0x0800d48c       0x14 ./Drivers/STM32H7xx_HAL_Driver/Src/stm32h7xx_hal_uart_ex.o
                0x0800d48c                HAL_UARTEx_RxFifoFullCallback
 .text.HAL_UARTEx_TxFifoEmptyCallback
                0x0800d4a0       0x14 ./Drivers/STM32H7xx_HAL_Driver/Src/stm32h7xx_hal_uart_ex.o
                0x0800d4a0                HAL_UARTEx_TxFifoEmptyCallback
 .text.HAL_UARTEx_DisableFifoMode
                0x0800d4b4       0x72 ./Drivers/STM32H7xx_HAL_Driver/Src/stm32h7xx_hal_uart_ex.o
                0x0800d4b4                HAL_UARTEx_DisableFifoMode
 .text.HAL_UARTEx_SetTxFifoThreshold
                0x0800d526       0x7c ./Drivers/STM32H7xx_HAL_Driver/Src/stm32h7xx_hal_uart_ex.o
                0x0800d526                HAL_UARTEx_SetTxFifoThreshold
 .text.HAL_UARTEx_SetRxFifoThreshold
                0x0800d5a2       0x7c ./Drivers/STM32H7xx_HAL_Driver/Src/stm32h7xx_hal_uart_ex.o
                0x0800d5a2                HAL_UARTEx_SetRxFifoThreshold
 *fill*         0x0800d61e        0x2 
 .text.UARTEx_SetNbDataToProcess
                0x0800d620       0x9c ./Drivers/STM32H7xx_HAL_Driver/Src/stm32h7xx_hal_uart_ex.o
 .text.makeFreeRtosPriority
                0x0800d6bc       0x30 ./Middlewares/Third_Party/FreeRTOS/Source/CMSIS_RTOS/cmsis_os.o
 .text.osKernelStart
                0x0800d6ec        0xe ./Middlewares/Third_Party/FreeRTOS/Source/CMSIS_RTOS/cmsis_os.o
                0x0800d6ec                osKernelStart
 .text.osThreadCreate
                0x0800d6fa       0x98 ./Middlewares/Third_Party/FreeRTOS/Source/CMSIS_RTOS/cmsis_os.o
                0x0800d6fa                osThreadCreate
 .text.osDelay  0x0800d792       0x28 ./Middlewares/Third_Party/FreeRTOS/Source/CMSIS_RTOS/cmsis_os.o
                0x0800d792                osDelay
 .text.vListInitialise
                0x0800d7ba       0x40 ./Middlewares/Third_Party/FreeRTOS/Source/list.o
                0x0800d7ba                vListInitialise
 .text.vListInitialiseItem
                0x0800d7fa       0x1a ./Middlewares/Third_Party/FreeRTOS/Source/list.o
                0x0800d7fa                vListInitialiseItem
 .text.vListInsertEnd
                0x0800d814       0x48 ./Middlewares/Third_Party/FreeRTOS/Source/list.o
                0x0800d814                vListInsertEnd
 .text.vListInsert
                0x0800d85c       0x72 ./Middlewares/Third_Party/FreeRTOS/Source/list.o
                0x0800d85c                vListInsert
 .text.uxListRemove
                0x0800d8ce       0x54 ./Middlewares/Third_Party/FreeRTOS/Source/list.o
                0x0800d8ce                uxListRemove
 *fill*         0x0800d922        0x2 
 .text.xQueueGenericReset
                0x0800d924       0xd4 ./Middlewares/Third_Party/FreeRTOS/Source/queue.o
                0x0800d924                xQueueGenericReset
 .text.xQueueGenericCreateStatic
                0x0800d9f8       0xfa ./Middlewares/Third_Party/FreeRTOS/Source/queue.o
                0x0800d9f8                xQueueGenericCreateStatic
 .text.prvInitialiseNewQueue
                0x0800daf2       0x46 ./Middlewares/Third_Party/FreeRTOS/Source/queue.o
 .text.xQueueGenericSend
                0x0800db38      0x204 ./Middlewares/Third_Party/FreeRTOS/Source/queue.o
                0x0800db38                xQueueGenericSend
 .text.xQueueGenericSendFromISR
                0x0800dd3c      0x13c ./Middlewares/Third_Party/FreeRTOS/Source/queue.o
                0x0800dd3c                xQueueGenericSendFromISR
 .text.xQueueReceive
                0x0800de78      0x1c4 ./Middlewares/Third_Party/FreeRTOS/Source/queue.o
                0x0800de78                xQueueReceive
 .text.prvCopyDataToQueue
                0x0800e03c       0xd4 ./Middlewares/Third_Party/FreeRTOS/Source/queue.o
 .text.prvCopyDataFromQueue
                0x0800e110       0x4c ./Middlewares/Third_Party/FreeRTOS/Source/queue.o
 .text.prvUnlockQueue
                0x0800e15c       0xa4 ./Middlewares/Third_Party/FreeRTOS/Source/queue.o
 .text.prvIsQueueEmpty
                0x0800e200       0x2c ./Middlewares/Third_Party/FreeRTOS/Source/queue.o
 .text.prvIsQueueFull
                0x0800e22c       0x30 ./Middlewares/Third_Party/FreeRTOS/Source/queue.o
 .text.vQueueAddToRegistry
                0x0800e25c       0x54 ./Middlewares/Third_Party/FreeRTOS/Source/queue.o
                0x0800e25c                vQueueAddToRegistry
 .text.vQueueWaitForMessageRestricted
                0x0800e2b0       0x68 ./Middlewares/Third_Party/FreeRTOS/Source/queue.o
                0x0800e2b0                vQueueWaitForMessageRestricted
 .text.xTaskCreateStatic
                0x0800e318       0xc0 ./Middlewares/Third_Party/FreeRTOS/Source/tasks.o
                0x0800e318                xTaskCreateStatic
 .text.xTaskCreate
                0x0800e3d8       0x8a ./Middlewares/Third_Party/FreeRTOS/Source/tasks.o
                0x0800e3d8                xTaskCreate
 *fill*         0x0800e462        0x2 
 .text.prvInitialiseNewTask
                0x0800e464      0x150 ./Middlewares/Third_Party/FreeRTOS/Source/tasks.o
 .text.prvAddNewTaskToReadyList
                0x0800e5b4       0xdc ./Middlewares/Third_Party/FreeRTOS/Source/tasks.o
 .text.vTaskDelay
                0x0800e690       0x6c ./Middlewares/Third_Party/FreeRTOS/Source/tasks.o
                0x0800e690                vTaskDelay
 .text.vTaskStartScheduler
                0x0800e6fc       0xe0 ./Middlewares/Third_Party/FreeRTOS/Source/tasks.o
                0x0800e6fc                vTaskStartScheduler
 .text.vTaskSuspendAll
                0x0800e7dc       0x1c ./Middlewares/Third_Party/FreeRTOS/Source/tasks.o
                0x0800e7dc                vTaskSuspendAll
 .text.xTaskResumeAll
                0x0800e7f8      0x13c ./Middlewares/Third_Party/FreeRTOS/Source/tasks.o
                0x0800e7f8                xTaskResumeAll
 .text.xTaskGetTickCount
                0x0800e934       0x20 ./Middlewares/Third_Party/FreeRTOS/Source/tasks.o
                0x0800e934                xTaskGetTickCount
 .text.xTaskIncrementTick
                0x0800e954      0x174 ./Middlewares/Third_Party/FreeRTOS/Source/tasks.o
                0x0800e954                xTaskIncrementTick
 .text.vTaskSwitchContext
                0x0800eac8       0xc8 ./Middlewares/Third_Party/FreeRTOS/Source/tasks.o
                0x0800eac8                vTaskSwitchContext
 .text.vTaskPlaceOnEventList
                0x0800eb90       0x4c ./Middlewares/Third_Party/FreeRTOS/Source/tasks.o
                0x0800eb90                vTaskPlaceOnEventList
 .text.vTaskPlaceOnEventListRestricted
                0x0800ebdc       0x58 ./Middlewares/Third_Party/FreeRTOS/Source/tasks.o
                0x0800ebdc                vTaskPlaceOnEventListRestricted
 .text.xTaskRemoveFromEventList
                0x0800ec34       0xc8 ./Middlewares/Third_Party/FreeRTOS/Source/tasks.o
                0x0800ec34                xTaskRemoveFromEventList
 .text.vTaskInternalSetTimeOutState
                0x0800ecfc       0x2c ./Middlewares/Third_Party/FreeRTOS/Source/tasks.o
                0x0800ecfc                vTaskInternalSetTimeOutState
 .text.xTaskCheckForTimeOut
                0x0800ed28       0xc8 ./Middlewares/Third_Party/FreeRTOS/Source/tasks.o
                0x0800ed28                xTaskCheckForTimeOut
 .text.vTaskMissedYield
                0x0800edf0       0x18 ./Middlewares/Third_Party/FreeRTOS/Source/tasks.o
                0x0800edf0                vTaskMissedYield
 .text.prvIdleTask
                0x0800ee08       0x30 ./Middlewares/Third_Party/FreeRTOS/Source/tasks.o
 .text.prvInitialiseTaskLists
                0x0800ee38       0x80 ./Middlewares/Third_Party/FreeRTOS/Source/tasks.o
 .text.prvCheckTasksWaitingTermination
                0x0800eeb8       0x5c ./Middlewares/Third_Party/FreeRTOS/Source/tasks.o
 .text.prvDeleteTCB
                0x0800ef14       0x6a ./Middlewares/Third_Party/FreeRTOS/Source/tasks.o
 *fill*         0x0800ef7e        0x2 
 .text.prvResetNextTaskUnblockTime
                0x0800ef80       0x40 ./Middlewares/Third_Party/FreeRTOS/Source/tasks.o
 .text.xTaskGetSchedulerState
                0x0800efc0       0x3c ./Middlewares/Third_Party/FreeRTOS/Source/tasks.o
                0x0800efc0                xTaskGetSchedulerState
 .text.xTaskPriorityDisinherit
                0x0800effc      0x110 ./Middlewares/Third_Party/FreeRTOS/Source/tasks.o
                0x0800effc                xTaskPriorityDisinherit
 .text.prvAddCurrentTaskToDelayedList
                0x0800f10c       0xcc ./Middlewares/Third_Party/FreeRTOS/Source/tasks.o
 .text.xTimerCreateTimerTask
                0x0800f1d8       0x94 ./Middlewares/Third_Party/FreeRTOS/Source/timers.o
                0x0800f1d8                xTimerCreateTimerTask
 .text.xTimerGenericCommand
                0x0800f26c       0x9c ./Middlewares/Third_Party/FreeRTOS/Source/timers.o
                0x0800f26c                xTimerGenericCommand
 .text.prvProcessExpiredTimer
                0x0800f308       0x9c ./Middlewares/Third_Party/FreeRTOS/Source/timers.o
 .text.prvTimerTask
                0x0800f3a4       0x26 ./Middlewares/Third_Party/FreeRTOS/Source/timers.o
 *fill*         0x0800f3ca        0x2 
 .text.prvProcessTimerOrBlockTask
                0x0800f3cc       0x9c ./Middlewares/Third_Party/FreeRTOS/Source/timers.o
 .text.prvGetNextExpireTime
                0x0800f468       0x48 ./Middlewares/Third_Party/FreeRTOS/Source/timers.o
 .text.prvSampleTimeNow
                0x0800f4b0       0x40 ./Middlewares/Third_Party/FreeRTOS/Source/timers.o
 .text.prvInsertTimerInActiveList
                0x0800f4f0       0x84 ./Middlewares/Third_Party/FreeRTOS/Source/timers.o
 .text.prvProcessReceivedCommands
                0x0800f574      0x194 ./Middlewares/Third_Party/FreeRTOS/Source/timers.o
 .text.prvSwitchTimerLists
                0x0800f708       0xcc ./Middlewares/Third_Party/FreeRTOS/Source/timers.o
 .text.prvCheckForValidListAndQueue
                0x0800f7d4       0x80 ./Middlewares/Third_Party/FreeRTOS/Source/timers.o
 .text.pxPortInitialiseStack
                0x0800f854       0x68 ./Middlewares/Third_Party/FreeRTOS/Source/portable/GCC/ARM_CM4F/port.o
                0x0800f854                pxPortInitialiseStack
 .text.prvTaskExitError
                0x0800f8bc       0x5c ./Middlewares/Third_Party/FreeRTOS/Source/portable/GCC/ARM_CM4F/port.o
 *fill*         0x0800f918        0x8 
 .text.SVC_Handler
                0x0800f920       0x28 ./Middlewares/Third_Party/FreeRTOS/Source/portable/GCC/ARM_CM4F/port.o
                0x0800f920                SVC_Handler
 .text.prvPortStartFirstTask
                0x0800f948       0x28 ./Middlewares/Third_Party/FreeRTOS/Source/portable/GCC/ARM_CM4F/port.o
 .text.xPortStartScheduler
                0x0800f970      0x148 ./Middlewares/Third_Party/FreeRTOS/Source/portable/GCC/ARM_CM4F/port.o
                0x0800f970                xPortStartScheduler
 .text.vPortEnterCritical
                0x0800fab8       0x64 ./Middlewares/Third_Party/FreeRTOS/Source/portable/GCC/ARM_CM4F/port.o
                0x0800fab8                vPortEnterCritical
 .text.vPortExitCritical
                0x0800fb1c       0x54 ./Middlewares/Third_Party/FreeRTOS/Source/portable/GCC/ARM_CM4F/port.o
                0x0800fb1c                vPortExitCritical
 .text.PendSV_Handler
                0x0800fb70       0x68 ./Middlewares/Third_Party/FreeRTOS/Source/portable/GCC/ARM_CM4F/port.o
                0x0800fb70                PendSV_Handler
 .text.SysTick_Handler
                0x0800fbd8       0x44 ./Middlewares/Third_Party/FreeRTOS/Source/portable/GCC/ARM_CM4F/port.o
                0x0800fbd8                SysTick_Handler
 .text.vPortSetupTimerInterrupt
                0x0800fc1c       0x48 ./Middlewares/Third_Party/FreeRTOS/Source/portable/GCC/ARM_CM4F/port.o
                0x0800fc1c                vPortSetupTimerInterrupt
 .text.vPortEnableVFP
                0x0800fc64       0x14 ./Middlewares/Third_Party/FreeRTOS/Source/portable/GCC/ARM_CM4F/port.o
 .text.vPortValidateInterruptPriority
                0x0800fc78       0x84 ./Middlewares/Third_Party/FreeRTOS/Source/portable/GCC/ARM_CM4F/port.o
                0x0800fc78                vPortValidateInterruptPriority
 .text.pvPortMalloc
                0x0800fcfc      0x19c ./Middlewares/Third_Party/FreeRTOS/Source/portable/MemMang/heap_4.o
                0x0800fcfc                pvPortMalloc
 .text.vPortFree
                0x0800fe98       0xc8 ./Middlewares/Third_Party/FreeRTOS/Source/portable/MemMang/heap_4.o
                0x0800fe98                vPortFree
 .text.prvHeapInit
                0x0800ff60       0xc4 ./Middlewares/Third_Party/FreeRTOS/Source/portable/MemMang/heap_4.o
 .text.prvInsertBlockIntoFreeList
                0x08010024       0xb4 ./Middlewares/Third_Party/FreeRTOS/Source/portable/MemMang/heap_4.o
 .text.BuzzerTask_HeartbeatBeep
                0x080100d8       0x18 ./User/Src/buzzer_task.o
                0x080100d8                BuzzerTask_HeartbeatBeep
 .text.J60_Motor_Offline_Beep
                0x080100f0       0x28 ./User/Src/buzzer_task.o
                0x080100f0                J60_Motor_Offline_Beep
 .text.BUZZER_TASK
                0x08010118       0x68 ./User/Src/buzzer_task.o
                0x08010118                BUZZER_TASK
 .text.DJI_NDJ_REMOTE_PROCESS
                0x08010180      0x2c8 ./User/Src/dji_ndj_remote.o
                0x08010180                DJI_NDJ_REMOTE_PROCESS
 .text.AHRS_init
                0x08010448       0x3a ./User/Src/imu_task.o
                0x08010448                AHRS_init
 .text.AHRS_update
                0x08010482       0x5e ./User/Src/imu_task.o
                0x08010482                AHRS_update
 .text.GetAngle
                0x080104e0      0x14a ./User/Src/imu_task.o
                0x080104e0                GetAngle
 *fill*         0x0801062a        0x2 
 .text.TransformAccelToWorldFrame
                0x0801062c      0x248 ./User/Src/imu_task.o
                0x0801062c                TransformAccelToWorldFrame
 .text.CalculateVelocity
                0x08010874      0x160 ./User/Src/imu_task.o
                0x08010874                CalculateVelocity
 .text.CalculateProjectedGravity
                0x080109d4      0x12c ./User/Src/imu_task.o
                0x080109d4                CalculateProjectedGravity
 .text.ImuTask_Entry
                0x08010b00      0x194 ./User/Src/imu_task.o
                0x08010b00                ImuTask_Entry
 .text.j60_10_TASK
                0x08010c94       0xe4 ./User/Src/j60_10motor_task.o
                0x08010c94                j60_10_TASK
 .text.J60_10_MOTOR_ONLINE_CHECK
                0x08010d78       0x28 ./User/Src/j60_10motor_task.o
                0x08010d78                J60_10_MOTOR_ONLINE_CHECK
 .text.MCU_TO_PC_DATA_ASSIGN
                0x08010da0      0x1c4 ./User/Src/pc_mcu_uart.o
                0x08010da0                MCU_TO_PC_DATA_ASSIGN
 .text.crc16_ccitt
                0x08010f64       0x80 ./User/Src/pc_mcu_uart.o
                0x08010f64                crc16_ccitt
 .text.UART_Error_Recovery
                0x08010fe4       0x68 ./User/Src/pc_mcu_uart.o
                0x08010fe4                UART_Error_Recovery
 .text.Check_Receive_Timeout
                0x0801104c       0x38 ./User/Src/pc_mcu_uart.o
                0x0801104c                Check_Receive_Timeout
 .text.PC_MCU_UART_Process_Received_Data
                0x08011084       0xc0 ./User/Src/pc_mcu_uart.o
                0x08011084                PC_MCU_UART_Process_Received_Data
 .text.PC_MCU_UART_TASK
                0x08011144       0x90 ./User/Src/pc_mcu_uart.o
                0x08011144                PC_MCU_UART_TASK
 .text.memset   0x080111d4       0x10 C:/ST/STM32CubeIDE_1.15.1/STM32CubeIDE/plugins/com.st.stm32cube.ide.mcu.externaltools.gnu-tools-for-stm32.13.3.rel1.win32_1.0.0.202411081344/tools/bin/../lib/gcc/arm-none-eabi/13.3.1/../../../../arm-none-eabi/lib/thumb/v7e-m+dp/hard\libc_nano.a(libc_a-memset.o)
                0x080111d4                memset
 .text._reclaim_reent
                0x080111e4       0xbc C:/ST/STM32CubeIDE_1.15.1/STM32CubeIDE/plugins/com.st.stm32cube.ide.mcu.externaltools.gnu-tools-for-stm32.13.3.rel1.win32_1.0.0.202411081344/tools/bin/../lib/gcc/arm-none-eabi/13.3.1/../../../../arm-none-eabi/lib/thumb/v7e-m+dp/hard\libc_nano.a(libc_a-reent.o)
                0x080111e4                _reclaim_reent
 .text.__errno  0x080112a0        0xc C:/ST/STM32CubeIDE_1.15.1/STM32CubeIDE/plugins/com.st.stm32cube.ide.mcu.externaltools.gnu-tools-for-stm32.13.3.rel1.win32_1.0.0.202411081344/tools/bin/../lib/gcc/arm-none-eabi/13.3.1/../../../../arm-none-eabi/lib/thumb/v7e-m+dp/hard\libc_nano.a(libc_a-errno.o)
                0x080112a0                __errno
 .text.__libc_init_array
                0x080112ac       0x48 C:/ST/STM32CubeIDE_1.15.1/STM32CubeIDE/plugins/com.st.stm32cube.ide.mcu.externaltools.gnu-tools-for-stm32.13.3.rel1.win32_1.0.0.202411081344/tools/bin/../lib/gcc/arm-none-eabi/13.3.1/../../../../arm-none-eabi/lib/thumb/v7e-m+dp/hard\libc_nano.a(libc_a-init.o)
                0x080112ac                __libc_init_array
 .text.__retarget_lock_acquire_recursive
                0x080112f4        0x2 C:/ST/STM32CubeIDE_1.15.1/STM32CubeIDE/plugins/com.st.stm32cube.ide.mcu.externaltools.gnu-tools-for-stm32.13.3.rel1.win32_1.0.0.202411081344/tools/bin/../lib/gcc/arm-none-eabi/13.3.1/../../../../arm-none-eabi/lib/thumb/v7e-m+dp/hard\libc_nano.a(libc_a-lock.o)
                0x080112f4                __retarget_lock_acquire_recursive
 .text.__retarget_lock_release_recursive
                0x080112f6        0x2 C:/ST/STM32CubeIDE_1.15.1/STM32CubeIDE/plugins/com.st.stm32cube.ide.mcu.externaltools.gnu-tools-for-stm32.13.3.rel1.win32_1.0.0.202411081344/tools/bin/../lib/gcc/arm-none-eabi/13.3.1/../../../../arm-none-eabi/lib/thumb/v7e-m+dp/hard\libc_nano.a(libc_a-lock.o)
                0x080112f6                __retarget_lock_release_recursive
 .text.memcpy   0x080112f8       0x1c C:/ST/STM32CubeIDE_1.15.1/STM32CubeIDE/plugins/com.st.stm32cube.ide.mcu.externaltools.gnu-tools-for-stm32.13.3.rel1.win32_1.0.0.202411081344/tools/bin/../lib/gcc/arm-none-eabi/13.3.1/../../../../arm-none-eabi/lib/thumb/v7e-m+dp/hard\libc_nano.a(libc_a-memcpy-stub.o)
                0x080112f8                memcpy
 .text._free_r  0x08011314       0x94 C:/ST/STM32CubeIDE_1.15.1/STM32CubeIDE/plugins/com.st.stm32cube.ide.mcu.externaltools.gnu-tools-for-stm32.13.3.rel1.win32_1.0.0.202411081344/tools/bin/../lib/gcc/arm-none-eabi/13.3.1/../../../../arm-none-eabi/lib/thumb/v7e-m+dp/hard\libc_nano.a(libc_a-freer.o)
                0x08011314                _free_r
 .text.__malloc_lock
                0x080113a8        0xc C:/ST/STM32CubeIDE_1.15.1/STM32CubeIDE/plugins/com.st.stm32cube.ide.mcu.externaltools.gnu-tools-for-stm32.13.3.rel1.win32_1.0.0.202411081344/tools/bin/../lib/gcc/arm-none-eabi/13.3.1/../../../../arm-none-eabi/lib/thumb/v7e-m+dp/hard\libc_nano.a(libc_a-mlock.o)
                0x080113a8                __malloc_lock
 .text.__malloc_unlock
                0x080113b4        0xc C:/ST/STM32CubeIDE_1.15.1/STM32CubeIDE/plugins/com.st.stm32cube.ide.mcu.externaltools.gnu-tools-for-stm32.13.3.rel1.win32_1.0.0.202411081344/tools/bin/../lib/gcc/arm-none-eabi/13.3.1/../../../../arm-none-eabi/lib/thumb/v7e-m+dp/hard\libc_nano.a(libc_a-mlock.o)
                0x080113b4                __malloc_unlock
 .text.asinf    0x080113c0       0x58 C:/ST/STM32CubeIDE_1.15.1/STM32CubeIDE/plugins/com.st.stm32cube.ide.mcu.externaltools.gnu-tools-for-stm32.13.3.rel1.win32_1.0.0.202411081344/tools/bin/../lib/gcc/arm-none-eabi/13.3.1/../../../../arm-none-eabi/lib/thumb/v7e-m+dp/hard\libm.a(libm_a-wf_asin.o)
                0x080113c0                asinf
 .text.atan2f   0x08011418        0x4 C:/ST/STM32CubeIDE_1.15.1/STM32CubeIDE/plugins/com.st.stm32cube.ide.mcu.externaltools.gnu-tools-for-stm32.13.3.rel1.win32_1.0.0.202411081344/tools/bin/../lib/gcc/arm-none-eabi/13.3.1/../../../../arm-none-eabi/lib/thumb/v7e-m+dp/hard\libm.a(libm_a-wf_atan2.o)
                0x08011418                atan2f
 .text.fabsf    0x0801141c        0xe C:/ST/STM32CubeIDE_1.15.1/STM32CubeIDE/plugins/com.st.stm32cube.ide.mcu.externaltools.gnu-tools-for-stm32.13.3.rel1.win32_1.0.0.202411081344/tools/bin/../lib/gcc/arm-none-eabi/13.3.1/../../../../arm-none-eabi/lib/thumb/v7e-m+dp/hard\libm.a(libm_a-sf_fabs.o)
                0x0801141c                fabsf
 *fill*         0x0801142a        0x2 
 .text.nanf     0x0801142c        0xc C:/ST/STM32CubeIDE_1.15.1/STM32CubeIDE/plugins/com.st.stm32cube.ide.mcu.externaltools.gnu-tools-for-stm32.13.3.rel1.win32_1.0.0.202411081344/tools/bin/../lib/gcc/arm-none-eabi/13.3.1/../../../../arm-none-eabi/lib/thumb/v7e-m+dp/hard\libm.a(libm_a-sf_nan.o)
                0x0801142c                nanf
 .text.sinf_poly
                0x08011438       0x54 C:/ST/STM32CubeIDE_1.15.1/STM32CubeIDE/plugins/com.st.stm32cube.ide.mcu.externaltools.gnu-tools-for-stm32.13.3.rel1.win32_1.0.0.202411081344/tools/bin/../lib/gcc/arm-none-eabi/13.3.1/../../../../arm-none-eabi/lib/thumb/v7e-m+dp/hard\libm.a(libm_a-sinf.o)
 *fill*         0x0801148c        0x4 
 .text.sinf     0x08011490      0x130 C:/ST/STM32CubeIDE_1.15.1/STM32CubeIDE/plugins/com.st.stm32cube.ide.mcu.externaltools.gnu-tools-for-stm32.13.3.rel1.win32_1.0.0.202411081344/tools/bin/../lib/gcc/arm-none-eabi/13.3.1/../../../../arm-none-eabi/lib/thumb/v7e-m+dp/hard\libm.a(libm_a-sinf.o)
                0x08011490                sinf
 .text.sinf_poly
                0x080115c0       0x54 C:/ST/STM32CubeIDE_1.15.1/STM32CubeIDE/plugins/com.st.stm32cube.ide.mcu.externaltools.gnu-tools-for-stm32.13.3.rel1.win32_1.0.0.202411081344/tools/bin/../lib/gcc/arm-none-eabi/13.3.1/../../../../arm-none-eabi/lib/thumb/v7e-m+dp/hard\libm.a(libm_a-cosf.o)
 *fill*         0x08011614        0x4 
 .text.cosf     0x08011618      0x140 C:/ST/STM32CubeIDE_1.15.1/STM32CubeIDE/plugins/com.st.stm32cube.ide.mcu.externaltools.gnu-tools-for-stm32.13.3.rel1.win32_1.0.0.202411081344/tools/bin/../lib/gcc/arm-none-eabi/13.3.1/../../../../arm-none-eabi/lib/thumb/v7e-m+dp/hard\libm.a(libm_a-cosf.o)
                0x08011618                cosf
 .text.with_errnof
                0x08011758       0x1c C:/ST/STM32CubeIDE_1.15.1/STM32CubeIDE/plugins/com.st.stm32cube.ide.mcu.externaltools.gnu-tools-for-stm32.13.3.rel1.win32_1.0.0.202411081344/tools/bin/../lib/gcc/arm-none-eabi/13.3.1/../../../../arm-none-eabi/lib/thumb/v7e-m+dp/hard\libm.a(libm_a-math_errf.o)
 .text.__math_invalidf
                0x08011774       0x1e C:/ST/STM32CubeIDE_1.15.1/STM32CubeIDE/plugins/com.st.stm32cube.ide.mcu.externaltools.gnu-tools-for-stm32.13.3.rel1.win32_1.0.0.202411081344/tools/bin/../lib/gcc/arm-none-eabi/13.3.1/../../../../arm-none-eabi/lib/thumb/v7e-m+dp/hard\libm.a(libm_a-math_errf.o)
                0x08011774                __math_invalidf
 *fill*         0x08011792        0x2 
 .text.__ieee754_asinf
                0x08011794      0x1c8 C:/ST/STM32CubeIDE_1.15.1/STM32CubeIDE/plugins/com.st.stm32cube.ide.mcu.externaltools.gnu-tools-for-stm32.13.3.rel1.win32_1.0.0.202411081344/tools/bin/../lib/gcc/arm-none-eabi/13.3.1/../../../../arm-none-eabi/lib/thumb/v7e-m+dp/hard\libm.a(libm_a-ef_asin.o)
                0x08011794                __ieee754_asinf
 .text.__ieee754_atan2f
                0x0801195c      0x13c C:/ST/STM32CubeIDE_1.15.1/STM32CubeIDE/plugins/com.st.stm32cube.ide.mcu.externaltools.gnu-tools-for-stm32.13.3.rel1.win32_1.0.0.202411081344/tools/bin/../lib/gcc/arm-none-eabi/13.3.1/../../../../arm-none-eabi/lib/thumb/v7e-m+dp/hard\libm.a(libm_a-ef_atan2.o)
                0x0801195c                __ieee754_atan2f
 .text.atanf    0x08011a98      0x1a8 C:/ST/STM32CubeIDE_1.15.1/STM32CubeIDE/plugins/com.st.stm32cube.ide.mcu.externaltools.gnu-tools-for-stm32.13.3.rel1.win32_1.0.0.202411081344/tools/bin/../lib/gcc/arm-none-eabi/13.3.1/../../../../arm-none-eabi/lib/thumb/v7e-m+dp/hard\libm.a(libm_a-sf_atan.o)
                0x08011a98                atanf
 .text.__ieee754_sqrtf
                0x08011c40        0x6 C:/ST/STM32CubeIDE_1.15.1/STM32CubeIDE/plugins/com.st.stm32cube.ide.mcu.externaltools.gnu-tools-for-stm32.13.3.rel1.win32_1.0.0.202411081344/tools/bin/../lib/gcc/arm-none-eabi/13.3.1/../../../../arm-none-eabi/lib/thumb/v7e-m+dp/hard\libm.a(libm_a-ef_sqrt.o)
                0x08011c40                __ieee754_sqrtf
 *(.glue_7)
 .glue_7        0x08011c46        0x0 linker stubs
 *(.glue_7t)
 .glue_7t       0x08011c46        0x0 linker stubs
 *(.eh_frame)
 *fill*         0x08011c46        0x2 
 .eh_frame      0x08011c48        0x0 C:/ST/STM32CubeIDE_1.15.1/STM32CubeIDE/plugins/com.st.stm32cube.ide.mcu.externaltools.gnu-tools-for-stm32.13.3.rel1.win32_1.0.0.202411081344/tools/bin/../lib/gcc/arm-none-eabi/13.3.1/thumb/v7e-m+dp/hard/crtbegin.o
 *(.init)
 .init          0x08011c48        0x4 C:/ST/STM32CubeIDE_1.15.1/STM32CubeIDE/plugins/com.st.stm32cube.ide.mcu.externaltools.gnu-tools-for-stm32.13.3.rel1.win32_1.0.0.202411081344/tools/bin/../lib/gcc/arm-none-eabi/13.3.1/thumb/v7e-m+dp/hard/crti.o
                0x08011c48                _init
 .init          0x08011c4c        0x8 C:/ST/STM32CubeIDE_1.15.1/STM32CubeIDE/plugins/com.st.stm32cube.ide.mcu.externaltools.gnu-tools-for-stm32.13.3.rel1.win32_1.0.0.202411081344/tools/bin/../lib/gcc/arm-none-eabi/13.3.1/thumb/v7e-m+dp/hard/crtn.o
 *(.fini)
 .fini          0x08011c54        0x4 C:/ST/STM32CubeIDE_1.15.1/STM32CubeIDE/plugins/com.st.stm32cube.ide.mcu.externaltools.gnu-tools-for-stm32.13.3.rel1.win32_1.0.0.202411081344/tools/bin/../lib/gcc/arm-none-eabi/13.3.1/thumb/v7e-m+dp/hard/crti.o
                0x08011c54                _fini
 .fini          0x08011c58        0x8 C:/ST/STM32CubeIDE_1.15.1/STM32CubeIDE/plugins/com.st.stm32cube.ide.mcu.externaltools.gnu-tools-for-stm32.13.3.rel1.win32_1.0.0.202411081344/tools/bin/../lib/gcc/arm-none-eabi/13.3.1/thumb/v7e-m+dp/hard/crtn.o
                0x08011c60                        . = ALIGN (0x4)
                0x08011c60                        _etext = .

.vfp11_veneer   0x08011c60        0x0
 .vfp11_veneer  0x08011c60        0x0 linker stubs

.v4_bx          0x08011c60        0x0
 .v4_bx         0x08011c60        0x0 linker stubs

.iplt           0x08011c60        0x0
 .iplt          0x08011c60        0x0 C:/ST/STM32CubeIDE_1.15.1/STM32CubeIDE/plugins/com.st.stm32cube.ide.mcu.externaltools.gnu-tools-for-stm32.13.3.rel1.win32_1.0.0.202411081344/tools/bin/../lib/gcc/arm-none-eabi/13.3.1/thumb/v7e-m+dp/hard/crtbegin.o

.rodata         0x08011c60      0x340
                0x08011c60                        . = ALIGN (0x4)
 *(.rodata)
 .rodata        0x08011c60       0x38 ./BSP/Src/buzzer.o
 .rodata        0x08011c98       0xc4 ./Core/Src/freertos.o
 .rodata        0x08011d5c       0x4c ./Drivers/STM32H7xx_HAL_Driver/Src/stm32h7xx_hal_fdcan.o
 .rodata        0x08011da8        0x5 ./Middlewares/Third_Party/FreeRTOS/Source/tasks.o
 *fill*         0x08011dad        0x3 
 .rodata        0x08011db0        0xd ./Middlewares/Third_Party/FreeRTOS/Source/timers.o
 *fill*         0x08011dbd        0x3 
 .rodata        0x08011dc0       0x18 ./User/Src/buzzer_task.o
 *(.rodata*)
 .rodata.D1CorePrescTable
                0x08011dd8       0x10 ./Core/Src/system_stm32h7xx.o
                0x08011dd8                D1CorePrescTable
 .rodata.DLCtoBytes
                0x08011de8       0x10 ./Drivers/STM32H7xx_HAL_Driver/Src/stm32h7xx_hal_fdcan.o
 .rodata.UARTPrescTable
                0x08011df8       0x18 ./Drivers/STM32H7xx_HAL_Driver/Src/stm32h7xx_hal_uart.o
                0x08011df8                UARTPrescTable
 .rodata.numerator.1
                0x08011e10        0x8 ./Drivers/STM32H7xx_HAL_Driver/Src/stm32h7xx_hal_uart_ex.o
 .rodata.denominator.0
                0x08011e18        0x8 ./Drivers/STM32H7xx_HAL_Driver/Src/stm32h7xx_hal_uart_ex.o
 .rodata.asinf.str1.1
                0x08011e20        0x1 C:/ST/STM32CubeIDE_1.15.1/STM32CubeIDE/plugins/com.st.stm32cube.ide.mcu.externaltools.gnu-tools-for-stm32.13.3.rel1.win32_1.0.0.202411081344/tools/bin/../lib/gcc/arm-none-eabi/13.3.1/../../../../arm-none-eabi/lib/thumb/v7e-m+dp/hard\libm.a(libm_a-wf_asin.o)
 *fill*         0x08011e21        0x3 
 .rodata.__inv_pio4
                0x08011e24       0x60 C:/ST/STM32CubeIDE_1.15.1/STM32CubeIDE/plugins/com.st.stm32cube.ide.mcu.externaltools.gnu-tools-for-stm32.13.3.rel1.win32_1.0.0.202411081344/tools/bin/../lib/gcc/arm-none-eabi/13.3.1/../../../../arm-none-eabi/lib/thumb/v7e-m+dp/hard\libm.a(libm_a-sincosf_data.o)
                0x08011e24                __inv_pio4
 *fill*         0x08011e84        0x4 
 .rodata.__sincosf_table
                0x08011e88       0xe0 C:/ST/STM32CubeIDE_1.15.1/STM32CubeIDE/plugins/com.st.stm32cube.ide.mcu.externaltools.gnu-tools-for-stm32.13.3.rel1.win32_1.0.0.202411081344/tools/bin/../lib/gcc/arm-none-eabi/13.3.1/../../../../arm-none-eabi/lib/thumb/v7e-m+dp/hard\libm.a(libm_a-sincosf_data.o)
                0x08011e88                __sincosf_table
 .rodata.CSWTCH.9
                0x08011f68        0xc C:/ST/STM32CubeIDE_1.15.1/STM32CubeIDE/plugins/com.st.stm32cube.ide.mcu.externaltools.gnu-tools-for-stm32.13.3.rel1.win32_1.0.0.202411081344/tools/bin/../lib/gcc/arm-none-eabi/13.3.1/../../../../arm-none-eabi/lib/thumb/v7e-m+dp/hard\libm.a(libm_a-ef_atan2.o)
 .rodata.CSWTCH.8
                0x08011f74        0xc C:/ST/STM32CubeIDE_1.15.1/STM32CubeIDE/plugins/com.st.stm32cube.ide.mcu.externaltools.gnu-tools-for-stm32.13.3.rel1.win32_1.0.0.202411081344/tools/bin/../lib/gcc/arm-none-eabi/13.3.1/../../../../arm-none-eabi/lib/thumb/v7e-m+dp/hard\libm.a(libm_a-ef_atan2.o)
 .rodata.atanlo
                0x08011f80       0x10 C:/ST/STM32CubeIDE_1.15.1/STM32CubeIDE/plugins/com.st.stm32cube.ide.mcu.externaltools.gnu-tools-for-stm32.13.3.rel1.win32_1.0.0.202411081344/tools/bin/../lib/gcc/arm-none-eabi/13.3.1/../../../../arm-none-eabi/lib/thumb/v7e-m+dp/hard\libm.a(libm_a-sf_atan.o)
 .rodata.atanhi
                0x08011f90       0x10 C:/ST/STM32CubeIDE_1.15.1/STM32CubeIDE/plugins/com.st.stm32cube.ide.mcu.externaltools.gnu-tools-for-stm32.13.3.rel1.win32_1.0.0.202411081344/tools/bin/../lib/gcc/arm-none-eabi/13.3.1/../../../../arm-none-eabi/lib/thumb/v7e-m+dp/hard\libm.a(libm_a-sf_atan.o)
                0x08011fa0                        . = ALIGN (0x4)

.ARM.extab
 *(.ARM.extab* .gnu.linkonce.armextab.*)

.ARM            0x08011fa0        0x8
                0x08011fa0                        __exidx_start = .
 *(.ARM.exidx*)
 .ARM.exidx     0x08011fa0        0x8 C:/ST/STM32CubeIDE_1.15.1/STM32CubeIDE/plugins/com.st.stm32cube.ide.mcu.externaltools.gnu-tools-for-stm32.13.3.rel1.win32_1.0.0.202411081344/tools/bin/../lib/gcc/arm-none-eabi/13.3.1/thumb/v7e-m+dp/hard\libgcc.a(_udivmoddi4.o)
                0x08011fa8                        __exidx_end = .

.preinit_array  0x08011fa8        0x0
                0x08011fa8                        PROVIDE (__preinit_array_start = .)
 *(.preinit_array*)
                0x08011fa8                        PROVIDE (__preinit_array_end = .)

.init_array     0x08011fa8        0x4
                0x08011fa8                        PROVIDE (__init_array_start = .)
 *(SORT_BY_NAME(.init_array.*))
 *(.init_array*)
 .init_array    0x08011fa8        0x4 C:/ST/STM32CubeIDE_1.15.1/STM32CubeIDE/plugins/com.st.stm32cube.ide.mcu.externaltools.gnu-tools-for-stm32.13.3.rel1.win32_1.0.0.202411081344/tools/bin/../lib/gcc/arm-none-eabi/13.3.1/thumb/v7e-m+dp/hard/crtbegin.o
                0x08011fac                        PROVIDE (__init_array_end = .)

.fini_array     0x08011fac        0x4
                [!provide]                        PROVIDE (__fini_array_start = .)
 *(SORT_BY_NAME(.fini_array.*))
 *(.fini_array*)
 .fini_array    0x08011fac        0x4 C:/ST/STM32CubeIDE_1.15.1/STM32CubeIDE/plugins/com.st.stm32cube.ide.mcu.externaltools.gnu-tools-for-stm32.13.3.rel1.win32_1.0.0.202411081344/tools/bin/../lib/gcc/arm-none-eabi/13.3.1/thumb/v7e-m+dp/hard/crtbegin.o
                [!provide]                        PROVIDE (__fini_array_end = .)
                0x08011fb0                        _sidata = LOADADDR (.data)

.rel.dyn        0x08011fb0        0x0
 .rel.iplt      0x08011fb0        0x0 C:/ST/STM32CubeIDE_1.15.1/STM32CubeIDE/plugins/com.st.stm32cube.ide.mcu.externaltools.gnu-tools-for-stm32.13.3.rel1.win32_1.0.0.202411081344/tools/bin/../lib/gcc/arm-none-eabi/13.3.1/thumb/v7e-m+dp/hard/crtbegin.o

.data           0x24000000       0xa0 load address 0x08011fb0
                0x24000000                        . = ALIGN (0x4)
                0x24000000                        _sdata = .
 *(.data)
 *(.data*)
 .data.twoKp    0x24000000        0x4 ./Algo/Src/MahonyAHRS.o
                0x24000000                twoKp
 .data.BMI088_ACCEL_SEN
                0x24000004        0x4 ./BSP/Src/BMI088driver.o
                0x24000004                BMI088_ACCEL_SEN
 .data.BMI088_GYRO_SEN
                0x24000008        0x4 ./BSP/Src/BMI088driver.o
                0x24000008                BMI088_GYRO_SEN
 .data.write_BMI088_accel_reg_data_error
                0x2400000c       0x12 ./BSP/Src/BMI088driver.o
 *fill*         0x2400001e        0x2 
 .data.write_BMI088_gyro_reg_data_error
                0x24000020       0x12 ./BSP/Src/BMI088driver.o
 .data.buzzer_volume
                0x24000032        0x1 ./BSP/Src/buzzer.o
 *fill*         0x24000033        0x1 
 .data.timer_clock_freq
                0x24000034        0x4 ./BSP/Src/buzzer.o
 .data.prescaler
                0x24000038        0x4 ./BSP/Src/buzzer.o
 .data.SystemCoreClock
                0x2400003c        0x4 ./Core/Src/system_stm32h7xx.o
                0x2400003c                SystemCoreClock
 .data.SystemD2Clock
                0x24000040        0x4 ./Core/Src/system_stm32h7xx.o
                0x24000040                SystemD2Clock
 .data.uwTickPrio
                0x24000044        0x4 ./Drivers/STM32H7xx_HAL_Driver/Src/stm32h7xx_hal.o
                0x24000044                uwTickPrio
 .data.uwTickFreq
                0x24000048        0x1 ./Drivers/STM32H7xx_HAL_Driver/Src/stm32h7xx_hal.o
                0x24000048                uwTickFreq
 *fill*         0x24000049        0x3 
 .data.uxCriticalNesting
                0x2400004c        0x4 ./Middlewares/Third_Party/FreeRTOS/Source/portable/GCC/ARM_CM4F/port.o
 .data._impure_ptr
                0x24000050        0x4 C:/ST/STM32CubeIDE_1.15.1/STM32CubeIDE/plugins/com.st.stm32cube.ide.mcu.externaltools.gnu-tools-for-stm32.13.3.rel1.win32_1.0.0.202411081344/tools/bin/../lib/gcc/arm-none-eabi/13.3.1/../../../../arm-none-eabi/lib/thumb/v7e-m+dp/hard\libc_nano.a(libc_a-impure.o)
                0x24000050                _impure_ptr
 .data._impure_data
                0x24000054       0x4c C:/ST/STM32CubeIDE_1.15.1/STM32CubeIDE/plugins/com.st.stm32cube.ide.mcu.externaltools.gnu-tools-for-stm32.13.3.rel1.win32_1.0.0.202411081344/tools/bin/../lib/gcc/arm-none-eabi/13.3.1/../../../../arm-none-eabi/lib/thumb/v7e-m+dp/hard\libc_nano.a(libc_a-impure.o)
                0x24000054                _impure_data
 *(.RamFunc)
 *(.RamFunc*)
                0x240000a0                        . = ALIGN (0x4)
                0x240000a0                        _edata = .

.igot.plt       0x240000a0        0x0 load address 0x08012050
 .igot.plt      0x240000a0        0x0 C:/ST/STM32CubeIDE_1.15.1/STM32CubeIDE/plugins/com.st.stm32cube.ide.mcu.externaltools.gnu-tools-for-stm32.13.3.rel1.win32_1.0.0.202411081344/tools/bin/../lib/gcc/arm-none-eabi/13.3.1/thumb/v7e-m+dp/hard/crtbegin.o
                0x240000a0                        . = ALIGN (0x4)

.bss            0x240000a0     0x5b2c load address 0x08012050
                0x240000a0                        _sbss = .
                0x240000a0                        __bss_start__ = _sbss
 *(.bss)
 .bss           0x240000a0       0x1c C:/ST/STM32CubeIDE_1.15.1/STM32CubeIDE/plugins/com.st.stm32cube.ide.mcu.externaltools.gnu-tools-for-stm32.13.3.rel1.win32_1.0.0.202411081344/tools/bin/../lib/gcc/arm-none-eabi/13.3.1/thumb/v7e-m+dp/hard/crtbegin.o
 *(.bss*)
 .bss.twoKi     0x240000bc        0x4 ./Algo/Src/MahonyAHRS.o
                0x240000bc                twoKi
 .bss.integralFBx
                0x240000c0        0x4 ./Algo/Src/MahonyAHRS.o
                0x240000c0                integralFBx
 .bss.integralFBy
                0x240000c4        0x4 ./Algo/Src/MahonyAHRS.o
                0x240000c4                integralFBy
 .bss.integralFBz
                0x240000c8        0x4 ./Algo/Src/MahonyAHRS.o
                0x240000c8                integralFBz
 .bss.rx_data1  0x240000cc        0x8 ./BSP/Src/bsp_fdcan.o
                0x240000cc                rx_data1
 .bss.rec_id1   0x240000d4        0x2 ./BSP/Src/bsp_fdcan.o
                0x240000d4                rec_id1
 *fill*         0x240000d6        0x2 
 .bss.rx_data2  0x240000d8        0x8 ./BSP/Src/bsp_fdcan.o
                0x240000d8                rx_data2
 .bss.rec_id2   0x240000e0        0x2 ./BSP/Src/bsp_fdcan.o
                0x240000e0                rec_id2
 *fill*         0x240000e2        0x2 
 .bss.rx_data3  0x240000e4        0x8 ./BSP/Src/bsp_fdcan.o
                0x240000e4                rx_data3
 .bss.rec_id3   0x240000ec        0x2 ./BSP/Src/bsp_fdcan.o
                0x240000ec                rec_id3
 .bss.buzzer_state
                0x240000ee        0x1 ./BSP/Src/buzzer.o
 *fill*         0x240000ef        0x1 
 .bss.uart5_rx_buff
                0x240000f0       0x12 ./BSP/Src/uart_bsp.o
                0x240000f0                uart5_rx_buff
 *fill*         0x24000102        0x2 
 .bss.hfdcan1   0x24000104       0xa0 ./Core/Src/fdcan.o
                0x24000104                hfdcan1
 .bss.hfdcan2   0x240001a4       0xa0 ./Core/Src/fdcan.o
                0x240001a4                hfdcan2
 .bss.hfdcan3   0x24000244       0xa0 ./Core/Src/fdcan.o
                0x24000244                hfdcan3
 .bss.HAL_RCC_FDCAN_CLK_ENABLED
                0x240002e4        0x4 ./Core/Src/fdcan.o
 .bss.defaultTaskHandle
                0x240002e8        0x4 ./Core/Src/freertos.o
                0x240002e8                defaultTaskHandle
 .bss.PC_MCU_TASKHandle
                0x240002ec        0x4 ./Core/Src/freertos.o
                0x240002ec                PC_MCU_TASKHandle
 .bss.PC_MCU_TASKBuffer
                0x240002f0      0x200 ./Core/Src/freertos.o
                0x240002f0                PC_MCU_TASKBuffer
 .bss.PC_MCU_TASKControlBlock
                0x240004f0       0xa8 ./Core/Src/freertos.o
                0x240004f0                PC_MCU_TASKControlBlock
 .bss.imuTaskHandle
                0x24000598        0x4 ./Core/Src/freertos.o
                0x24000598                imuTaskHandle
 .bss.imuTaskBuffer
                0x2400059c      0x200 ./Core/Src/freertos.o
                0x2400059c                imuTaskBuffer
 .bss.imuTaskControlBlock
                0x2400079c       0xa8 ./Core/Src/freertos.o
                0x2400079c                imuTaskControlBlock
 .bss.buzzerTaskHandle
                0x24000844        0x4 ./Core/Src/freertos.o
                0x24000844                buzzerTaskHandle
 .bss.buzzerTaskBuffer
                0x24000848      0x200 ./Core/Src/freertos.o
                0x24000848                buzzerTaskBuffer
 .bss.buzzerTaskControlBlock
                0x24000a48       0xa8 ./Core/Src/freertos.o
                0x24000a48                buzzerTaskControlBlock
 .bss.J60_10TaskHandle
                0x24000af0        0x4 ./Core/Src/freertos.o
                0x24000af0                J60_10TaskHandle
 .bss.J60_10TaskBuffer
                0x24000af4      0x200 ./Core/Src/freertos.o
                0x24000af4                J60_10TaskBuffer
 .bss.J60_10TaskControlBlock
                0x24000cf4       0xa8 ./Core/Src/freertos.o
                0x24000cf4                J60_10TaskControlBlock
 .bss.xIdleTaskTCBBuffer
                0x24000d9c       0xa8 ./Core/Src/freertos.o
 .bss.xIdleStack
                0x24000e44      0x200 ./Core/Src/freertos.o
 .bss.xTimerTaskTCBBuffer
                0x24001044       0xa8 ./Core/Src/freertos.o
 .bss.xTimerStack
                0x240010ec      0x400 ./Core/Src/freertos.o
 .bss.hspi2     0x240014ec       0x88 ./Core/Src/spi.o
                0x240014ec                hspi2
 .bss.htim23    0x24001574       0x4c ./Core/Src/stm32h7xx_hal_timebase_tim.o
                0x24001574                htim23
 .bss.htim12    0x240015c0       0x4c ./Core/Src/tim.o
                0x240015c0                htim12
 .bss.huart5    0x2400160c       0x94 ./Core/Src/usart.o
                0x2400160c                huart5
 .bss.huart10   0x240016a0       0x94 ./Core/Src/usart.o
                0x240016a0                huart10
 .bss.uwTick    0x24001734        0x4 ./Drivers/STM32H7xx_HAL_Driver/Src/stm32h7xx_hal.o
                0x24001734                uwTick
 .bss.xQueueRegistry
                0x24001738       0x40 ./Middlewares/Third_Party/FreeRTOS/Source/queue.o
                0x24001738                xQueueRegistry
 .bss.pxCurrentTCB
                0x24001778        0x4 ./Middlewares/Third_Party/FreeRTOS/Source/tasks.o
                0x24001778                pxCurrentTCB
 .bss.pxReadyTasksLists
                0x2400177c       0x8c ./Middlewares/Third_Party/FreeRTOS/Source/tasks.o
 .bss.xDelayedTaskList1
                0x24001808       0x14 ./Middlewares/Third_Party/FreeRTOS/Source/tasks.o
 .bss.xDelayedTaskList2
                0x2400181c       0x14 ./Middlewares/Third_Party/FreeRTOS/Source/tasks.o
 .bss.pxDelayedTaskList
                0x24001830        0x4 ./Middlewares/Third_Party/FreeRTOS/Source/tasks.o
 .bss.pxOverflowDelayedTaskList
                0x24001834        0x4 ./Middlewares/Third_Party/FreeRTOS/Source/tasks.o
 .bss.xPendingReadyList
                0x24001838       0x14 ./Middlewares/Third_Party/FreeRTOS/Source/tasks.o
 .bss.xTasksWaitingTermination
                0x2400184c       0x14 ./Middlewares/Third_Party/FreeRTOS/Source/tasks.o
 .bss.uxDeletedTasksWaitingCleanUp
                0x24001860        0x4 ./Middlewares/Third_Party/FreeRTOS/Source/tasks.o
 .bss.xSuspendedTaskList
                0x24001864       0x14 ./Middlewares/Third_Party/FreeRTOS/Source/tasks.o
 .bss.uxCurrentNumberOfTasks
                0x24001878        0x4 ./Middlewares/Third_Party/FreeRTOS/Source/tasks.o
 .bss.xTickCount
                0x2400187c        0x4 ./Middlewares/Third_Party/FreeRTOS/Source/tasks.o
 .bss.uxTopReadyPriority
                0x24001880        0x4 ./Middlewares/Third_Party/FreeRTOS/Source/tasks.o
 .bss.xSchedulerRunning
                0x24001884        0x4 ./Middlewares/Third_Party/FreeRTOS/Source/tasks.o
 .bss.xPendedTicks
                0x24001888        0x4 ./Middlewares/Third_Party/FreeRTOS/Source/tasks.o
 .bss.xYieldPending
                0x2400188c        0x4 ./Middlewares/Third_Party/FreeRTOS/Source/tasks.o
 .bss.xNumOfOverflows
                0x24001890        0x4 ./Middlewares/Third_Party/FreeRTOS/Source/tasks.o
 .bss.uxTaskNumber
                0x24001894        0x4 ./Middlewares/Third_Party/FreeRTOS/Source/tasks.o
 .bss.xNextTaskUnblockTime
                0x24001898        0x4 ./Middlewares/Third_Party/FreeRTOS/Source/tasks.o
 .bss.xIdleTaskHandle
                0x2400189c        0x4 ./Middlewares/Third_Party/FreeRTOS/Source/tasks.o
 .bss.uxSchedulerSuspended
                0x240018a0        0x4 ./Middlewares/Third_Party/FreeRTOS/Source/tasks.o
 .bss.xActiveTimerList1