../Core/BSP/Src/bsp_lk_motor.c:12:6:process_lk_motor	16	static
../Core/BSP/Src/bsp_lk_motor.c:62:6:lk_write_pid	40	static
../Core/BSP/Src/bsp_lk_motor.c:105:6:lk_read_pid	24	static
../Core/BSP/Src/bsp_lk_motor.c:118:6:lk_read_status1	16	static
../Core/BSP/Src/bsp_lk_motor.c:122:6:lk_read_status2	24	static
../Core/BSP/Src/bsp_lk_motor.c:136:6:lk_read_encoder	24	static
../Core/BSP/Src/bsp_lk_motor.c:151:6:lk_motor_kill	24	static
../Core/BSP/Src/bsp_lk_motor.c:165:6:lk_read_motor_mang	24	static
../Core/BSP/Src/bsp_lk_motor.c:178:6:lk_read_motor_sang	24	static
../Core/BSP/Src/bsp_lk_motor.c:192:6:lk_motor_stop	16	static
../Core/BSP/Src/bsp_lk_motor.c:196:6:lk_motor_singleturn_ang	24	static
../Core/BSP/Src/bsp_lk_motor.c:210:6:lk_motor_multturn_ang	40	static
../Core/BSP/Src/bsp_lk_motor.c:233:6:lk_process_pid	16	static
../Core/BSP/Src/bsp_lk_motor.c:243:6:lk_process_encoder	16	static
../Core/BSP/Src/bsp_lk_motor.c:251:6:lk_process_status1	16	static
../Core/BSP/Src/bsp_lk_motor.c:256:6:lk_process_status2	16	static
../Core/BSP/Src/bsp_lk_motor.c:268:6:lk_process_status3	16	static
../Core/BSP/Src/bsp_lk_motor.c:274:6:lk_calc_ang	16	static
../Core/BSP/Src/bsp_lk_motor.c:278:6:lk_process_angle_control	24	static
../Core/BSP/Src/bsp_lk_motor.c:291:6:lk_process_motor_mangle	128	static
../Core/BSP/Src/bsp_lk_motor.c:299:6:lk_update_encoder	4	static
