../User/Src/pc_mcu_uart.c:32:6:MCU_TO_PC_DATA_ASSIGN	8	static
../User/Src/pc_mcu_uart.c:63:10:crc16_ccitt	24	static
../User/Src/pc_mcu_uart.c:78:6:UART_Error_Recovery	16	static
../User/Src/pc_mcu_uart.c:104:6:Check_Receive_Timeout	16	static
../User/Src/pc_mcu_uart.c:117:6:PC_MCU_UART_Process_Received_Data	24	static
../User/Src/pc_mcu_uart.c:156:6:PC_MCU_UART_TASK	16	static
../User/Src/pc_mcu_uart.c:193:9:PC_MCU_UART_Is_Connected	16	static
../User/Src/pc_mcu_uart.c:213:10:PC_MCU_UART_Get_Time_Since_Last_Receive	16	static
../User/Src/pc_mcu_uart.c:227:23:PC_MCU_UART_Get_Error_Stats	4	static
