../User/Src/pc_mcu_uart.c:33:6:MCU_TO_PC_DATA_ASSIGN	8	static
../User/Src/pc_mcu_uart.c:64:10:crc16_ccitt	24	static
../User/Src/pc_mcu_uart.c:79:6:UART_Error_Recovery	16	static
../User/Src/pc_mcu_uart.c:105:6:Check_Receive_Timeout	16	static
../User/Src/pc_mcu_uart.c:118:6:PC_MCU_UART_Process_Received_Data	24	static
../User/Src/pc_mcu_uart.c:157:6:PC_MCU_UART_TASK	16	static
../User/Src/pc_mcu_uart.c:194:9:PC_MCU_UART_Is_Connected	16	static
../User/Src/pc_mcu_uart.c:214:10:PC_MCU_UART_Get_Time_Since_Last_Receive	16	static
../User/Src/pc_mcu_uart.c:228:23:PC_MCU_UART_Get_Error_Stats	4	static
