../Core/Tasks/Src/imu_processing_task.c:42:6:imu_proc_task_notif	16	static,ignoring_inline_asm
../Core/Tasks/Src/imu_processing_task.c:51:6:gyro_data_ready	32	static
../Core/Tasks/Src/imu_processing_task.c:95:6:accel_data_ready	32	static
../Core/Tasks/Src/imu_processing_task.c:136:6:mag_data_ready	24	static
../Core/Tasks/Src/imu_processing_task.c:149:6:imu_processing_task	16	static
../Core/Tasks/Src/imu_processing_task.c:163:6:init_quaternion	16	static
../Core/Tasks/Src/imu_processing_task.c:298:6:quat_startup	128	static
../Core/Tasks/Src/imu_processing_task.c:392:6:imu_ahrs_update	128	static
../Core/Tasks/Src/imu_processing_task.c:487:6:imu_attitude_update	8	static
